Component: Arm Compiler for Embedded 6.21 Tool: armlink [5ec1fa00]

==============================================================================

Section Cross References

    startup_stm32f446xx.o(STACK) refers (Special) to heapauxi.o(.text) for __use_two_region_memory
    startup_stm32f446xx.o(HEAP) refers (Special) to heapauxi.o(.text) for __use_two_region_memory
    startup_stm32f446xx.o(RESET) refers (Special) to heapauxi.o(.text) for __use_two_region_memory
    startup_stm32f446xx.o(RESET) refers to startup_stm32f446xx.o(STACK) for __initial_sp
    startup_stm32f446xx.o(RESET) refers to startup_stm32f446xx.o(.text) for Reset_Handler
    startup_stm32f446xx.o(RESET) refers to stm32f4xx_it.o(.text.NMI_Handler) for NMI_Handler
    startup_stm32f446xx.o(RESET) refers to stm32f4xx_it.o(.text.HardFault_Handler) for HardFault_Handler
    startup_stm32f446xx.o(RESET) refers to stm32f4xx_it.o(.text.MemManage_Handler) for MemManage_Handler
    startup_stm32f446xx.o(RESET) refers to stm32f4xx_it.o(.text.BusFault_Handler) for BusFault_Handler
    startup_stm32f446xx.o(RESET) refers to stm32f4xx_it.o(.text.UsageFault_Handler) for UsageFault_Handler
    startup_stm32f446xx.o(RESET) refers to stm32f4xx_it.o(.text.SVC_Handler) for SVC_Handler
    startup_stm32f446xx.o(RESET) refers to stm32f4xx_it.o(.text.DebugMon_Handler) for DebugMon_Handler
    startup_stm32f446xx.o(RESET) refers to stm32f4xx_it.o(.text.PendSV_Handler) for PendSV_Handler
    startup_stm32f446xx.o(RESET) refers to stm32f4xx_it.o(.text.SysTick_Handler) for SysTick_Handler
    startup_stm32f446xx.o(RESET) refers to stm32f4xx_it.o(.text.DMA1_Stream1_IRQHandler) for DMA1_Stream1_IRQHandler
    startup_stm32f446xx.o(RESET) refers to stm32f4xx_it.o(.text.CAN1_TX_IRQHandler) for CAN1_TX_IRQHandler
    startup_stm32f446xx.o(RESET) refers to stm32f4xx_it.o(.text.CAN1_RX0_IRQHandler) for CAN1_RX0_IRQHandler
    startup_stm32f446xx.o(RESET) refers to remote_control.o(.text.USART3_IRQHandler) for USART3_IRQHandler
    startup_stm32f446xx.o(RESET) refers to stm32f4xx_it.o(.text.CAN2_TX_IRQHandler) for CAN2_TX_IRQHandler
    startup_stm32f446xx.o(RESET) refers to stm32f4xx_it.o(.text.CAN2_RX0_IRQHandler) for CAN2_RX0_IRQHandler
    startup_stm32f446xx.o(RESET) refers to stm32f4xx_it.o(.text.OTG_FS_IRQHandler) for OTG_FS_IRQHandler
    startup_stm32f446xx.o(.text) refers (Special) to heapauxi.o(.text) for __use_two_region_memory
    startup_stm32f446xx.o(.text) refers to system_stm32f4xx.o(.text.SystemInit) for SystemInit
    startup_stm32f446xx.o(.text) refers to __main.o(!!!main) for __main
    startup_stm32f446xx.o(.text) refers to startup_stm32f446xx.o(HEAP) for Heap_Mem
    startup_stm32f446xx.o(.text) refers to startup_stm32f446xx.o(STACK) for Stack_Mem
    main.o(.text.taskInit) refers to dwt.o(.text.DWT_init) for DWT_init
    main.o(.text.taskInit) refers to dwt.o(.text.DWTRefreshTimeMs) for DWTRefreshTimeMs
    main.o(.text.taskInit) refers to remote_control.o(.text.remote_control_init) for remote_control_init
    main.o(.text.taskInit) refers to motorusr.o(.bss.D2006_motor1) for D2006_motor1
    main.o(.text.taskInit) refers to motorusr.o(.text.motorInit) for motorInit
    main.o(.text.taskInit) refers to motorusr.o(.bss.D2006_motor2) for D2006_motor2
    main.o(.text.taskInit) refers to motorusr.o(.bss.D3508_motor1) for D3508_motor1
    main.o(.text.taskInit) refers to motorusr.o(.bss.D3508_motor2) for D3508_motor2
    main.o(.text.taskInit) refers to motorusr.o(.bss.D6020_motor1) for D6020_motor1
    main.o(.text.taskInit) refers to pid.o(.text.pid_init) for pid_init
    main.o(.text.taskInit) refers to bsp_can.o(.text.can_filter_init) for can_filter_init
    main.o(.text.taskInit) refers to dart.o(.text.shootTaskInit) for shootTaskInit
    main.o(.text.taskInit) refers to dart.o(.text.pushYawInit) for pushYawInit
    main.o(.text.taskInit) refers to dart.o(.text.dartSysStateCheck) for dartSysStateCheck
    main.o(.text.taskInit) refers to dart.o(.text.checkControlMode) for checkControlMode
    main.o(.text.taskInit) refers to minipc_protocol.o(.bss.minipc) for minipc
    main.o(.text.taskInit) refers to minipc_protocol.o(.text.minipc_upgrade) for minipc_upgrade
    main.o(.text.taskInit) refers to dart.o(.text.yawPlaceRefresh) for yawPlaceRefresh
    main.o(.text.taskInit) refers to dart.o(.text.pushPlaceRefreshSpeedy) for pushPlaceRefreshSpeedy
    main.o(.text.taskInit) refers to dart.o(.text.calAndSendMotor) for calAndSendMotor
    main.o(.text.taskInit) refers to stm32f4xx_hal.o(.text.HAL_Delay) for HAL_Delay
    main.o(.ARM.exidx.text.taskInit) refers to main.o(.text.taskInit) for [Anonymous Symbol]
    main.o(.text.main) refers to stm32f4xx_hal.o(.text.HAL_Init) for HAL_Init
    main.o(.text.main) refers to main.o(.text.SystemClock_Config) for SystemClock_Config
    main.o(.text.main) refers to gpio.o(.text.MX_GPIO_Init) for MX_GPIO_Init
    main.o(.text.main) refers to dma.o(.text.MX_DMA_Init) for MX_DMA_Init
[...]
    __user_libspace                          0x08000561   Thumb Code     8  libspace.o(.text)
    __user_perproc_libspace                  0x08000561   Thumb Code     0  libspace.o(.text)
    __user_perthread_libspace                0x08000561   Thumb Code     0  libspace.o(.text)
    _sys_exit                                0x08000569   Thumb Code     8  sys_exit.o(.text)
    __I$use$semihosting                      0x08000575   Thumb Code     0  use_no_semi.o(.text)
    __use_no_semihosting_swi                 0x08000575   Thumb Code     2  use_no_semi.o(.text)
    __semihosting_library_function           0x08000577   Thumb Code     0  indicate_semi.o(.text)
    Append_CRC16_Check_Sum                   0x08000579   Thumb Code    88  crc8_crc16.o(.text.Append_CRC16_Check_Sum)
    BusFault_Handler                         0x080005d1   Thumb Code     4  stm32f4xx_it.o(.text.BusFault_Handler)
    CAN1_RX0_IRQHandler                      0x080005d5   Thumb Code    16  stm32f4xx_it.o(.text.CAN1_RX0_IRQHandler)
    CAN1_TX_IRQHandler                       0x080005e5   Thumb Code    16  stm32f4xx_it.o(.text.CAN1_TX_IRQHandler)
    CAN2_RX0_IRQHandler                      0x080005f5   Thumb Code    16  stm32f4xx_it.o(.text.CAN2_RX0_IRQHandler)
    CAN2_TX_IRQHandler                       0x08000605   Thumb Code    16  stm32f4xx_it.o(.text.CAN2_TX_IRQHandler)
    DMA1_Stream1_IRQHandler                  0x080006f5   Thumb Code    16  stm32f4xx_it.o(.text.DMA1_Stream1_IRQHandler)
    DWTGetDeltaTMS                           0x0800084d   Thumb Code    50  dwt.o(.text.DWTGetDeltaTMS)
    DWTGetTimeMs                             0x08000881   Thumb Code    14  dwt.o(.text.DWTGetTimeMs)
    DWTRefreshTimeMs                         0x08000891   Thumb Code   180  dwt.o(.text.DWTRefreshTimeMs)
    DWT_TS_GET                               0x0800094d   Thumb Code    12  dwt.o(.text.DWT_TS_GET)
    DWT_init                                 0x08000959   Thumb Code    46  dwt.o(.text.DWT_init)
    DebugMon_Handler                         0x08000989   Thumb Code     2  stm32f4xx_it.o(.text.DebugMon_Handler)
    Error_Handler                            0x0800098d   Thumb Code     6  main.o(.text.Error_Handler)
    Get_CRC16_Check_Sum                      0x08000995   Thumb Code   102  crc8_crc16.o(.text.Get_CRC16_Check_Sum)
    HAL_CAN_ActivateNotification             0x08000a59   Thumb Code    82  stm32f4xx_hal_can.o(.text.HAL_CAN_ActivateNotification)
    HAL_CAN_AddTxMessage                     0x08000aad   Thumb Code   342  stm32f4xx_hal_can.o(.text.HAL_CAN_AddTxMessage)
    HAL_CAN_ConfigFilter                     0x08000c05   Thumb Code   420  stm32f4xx_hal_can.o(.text.HAL_CAN_ConfigFilter)
    HAL_CAN_ErrorCallback                    0x08000da9   Thumb Code     8  stm32f4xx_hal_can.o(.text.HAL_CAN_ErrorCallback)
    HAL_CAN_GetRxMessage                     0x08000db1   Thumb Code   530  stm32f4xx_hal_can.o(.text.HAL_CAN_GetRxMessage)
    HAL_CAN_IRQHandler                       0x08000fc5   Thumb Code  1010  stm32f4xx_hal_can.o(.text.HAL_CAN_IRQHandler)
    HAL_CAN_Init                             0x080013b9   Thumb Code   478  stm32f4xx_hal_can.o(.text.HAL_CAN_Init)
    HAL_CAN_MspInit                          0x08001599   Thumb Code   430  can.o(.text.HAL_CAN_MspInit)
    HAL_CAN_RxFifo0FullCallback              0x08001749   Thumb Code     8  stm32f4xx_hal_can.o(.text.HAL_CAN_RxFifo0FullCallback)
    HAL_CAN_RxFifo0MsgPendingCallback        0x08001751   Thumb Code   446  can_user.o(.text.HAL_CAN_RxFifo0MsgPendingCallback)
    HAL_CAN_RxFifo1FullCallback              0x08001911   Thumb Code     8  stm32f4xx_hal_can.o(.text.HAL_CAN_RxFifo1FullCallback)
    HAL_CAN_RxFifo1MsgPendingCallback        0x08001919   Thumb Code     8  stm32f4xx_hal_can.o(.text.HAL_CAN_RxFifo1MsgPendingCallback)
    HAL_CAN_SleepCallback                    0x08001921   Thumb Code     8  stm32f4xx_hal_can.o(.text.HAL_CAN_SleepCallback)
    HAL_CAN_Start                            0x08001929   Thumb Code   138  stm32f4xx_hal_can.o(.text.HAL_CAN_Start)
    HAL_CAN_TxMailbox0AbortCallback          0x080019b5   Thumb Code     8  stm32f4xx_hal_can.o(.text.HAL_CAN_TxMailbox0AbortCallback)
    HAL_CAN_TxMailbox0CompleteCallback       0x080019bd   Thumb Code     8  stm32f4xx_hal_can.o(.text.HAL_CAN_TxMailbox0CompleteCallback)
    HAL_CAN_TxMailbox1AbortCallback          0x080019c5   Thumb Code     8  stm32f4xx_hal_can.o(.text.HAL_CAN_TxMailbox1AbortCallback)
    HAL_CAN_TxMailbox1CompleteCallback       0x080019cd   Thumb Code     8  stm32f4xx_hal_can.o(.text.HAL_CAN_TxMailbox1CompleteCallback)
    HAL_CAN_TxMailbox2AbortCallback          0x080019d5   Thumb Code     8  stm32f4xx_hal_can.o(.text.HAL_CAN_TxMailbox2AbortCallback)
    HAL_CAN_TxMailbox2CompleteCallback       0x080019dd   Thumb Code     8  stm32f4xx_hal_can.o(.text.HAL_CAN_TxMailbox2CompleteCallback)
    HAL_CAN_WakeUpFromRxMsgCallback          0x080019e5   Thumb Code     8  stm32f4xx_hal_can.o(.text.HAL_CAN_WakeUpFromRxMsgCallback)
    HAL_DMA_IRQHandler                       0x080019ed   Thumb Code   798  stm32f4xx_hal_dma.o(.text.HAL_DMA_IRQHandler)
    HAL_DMA_Init                             0x08001d0d   Thumb Code   366  stm32f4xx_hal_dma.o(.text.HAL_DMA_Init)
    HAL_Delay                                0x08001e7d   Thumb Code    66  stm32f4xx_hal.o(.text.HAL_Delay)
    HAL_GPIO_Init                            0x08001ec1   Thumb Code   922  stm32f4xx_hal_gpio.o(.text.HAL_GPIO_Init)
    HAL_GPIO_ReadPin                         0x0800225d   Thumb Code    46  stm32f4xx_hal_gpio.o(.text.HAL_GPIO_ReadPin)
    HAL_GetTick                              0x0800228d   Thumb Code    12  stm32f4xx_hal.o(.text.HAL_GetTick)
    HAL_IncTick                              0x08002299   Thumb Code    26  stm32f4xx_hal.o(.text.HAL_IncTick)
    HAL_Init                                 0x080022b5   Thumb Code    54  stm32f4xx_hal.o(.text.HAL_Init)
    HAL_InitTick                             0x080022ed   Thumb Code   112  stm32f4xx_hal.o(.text.HAL_InitTick)
    HAL_MspInit                              0x0800235d   Thumb Code    74  stm32f4xx_hal_msp.o(.text.HAL_MspInit)
    HAL_NVIC_EnableIRQ                       0x080023a9   Thumb Code    20  stm32f4xx_hal_cortex.o(.text.HAL_NVIC_EnableIRQ)
    HAL_NVIC_SetPriority                     0x080023bd   Thumb Code    50  stm32f4xx_hal_cortex.o(.text.HAL_NVIC_SetPriority)
    HAL_NVIC_SetPriorityGrouping             0x080023f1   Thumb Code    16  stm32f4xx_hal_cortex.o(.text.HAL_NVIC_SetPriorityGrouping)
    HAL_PCDEx_ActivateLPM                    0x08002401   Thumb Code    54  stm32f4xx_hal_pcd_ex.o(.text.HAL_PCDEx_ActivateLPM)
    HAL_PCDEx_LPM_Callback                   0x08002439   Thumb Code   146  usbd_conf.o(.text.HAL_PCDEx_LPM_Callback)
    HAL_PCDEx_SetRxFiFo                      0x080024cd   Thumb Code    24  stm32f4xx_hal_pcd_ex.o(.text.HAL_PCDEx_SetRxFiFo)
    HAL_PCDEx_SetTxFiFo                      0x080024e5   Thumb Code   156  stm32f4xx_hal_pcd_ex.o(.text.HAL_PCDEx_SetTxFiFo)
    HAL_PCD_ConnectCallback                  0x08002581   Thumb Code    20  usbd_conf.o(.text.HAL_PCD_ConnectCallback)
    HAL_PCD_DataInStageCallback              0x08002595   Thumb Code    38  usbd_conf.o(.text.HAL_PCD_DataInStageCallback)
    HAL_PCD_DataOutStageCallback             0x080025bd   Thumb Code    40  usbd_conf.o(.text.HAL_PCD_DataOutStageCallback)
    HAL_PCD_DisconnectCallback               0x080025e5   Thumb Code    20  usbd_conf.o(.text.HAL_PCD_DisconnectCallback)
    HAL_PCD_EP_Abort                         0x080025f9   Thumb Code    94  stm32f4xx_hal_pcd.o(.text.HAL_PCD_EP_Abort)
    HAL_PCD_EP_Close                         0x08002659   Thumb Code   168  stm32f4xx_hal_pcd.o(.text.HAL_PCD_EP_Close)
    HAL_PCD_EP_ClrStall                      0x08002701   Thumb Code   200  stm32f4xx_hal_pcd.o(.text.HAL_PCD_EP_ClrStall)
    HAL_PCD_EP_GetRxCount                    0x080027c9   Thumb Code    34  stm32f4xx_hal_pcd.o(.text.HAL_PCD_EP_GetRxCount)
    HAL_PCD_EP_Open                          0x080027ed   Thumb Code   238  stm32f4xx_hal_pcd.o(.text.HAL_PCD_EP_Open)
    HAL_PCD_EP_Receive                       0x080028dd   Thumb Code   108  stm32f4xx_hal_pcd.o(.text.HAL_PCD_EP_Receive)
    HAL_PCD_EP_SetStall                      0x08002949   Thumb Code   222  stm32f4xx_hal_pcd.o(.text.HAL_PCD_EP_SetStall)
    HAL_PCD_EP_Transmit                      0x08002a29   Thumb Code   108  stm32f4xx_hal_pcd.o(.text.HAL_PCD_EP_Transmit)
    HAL_PCD_IRQHandler                       0x08002a95   Thumb Code  2184  stm32f4xx_hal_pcd.o(.text.HAL_PCD_IRQHandler)
    HAL_PCD_ISOINIncompleteCallback          0x0800331d   Thumb Code    28  usbd_conf.o(.text.HAL_PCD_ISOINIncompleteCallback)
    HAL_PCD_ISOOUTIncompleteCallback         0x08003339   Thumb Code    28  usbd_conf.o(.text.HAL_PCD_ISOOUTIncompleteCallback)
    HAL_PCD_Init                             0x08003355   Thumb Code   594  stm32f4xx_hal_pcd.o(.text.HAL_PCD_Init)
    HAL_PCD_MspInit                          0x080035a9   Thumb Code   210  usbd_conf.o(.text.HAL_PCD_MspInit)
    HAL_PCD_ResetCallback                    0x0800367d   Thumb Code    82  usbd_conf.o(.text.HAL_PCD_ResetCallback)
    HAL_PCD_ResumeCallback                   0x080036d1   Thumb Code    20  usbd_conf.o(.text.HAL_PCD_ResumeCallback)
    HAL_PCD_SOFCallback                      0x080036e5   Thumb Code    20  usbd_conf.o(.text.HAL_PCD_SOFCallback)
    HAL_PCD_SetAddress                       0x080036f9   Thumb Code    92  stm32f4xx_hal_pcd.o(.text.HAL_PCD_SetAddress)
    HAL_PCD_SetupStageCallback               0x08003755   Thumb Code    24  usbd_conf.o(.text.HAL_PCD_SetupStageCallback)
    HAL_PCD_Start                            0x0800376d   Thumb Code   124  stm32f4xx_hal_pcd.o(.text.HAL_PCD_Start)
    HAL_PCD_SuspendCallback                  0x080037e9   Thumb Code    62  usbd_conf.o(.text.HAL_PCD_SuspendCallback)
    HAL_RCCEx_PeriphCLKConfig                0x08003829   Thumb Code  1804  stm32f4xx_hal_rcc_ex.o(.text.HAL_RCCEx_PeriphCLKConfig)
    HAL_RCC_ClockConfig                      0x08003f35   Thumb Code   610  stm32f4xx_hal_rcc.o(.text.HAL_RCC_ClockConfig)
    HAL_RCC_GetHCLKFreq                      0x08004199   Thumb Code    12  stm32f4xx_hal_rcc.o(.text.HAL_RCC_GetHCLKFreq)
    HAL_RCC_GetPCLK1Freq                     0x080041a5   Thumb Code    34  stm32f4xx_hal_rcc.o(.text.HAL_RCC_GetPCLK1Freq)
    HAL_RCC_GetPCLK2Freq                     0x080041c9   Thumb Code    34  stm32f4xx_hal_rcc.o(.text.HAL_RCC_GetPCLK2Freq)
    HAL_RCC_GetSysClockFreq                  0x080041ed   Thumb Code   368  stm32f4xx_hal_rcc_ex.o(.text.HAL_RCC_GetSysClockFreq)
    HAL_RCC_OscConfig                        0x0800435d   Thumb Code  1830  stm32f4xx_hal_rcc_ex.o(.text.HAL_RCC_OscConfig)
    HAL_SYSTICK_Config                       0x08004a85   Thumb Code    16  stm32f4xx_hal_cortex.o(.text.HAL_SYSTICK_Config)
    HAL_UART_Init                            0x08004a95   Thumb Code   158  stm32f4xx_hal_uart.o(.text.HAL_UART_Init)
    HAL_UART_MspInit                         0x08004b35   Thumb Code   338  usart.o(.text.HAL_UART_MspInit)
    HardFault_Handler                        0x08004c89   Thumb Code     4  stm32f4xx_it.o(.text.HardFault_Handler)
    MX_CAN1_Init                             0x08004d09   Thumb Code    78  can.o(.text.MX_CAN1_Init)
    MX_CAN2_Init                             0x08004d59   Thumb Code    78  can.o(.text.MX_CAN2_Init)
    MX_DMA_Init                              0x08004da9   Thumb Code    60  dma.o(.text.MX_DMA_Init)
    MX_GPIO_Init                             0x08004de5   Thumb Code   184  gpio.o(.text.MX_GPIO_Init)
    MX_USART3_UART_Init                      0x08004e9d   Thumb Code    68  usart.o(.text.MX_USART3_UART_Init)
    MX_USB_DEVICE_Init                       0x08004ee1   Thumb Code   118  usb_device.o(.text.MX_USB_DEVICE_Init)
    MemManage_Handler                        0x08004f59   Thumb Code     4  stm32f4xx_it.o(.text.MemManage_Handler)
    NMI_Handler                              0x08004f5d   Thumb Code     4  stm32f4xx_it.o(.text.NMI_Handler)
    OTG_FS_IRQHandler                        0x08004fcd   Thumb Code    16  stm32f4xx_it.o(.text.OTG_FS_IRQHandler)
    PendSV_Handler                           0x08005365   Thumb Code     2  stm32f4xx_it.o(.text.PendSV_Handler)
    RC_init                                  0x08005369   Thumb Code   160  bsp_rc.o(.text.RC_init)
    SVC_Handler                              0x08005409   Thumb Code     2  stm32f4xx_it.o(.text.SVC_Handler)
    SysTick_Handler                          0x08005499   Thumb Code     8  stm32f4xx_it.o(.text.SysTick_Handler)
    SystemClock_Config                       0x080054a1   Thumb Code   190  main.o(.text.SystemClock_Config)
    SystemInit                               0x08005561   Thumb Code    18  system_stm32f4xx.o(.text.SystemInit)
    USART3_IRQHandler                        0x080056b1   Thumb Code   328  remote_control.o(.text.USART3_IRQHandler)
    USBD_CDC_GetDeviceQualifierDescriptor    0x08005ac1   Thumb Code    22  usbd_cdc.o(.text.USBD_CDC_GetDeviceQualifierDescriptor)
    USBD_CDC_ReceivePacket                   0x08005e3d   Thumb Code   126  usbd_cdc.o(.text.USBD_CDC_ReceivePacket)
    USBD_CDC_RegisterInterface               0x08005ebd   Thumb Code    52  usbd_cdc.o(.text.USBD_CDC_RegisterInterface)
    USBD_CDC_SetRxBuffer                     0x08005ef1   Thumb Code    60  usbd_cdc.o(.text.USBD_CDC_SetRxBuffer)
    USBD_CDC_SetTxBuffer                     0x08005f2d   Thumb Code    70  usbd_cdc.o(.text.USBD_CDC_SetTxBuffer)
    USBD_ClrClassConfig                      0x08006141   Thumb Code    50  usbd_core.o(.text.USBD_ClrClassConfig)
    USBD_CoreFindEP                          0x080061b5   Thumb Code    14  usbd_core.o(.text.USBD_CoreFindEP)
    USBD_CoreFindIF                          0x080061c5   Thumb Code    14  usbd_core.o(.text.USBD_CoreFindIF)
    USBD_CtlContinueRx                       0x080061d5   Thumb Code    30  usbd_ioreq.o(.text.USBD_CtlContinueRx)
    USBD_CtlContinueSendData                 0x080061f5   Thumb Code    30  usbd_ioreq.o(.text.USBD_CtlContinueSendData)
    USBD_CtlError                            0x08006215   Thumb Code    28  usbd_ctlreq.o(.text.USBD_CtlError)
    USBD_CtlPrepareRx                        0x08006231   Thumb Code    54  usbd_ioreq.o(.text.USBD_CtlPrepareRx)
    USBD_CtlReceiveStatus                    0x08006269   Thumb Code    34  usbd_ioreq.o(.text.USBD_CtlReceiveStatus)
    USBD_CtlSendData                         0x0800628d   Thumb Code    50  usbd_ioreq.o(.text.USBD_CtlSendData)
    USBD_CtlSendStatus                       0x080062c1   Thumb Code    34  usbd_ioreq.o(.text.USBD_CtlSendStatus)
    USBD_FS_ConfigStrDescriptor              0x080062e5   Thumb Code    78  usbd_desc.o(.text.USBD_FS_ConfigStrDescriptor)
    USBD_FS_DeviceDescriptor                 0x08006335   Thumb Code    26  usbd_desc.o(.text.USBD_FS_DeviceDescriptor)
    USBD_FS_InterfaceStrDescriptor           0x08006351   Thumb Code    78  usbd_desc.o(.text.USBD_FS_InterfaceStrDescriptor)
    USBD_FS_LangIDStrDescriptor              0x080063a1   Thumb Code    26  usbd_desc.o(.text.USBD_FS_LangIDStrDescriptor)
    USBD_FS_ManufacturerStrDescriptor        0x080063bd   Thumb Code    40  usbd_desc.o(.text.USBD_FS_ManufacturerStrDescriptor)
    USBD_FS_ProductStrDescriptor             0x080063e5   Thumb Code    78  usbd_desc.o(.text.USBD_FS_ProductStrDescriptor)
    USBD_FS_SerialStrDescriptor              0x08006435   Thumb Code    32  usbd_desc.o(.text.USBD_FS_SerialStrDescriptor)
    USBD_FS_USR_BOSDescriptor                0x08006455   Thumb Code    26  usbd_desc.o(.text.USBD_FS_USR_BOSDescriptor)
    USBD_GetEpDesc                           0x080067f5   Thumb Code   118  usbd_core.o(.text.USBD_GetEpDesc)
    USBD_GetNextDesc                         0x080068a1   Thumb Code    38  usbd_core.o(.text.USBD_GetNextDesc)
    USBD_GetString                           0x0800692d   Thumb Code   188  usbd_ctlreq.o(.text.USBD_GetString)
    USBD_Get_USB_Status                      0x080069e9   Thumb Code    82  usbd_conf.o(.text.USBD_Get_USB_Status)
    USBD_Init                                0x08006a3d   Thumb Code   106  usbd_core.o(.text.USBD_Init)
    USBD_LL_ClearStallEP                     0x08006aa9   Thumb Code    58  usbd_conf.o(.text.USBD_LL_ClearStallEP)
    USBD_LL_CloseEP                          0x08006ae5   Thumb Code    58  usbd_conf.o(.text.USBD_LL_CloseEP)
    USBD_LL_DataInStage                      0x08006b21   Thumb Code   400  usbd_core.o(.text.USBD_LL_DataInStage)
    USBD_LL_DataOutStage                     0x08006cb1   Thumb Code   434  usbd_core.o(.text.USBD_LL_DataOutStage)
    USBD_LL_DevConnected                     0x08006e65   Thumb Code    10  usbd_core.o(.text.USBD_LL_DevConnected)
    USBD_LL_DevDisconnected                  0x08006e71   Thumb Code    64  usbd_core.o(.text.USBD_LL_DevDisconnected)
    USBD_LL_GetRxDataSize                    0x08006eb1   Thumb Code    28  usbd_conf.o(.text.USBD_LL_GetRxDataSize)
    USBD_LL_Init                             0x08006ecd   Thumb Code   126  usbd_conf.o(.text.USBD_LL_Init)
    USBD_LL_IsStallEP                        0x08006f4d   Thumb Code    90  usbd_conf.o(.text.USBD_LL_IsStallEP)
    USBD_LL_IsoINIncomplete                  0x08006fa9   Thumb Code   110  usbd_core.o(.text.USBD_LL_IsoINIncomplete)
    USBD_LL_IsoOUTIncomplete                 0x08007019   Thumb Code   110  usbd_core.o(.text.USBD_LL_IsoOUTIncomplete)
    USBD_LL_OpenEP                           0x08007089   Thumb Code    74  usbd_conf.o(.text.USBD_LL_OpenEP)
    USBD_LL_PrepareReceive                   0x080070d5   Thumb Code    66  usbd_conf.o(.text.USBD_LL_PrepareReceive)
    USBD_LL_Reset                            0x08007119   Thumb Code   156  usbd_core.o(.text.USBD_LL_Reset)
    USBD_LL_Resume                           0x080071b5   Thumb Code    36  usbd_core.o(.text.USBD_LL_Resume)
    USBD_LL_SOF                              0x080071d9   Thumb Code    62  usbd_core.o(.text.USBD_LL_SOF)
    USBD_LL_SetSpeed                         0x08007219   Thumb Code    22  usbd_core.o(.text.USBD_LL_SetSpeed)
    USBD_LL_SetUSBAddress                    0x08007231   Thumb Code    58  usbd_conf.o(.text.USBD_LL_SetUSBAddress)
    USBD_LL_SetupStage                       0x0800726d   Thumb Code   148  usbd_core.o(.text.USBD_LL_SetupStage)
    USBD_LL_StallEP                          0x08007301   Thumb Code    58  usbd_conf.o(.text.USBD_LL_StallEP)
    USBD_LL_Start                            0x0800733d   Thumb Code    50  usbd_conf.o(.text.USBD_LL_Start)
    USBD_LL_Suspend                          0x08007371   Thumb Code    44  usbd_core.o(.text.USBD_LL_Suspend)
    USBD_LL_Transmit                         0x0800739d   Thumb Code    66  usbd_conf.o(.text.USBD_LL_Transmit)
    USBD_ParseSetupRequest                   0x080073e1   Thumb Code    98  usbd_ctlreq.o(.text.USBD_ParseSetupRequest)
    USBD_RegisterClass                       0x08007445   Thumb Code   114  usbd_core.o(.text.USBD_RegisterClass)
    USBD_RunTestMode                         0x080074b9   Thumb Code    10  usbd_core.o(.text.USBD_RunTestMode)
    USBD_SetClassConfig                      0x08007551   Thumb Code    54  usbd_core.o(.text.USBD_SetClassConfig)
    USBD_Start                               0x08007759   Thumb Code    16  usbd_core.o(.text.USBD_Start)
    USBD_StdDevReq                           0x08007769   Thumb Code   204  usbd_ctlreq.o(.text.USBD_StdDevReq)
    USBD_StdEPReq                            0x08007835   Thumb Code   940  usbd_ctlreq.o(.text.USBD_StdEPReq)
    USBD_StdItfReq                           0x08007be1   Thumb Code   244  usbd_ctlreq.o(.text.USBD_StdItfReq)
    USBD_static_free                         0x08007cd5   Thumb Code     8  usbd_conf.o(.text.USBD_static_free)
    USBD_static_malloc                       0x08007cdd   Thumb Code    16  usbd_conf.o(.text.USBD_static_malloc)
    USB_ActivateEndpoint                     0x08007ced   Thumb Code   222  stm32f4xx_ll_usb.o(.text.USB_ActivateEndpoint)
    USB_ActivateSetup                        0x08007dcd   Thumb Code    44  stm32f4xx_ll_usb.o(.text.USB_ActivateSetup)
    USB_CoreInit                             0x08007df9   Thumb Code   214  stm32f4xx_ll_usb.o(.text.USB_CoreInit)
    USB_DeactivateEndpoint                   0x08007f49   Thumb Code   312  stm32f4xx_ll_usb.o(.text.USB_DeactivateEndpoint)
    USB_DevConnect                           0x08008081   Thumb Code    42  stm32f4xx_ll_usb.o(.text.USB_DevConnect)
    USB_DevDisconnect                        0x080080ad   Thumb Code    42  stm32f4xx_ll_usb.o(.text.USB_DevDisconnect)
    USB_DevInit                              0x080080d9   Thumb Code   656  stm32f4xx_ll_usb.o(.text.USB_DevInit)
    USB_DisableGlobalInt                     0x08008369   Thumb Code    20  stm32f4xx_ll_usb.o(.text.USB_DisableGlobalInt)
    USB_EP0_OutStart                         0x0800837d   Thumb Code   158  stm32f4xx_ll_usb.o(.text.USB_EP0_OutStart)
    USB_EPClearStall                         0x0800841d   Thumb Code   160  stm32f4xx_ll_usb.o(.text.USB_EPClearStall)
    USB_EPSetStall                           0x080084bd   Thumb Code   168  stm32f4xx_ll_usb.o(.text.USB_EPSetStall)
    USB_EPStartXfer                          0x08008565   Thumb Code  1016  stm32f4xx_ll_usb.o(.text.USB_EPStartXfer)
    USB_EPStopXfer                           0x0800895d   Thumb Code   284  stm32f4xx_ll_usb.o(.text.USB_EPStopXfer)
    USB_EnableGlobalInt                      0x08008a79   Thumb Code    20  stm32f4xx_ll_usb.o(.text.USB_EnableGlobalInt)
    USB_FlushRxFifo                          0x08008a8d   Thumb Code   116  stm32f4xx_ll_usb.o(.text.USB_FlushRxFifo)
    USB_FlushTxFifo                          0x08008b01   Thumb Code   122  stm32f4xx_ll_usb.o(.text.USB_FlushTxFifo)
    USB_GetDevSpeed                          0x08008b7d   Thumb Code    76  stm32f4xx_ll_usb.o(.text.USB_GetDevSpeed)
    USB_GetMode                              0x08008bc9   Thumb Code    16  stm32f4xx_ll_usb.o(.text.USB_GetMode)
    USB_ReadDevAllInEpInterrupt              0x08008bd9   Thumb Code    36  stm32f4xx_ll_usb.o(.text.USB_ReadDevAllInEpInterrupt)
    USB_ReadDevAllOutEpInterrupt             0x08008bfd   Thumb Code    36  stm32f4xx_ll_usb.o(.text.USB_ReadDevAllOutEpInterrupt)
    USB_ReadDevInEPInterrupt                 0x08008c21   Thumb Code    78  stm32f4xx_ll_usb.o(.text.USB_ReadDevInEPInterrupt)
    USB_ReadDevOutEPInterrupt                0x08008c71   Thumb Code    46  stm32f4xx_ll_usb.o(.text.USB_ReadDevOutEPInterrupt)
    USB_ReadInterrupts                       0x08008ca1   Thumb Code    26  stm32f4xx_ll_usb.o(.text.USB_ReadInterrupts)
    USB_ReadPacket                           0x08008cbd   Thumb Code   180  stm32f4xx_ll_usb.o(.text.USB_ReadPacket)
    USB_SetCurrentMode                       0x08008d71   Thumb Code   222  stm32f4xx_ll_usb.o(.text.USB_SetCurrentMode)
    USB_SetDevAddress                        0x08008e51   Thumb Code    54  stm32f4xx_ll_usb.o(.text.USB_SetDevAddress)
    USB_SetDevSpeed                          0x08008e89   Thumb Code    34  stm32f4xx_ll_usb.o(.text.USB_SetDevSpeed)
    USB_SetTurnaroundTime                    0x08008ead   Thumb Code   442  stm32f4xx_ll_usb.o(.text.USB_SetTurnaroundTime)
    USB_WritePacket                          0x08009069   Thumb Code   130  stm32f4xx_ll_usb.o(.text.USB_WritePacket)
    UsageFault_Handler                       0x080090ed   Thumb Code     4  stm32f4xx_it.o(.text.UsageFault_Handler)
    Verify_CRC16_Check_Sum                   0x080090f1   Thumb Code   124  crc8_crc16.o(.text.Verify_CRC16_Check_Sum)
    calAndSendMotor                          0x0800922d   Thumb Code   474  dart.o(.text.calAndSendMotor)
    can1_cmd_motor                           0x08009409   Thumb Code   138  can_user.o(.text.can1_cmd_motor)
    can2_cmd_motor                           0x08009495   Thumb Code   138  can_user.o(.text.can2_cmd_motor)
    can_filter_init                          0x08009521   Thumb Code   100  bsp_can.o(.text.can_filter_init)
    checkControlMode                         0x08009585   Thumb Code    98  dart.o(.text.checkControlMode)
    dartSysStateCheck                        0x080095e9   Thumb Code   296  dart.o(.text.dartSysStateCheck)
    limitProtection                          0x08009711   Thumb Code   480  dart.o(.text.limitProtection)
    magazineSetSpeed                         0x080098f1   Thumb Code    24  dart.o(.text.magazineSetSpeed)
    magazineStop                             0x08009909   Thumb Code    14  dart.o(.text.magazineStop)
    magazineSwitch                           0x08009919   Thumb Code   232  dart.o(.text.magazineSwitch)
    main                                     0x08009a01   Thumb Code   132  main.o(.text.main)
    manualTask                               0x08009a85   Thumb Code   248  dart.o(.text.manualTask)
    minipc_rec                               0x08009b7d   Thumb Code   108  minipc_protocol.o(.text.minipc_rec)
    minipc_upgrade                           0x08009be9   Thumb Code   226  minipc_protocol.o(.text.minipc_upgrade)
    motorInit                                0x08009ccd   Thumb Code   108  motorusr.o(.text.motorInit)
    pidReset                                 0x08009d39   Thumb Code    30  pid.o(.text.pidReset)
    pid_calc                                 0x08009d59   Thumb Code   370  pid.o(.text.pid_calc)
    pid_init                                 0x08009ecd   Thumb Code    54  pid.o(.text.pid_init)
    pushLowerLimitCheck                      0x08009f05   Thumb Code    20  dart.o(.text.pushLowerLimitCheck)
    pushPlaceRefreshSpeedy                   0x08009f19   Thumb Code    92  dart.o(.text.pushPlaceRefreshSpeedy)
    pushSetPlace                             0x08009f79   Thumb Code    82  dart.o(.text.pushSetPlace)
    pushSetSpeed                             0x08009fcd   Thumb Code    32  dart.o(.text.pushSetSpeed)
    pushStop                                 0x08009fed   Thumb Code    20  dart.o(.text.pushStop)
    pushUpperLimitCheck                      0x0800a001   Thumb Code    20  dart.o(.text.pushUpperLimitCheck)
    pushYawInit                              0x0800a015   Thumb Code   188  dart.o(.text.pushYawInit)
    remote_control_init                      0x0800a0d1   Thumb Code    22  remote_control.o(.text.remote_control_init)
    semiAutoTask                             0x0800a209   Thumb Code   168  dart.o(.text.semiAutoTask)
    shootPrepare                             0x0800a2b1   Thumb Code   106  dart.o(.text.shootPrepare)
    shootRoket                               0x0800a31d   Thumb Code   172  dart.o(.text.shootRoket)
    shootTaskInit                            0x0800a3cd   Thumb Code    86  dart.o(.text.shootTaskInit)
    shootingCircleSetSpeed                   0x0800a425   Thumb Code    40  dart.o(.text.shootingCircleSetSpeed)
    shootingCircleStop                       0x0800a44d   Thumb Code    24  dart.o(.text.shootingCircleStop)
    taskInit                                 0x0800a465   Thumb Code   540  main.o(.text.taskInit)
    yawLimitCheck                            0x0800a695   Thumb Code    18  dart.o(.text.yawLimitCheck)
    yawPlaceRefresh                          0x0800a6a9   Thumb Code   172  dart.o(.text.yawPlaceRefresh)
    yawSetPlace                              0x0800a769   Thumb Code   128  dart.o(.text.yawSetPlace)
    yawSetSpeed                              0x0800a7f9   Thumb Code    32  dart.o(.text.yawSetSpeed)
    yawStop                                  0x0800a819   Thumb Code    28  dart.o(.text.yawStop)
    __fpl_dcmp_Inf                           0x0800a835   Thumb Code    24  dcmpi.o(x$fpl$dcmpinf)
    __aeabi_cdcmpeq                          0x0800a84d   Thumb Code     0  deqf.o(x$fpl$deqf)
    _dcmpeq                                  0x0800a84d   Thumb Code   120  deqf.o(x$fpl$deqf)
    __aeabi_cdcmpge                          0x0800a8c5   Thumb Code     0  dgeqf.o(x$fpl$dgeqf)
    _dcmpge                                  0x0800a8c5   Thumb Code   120  dgeqf.o(x$fpl$dgeqf)
    __aeabi_cdcmple                          0x0800a93d   Thumb Code     0  dleqf.o(x$fpl$dleqf)
    _dcmple                                  0x0800a93d   Thumb Code   120  dleqf.o(x$fpl$dleqf)
    __fpl_dcmple_InfNaN                      0x0800a99f   Thumb Code     0  dleqf.o(x$fpl$dleqf)
    __fpl_dnaninf                            0x0800a9b5   Thumb Code   156  dnaninf.o(x$fpl$dnaninf)
    __fpl_dretinf                            0x0800aa51   Thumb Code    12  dretinf.o(x$fpl$dretinf)
    __aeabi_f2d                              0x0800aa5d   Thumb Code     0  f2d.o(x$fpl$f2d)
    _f2d                                     0x0800aa5d   Thumb Code    86  f2d.o(x$fpl$f2d)
    __aeabi_dcmpeq                           0x0800aab3   Thumb Code     0  dcmp.o(x$fpl$fcmp)
    _deq                                     0x0800aab3   Thumb Code    14  dcmp.o(x$fpl$fcmp)
    _dneq                                    0x0800aac1   Thumb Code    14  dcmp.o(x$fpl$fcmp)
    __aeabi_dcmpgt                           0x0800aacf   Thumb Code     0  dcmp.o(x$fpl$fcmp)
    _dgr                                     0x0800aacf   Thumb Code    14  dcmp.o(x$fpl$fcmp)
    __aeabi_dcmpge                           0x0800aadd   Thumb Code     0  dcmp.o(x$fpl$fcmp)
    _dgeq                                    0x0800aadd   Thumb Code    14  dcmp.o(x$fpl$fcmp)
    __aeabi_dcmple                           0x0800aaeb   Thumb Code     0  dcmp.o(x$fpl$fcmp)
    _dleq                                    0x0800aaeb   Thumb Code    14  dcmp.o(x$fpl$fcmp)
    __aeabi_dcmplt                           0x0800aaf9   Thumb Code     0  dcmp.o(x$fpl$fcmp)
    _dls                                     0x0800aaf9   Thumb Code    14  dcmp.o(x$fpl$fcmp)
    __fpl_fnaninf                            0x0800ab07   Thumb Code   140  fnaninf.o(x$fpl$fnaninf)
    _fp_init                                 0x0800ab93   Thumb Code    26  fpinit.o(x$fpl$fpinit)
    __fplib_config_fpu_vfp                   0x0800abab   Thumb Code     0  fpinit.o(x$fpl$fpinit)
    __fplib_config_pureend_doubles           0x0800abab   Thumb Code     0  fpinit.o(x$fpl$fpinit)
    AHBPrescTable                            0x0800abac   Data          16  system_stm32f4xx.o(.rodata.AHBPrescTable)
    __I$use$fp                               0x0800abac   Number         0  usenofp.o(x$fpl$usenofp)
    APBPrescTable                            0x0800abbc   Data           8  system_stm32f4xx.o(.rodata.APBPrescTable)
    wCRC_Table                               0x0800ac0e   Data         512  crc8_crc16.o(.rodata.wCRC_Table)
    Region$$Table$$Base                      0x0800ae10   Number         0  anon$$obj.o(Region$$Table)
    Region$$Table$$Limit                     0x0800ae30   Number         0  anon$$obj.o(Region$$Table)
    CRC_INIT                                 0x20000004   Data           2  crc8_crc16.o(.data.CRC_INIT)
    FS_Desc                                  0x20000008   Data          32  usbd_desc.o(.data.FS_Desc)
    SystemCoreClock                          0x20000028   Data           4  system_stm32f4xx.o(.data.SystemCoreClock)
    USBD_CDC                                 0x2000002c   Data          56  usbd_cdc.o(.data.USBD_CDC)
    USBD_FS_BOSDesc                          0x200000b4   Data          12  usbd_desc.o(.data.USBD_FS_BOSDesc)
    USBD_FS_DeviceDesc                       0x200000c0   Data          18  usbd_desc.o(.data.USBD_FS_DeviceDesc)
    USBD_Interface_fops_FS                   0x200000d4   Data          20  usbd_cdc_if.o(.data.USBD_Interface_fops_FS)
    USBD_LangIDDesc                          0x200000e8   Data           4  usbd_desc.o(.data.USBD_LangIDDesc)
    USBD_StringSerial                        0x200000ec   Data          26  usbd_desc.o(.data.USBD_StringSerial)
    dartState                                0x20000106   Data           8  dart.o(.data.dartState)
    mode                                     0x2000010e   Data           1  dart.o(.data.mode)
    uwTickFreq                               0x2000010f   Data           1  stm32f4xx_hal.o(.data.uwTickFreq)
    uwTickPrio                               0x20000110   Data           4  stm32f4xx_hal.o(.data.uwTickPrio)
    __libspace_start                         0x20000118   Data          96  libspace.o(.bss)
    D2006_motor1                             0x20000178   Data         144  motorusr.o(.bss.D2006_motor1)
    __temporary_stack_top$libspace           0x20000178   Data           0  libspace.o(.bss)
    D2006_motor2                             0x20000208   Data         144  motorusr.o(.bss.D2006_motor2)
    D3508_motor1                             0x20000298   Data         144  motorusr.o(.bss.D3508_motor1)
    D3508_motor2                             0x20000328   Data         144  motorusr.o(.bss.D3508_motor2)
    D6020_motor1                             0x200003b8   Data         144  motorusr.o(.bss.D6020_motor1)
    USBD_StrDesc                             0x20000454   Data         512  usbd_desc.o(.bss.USBD_StrDesc)
    UserRxBufferFS                           0x20000874   Data        2048  usbd_cdc_if.o(.bss.UserRxBufferFS)
    UserTxBufferFS                           0x20001074   Data        2048  usbd_cdc_if.o(.bss.UserTxBufferFS)
    can1_rx_data                             0x20001874   Data           8  can_user.o(.bss.can1_rx_data)
    can1_rx_header                           0x2000187c   Data          28  can_user.o(.bss.can1_rx_header)
    can2_rx_data                             0x20001898   Data           8  can_user.o(.bss.can2_rx_data)
    can2_rx_header                           0x200018a0   Data          28  can_user.o(.bss.can2_rx_header)
    hUsbDeviceFS                             0x200018c0   Data         732  usb_device.o(.bss.hUsbDeviceFS)
    hcan1                                    0x20001b9c   Data          40  can.o(.bss.hcan1)
    hcan2                                    0x20001bc4   Data          40  can.o(.bss.hcan2)
    hdma_usart3_rx                           0x20001bec   Data          96  usart.o(.bss.hdma_usart3_rx)
    hpcd_USB_OTG_FS                          0x20001c4c   Data        1252  usbd_conf.o(.bss.hpcd_USB_OTG_FS)
    huart3                                   0x20002130   Data          72  usart.o(.bss.huart3)
    minipc                                   0x2000217c   Data         256  minipc_protocol.o(.bss.minipc)
    rc_ctrl                                  0x2000229c   Data          22  remote_control.o(.bss.rc_ctrl)
    roketShootTask                           0x200022b2   Data          32  dart.o(.bss.roketShootTask)
    uwTick                                   0x2000231c   Data           4  stm32f4xx_hal.o(.bss.uwTick)



==============================================================================

Memory Map of the image

  Image Entry point : 0x080001c5

  Load Region LR_IROM1 (Base: 0x08000000, Size: 0x0000af48, Max: 0x00040000, ABSOLUTE)

    Execution Region ER_IROM1 (Exec base: 0x08000000, Load base: 0x08000000, Size: 0x0000ae30, Max: 0x00040000, ABSOLUTE)

    Exec Addr    Load Addr    Size         Type   Attr      Idx    E Section Name        Object

    0x08000000   0x08000000   0x000001c4   Data   RO            3    RESET               startup_stm32f446xx.o
    0x080001c4   0x080001c4   0x00000008   Code   RO         1577  * !!!main             c_w.l(__main.o)
    0x080001cc   0x080001cc   0x0000005c   Code   RO         1773    !!!scatter          c_w.l(__scatter.o)
    0x08000228   0x08000228   0x0000001a   Code   RO         1777    !!handler_copy      c_w.l(__scatter_copy.o)
    0x08000242   0x08000242   0x00000002   PAD
    0x08000244   0x08000244   0x00000002   Code   RO         1774    !!handler_null      c_w.l(__scatter.o)
    0x08000246   0x08000246   0x00000002   PAD
    0x08000248   0x08000248   0x0000001c   Code   RO         1779    !!handler_zi        c_w.l(__scatter_zi.o)
    0x08000264   0x08000264   0x00000002   Code   RO         1635    .ARM.Collect$$libinit$$00000000  c_w.l(libinit.o)
    0x08000266   0x08000266   0x00000004   Code   RO         1647    .ARM.Collect$$libinit$$00000001  c_w.l(libinit2.o)
    0x0800026a   0x0800026a   0x00000000   Code   RO         1650    .ARM.Collect$$libinit$$00000004  c_w.l(libinit2.o)
    0x0800026a   0x0800026a   0x00000000   Code   RO         1652    .ARM.Collect$$libinit$$00000006  c_w.l(libinit2.o)
    0x0800026a   0x0800026a   0x00000000   Code   RO         1655    .ARM.Collect$$libinit$$0000000C  c_w.l(libinit2.o)
    0x0800026a   0x0800026a   0x00000000   Code   RO         1657    .ARM.Collect$$libinit$$0000000E  c_w.l(libinit2.o)
    0x0800026a   0x0800026a   0x00000000   Code   RO         1659    .ARM.Collect$$libinit$$00000010  c_w.l(libinit2.o)
    0x0800026a   0x0800026a   0x00000000   Code   RO         1662    .ARM.Collect$$libinit$$00000013  c_w.l(libinit2.o)
    0x0800026a   0x0800026a   0x00000000   Code   RO         1664    .ARM.Collect$$libinit$$00000015  c_w.l(libinit2.o)
    0x0800026a   0x0800026a   0x00000000   Code   RO         1666    .ARM.Collect$$libinit$$00000017  c_w.l(libinit2.o)
    0x0800026a   0x0800026a   0x00000000   Code   RO         1668    .ARM.Collect$$libinit$$00000019  c_w.l(libinit2.o)
    0x0800026a   0x0800026a   0x00000000   Code   RO         1670    .ARM.Collect$$libinit$$0000001B  c_w.l(libinit2.o)
    0x0800026a   0x0800026a   0x00000000   Code   RO         1672    .ARM.Collect$$libinit$$0000001D  c_w.l(libinit2.o)
    0x0800026a   0x0800026a   0x00000000   Code   RO         1674    .ARM.Collect$$libinit$$0000001F  c_w.l(libinit2.o)
    0x0800026a   0x0800026a   0x00000000   Code   RO         1676    .ARM.Collect$$libinit$$00000021  c_w.l(libinit2.o)
    0x0800026a   0x0800026a   0x00000000   Code   RO         1678    .ARM.Collect$$libinit$$00000023  c_w.l(libinit2.o)
    0x0800026a   0x0800026a   0x00000000   Code   RO         1680    .ARM.Collect$$libinit$$00000025  c_w.l(libinit2.o)
    0x0800026a   0x0800026a   0x00000000   Code   RO         1682    .ARM.Collect$$libinit$$00000027  c_w.l(libinit2.o)
    0x0800026a   0x0800026a   0x00000000   Code   RO         1686    .ARM.Collect$$libinit$$0000002E  c_w.l(libinit2.o)
    0x0800026a   0x0800026a   0x00000000   Code   RO         1688    .ARM.Collect$$libinit$$00000030  c_w.l(libinit2.o)
    0x0800026a   0x0800026a   0x00000000   Code   RO         1690    .ARM.Collect$$libinit$$00000032  c_w.l(libinit2.o)
    0x0800026a   0x0800026a   0x00000000   Code   RO         1692    .ARM.Collect$$libinit$$00000034  c_w.l(libinit2.o)
    0x0800026a   0x0800026a   0x00000002   Code   RO         1693    .ARM.Collect$$libinit$$00000035  c_w.l(libinit2.o)
    0x0800026c   0x0800026c   0x00000002   Code   RO         1728    .ARM.Collect$$libshutdown$$00000000  c_w.l(libshutdown.o)
    0x0800026e   0x0800026e   0x00000000   Code   RO         1756    .ARM.Collect$$libshutdown$$00000002  c_w.l(libshutdown2.o)
    0x0800026e   0x0800026e   0x00000000   Code   RO         1758    .ARM.Collect$$libshutdown$$00000004  c_w.l(libshutdown2.o)
    0x0800026e   0x0800026e   0x00000000   Code   RO         1761    .ARM.Collect$$libshutdown$$00000007  c_w.l(libshutdown2.o)
    0x0800026e   0x0800026e   0x00000000   Code   RO         1764    .ARM.Collect$$libshutdown$$0000000A  c_w.l(libshutdown2.o)
    0x0800026e   0x0800026e   0x00000000   Code   RO         1766    .ARM.Collect$$libshutdown$$0000000C  c_w.l(libshutdown2.o)
    0x0800026e   0x0800026e   0x00000000   Code   RO         1769    .ARM.Collect$$libshutdown$$0000000F  c_w.l(libshutdown2.o)
    0x0800026e   0x0800026e   0x00000002   Code   RO         1770    .ARM.Collect$$libshutdown$$00000010  c_w.l(libshutdown2.o)
    0x08000270   0x08000270   0x00000000   Code   RO         1583    .ARM.Collect$$rtentry$$00000000  c_w.l(__rtentry.o)
    0x08000270   0x08000270   0x00000000   Code   RO         1602    .ARM.Collect$$rtentry$$00000002  c_w.l(__rtentry2.o)
    0x08000270   0x08000270   0x00000006   Code   RO         1614    .ARM.Collect$$rtentry$$00000004  c_w.l(__rtentry4.o)
    0x08000276   0x08000276   0x00000000   Code   RO         1604    .ARM.Collect$$rtentry$$00000009  c_w.l(__rtentry2.o)
    0x08000276   0x08000276   0x00000004   Code   RO         1605    .ARM.Collect$$rtentry$$0000000A  c_w.l(__rtentry2.o)
    0x0800027a   0x0800027a   0x00000000   Code   RO         1607    .ARM.Collect$$rtentry$$0000000C  c_w.l(__rtentry2.o)
    0x0800027a   0x0800027a   0x00000008   Code   RO         1608    .ARM.Collect$$rtentry$$0000000D  c_w.l(__rtentry2.o)
    0x08000282   0x08000282   0x00000002   Code   RO         1639    .ARM.Collect$$rtexit$$00000000  c_w.l(rtexit.o)
    0x08000284   0x08000284   0x00000000   Code   RO         1699    .ARM.Collect$$rtexit$$00000002  c_w.l(rtexit2.o)
    0x08000284   0x08000284   0x00000004   Code   RO         1700    .ARM.Collect$$rtexit$$00000003  c_w.l(rtexit2.o)
    0x08000288   0x08000288   0x00000006   Code   RO         1701    .ARM.Collect$$rtexit$$00000004  c_w.l(rtexit2.o)
    0x0800028e   0x0800028e   0x00000002   PAD
    0x08000290   0x08000290   0x00000040   Code   RO            4    .text               startup_stm32f446xx.o
    0x080002d0   0x080002d0   0x000000f0   Code   RO         1569    .text               c_w.l(lludivv7m.o)
    0x080003c0   0x080003c0   0x0000008a   Code   RO         1571    .text               c_w.l(rt_memcpy_v6.o)
    0x0800044a   0x0800044a   0x0000004e   Code   RO         1573    .text               c_w.l(rt_memclr_w.o)
    0x08000498   0x08000498   0x00000006   Code   RO         1575    .text               c_w.l(heapauxi.o)
    0x0800049e   0x0800049e   0x00000064   Code   RO         1588    .text               c_w.l(rt_memcpy_w.o)
    0x08000502   0x08000502   0x0000004a   Code   RO         1622    .text               c_w.l(sys_stackheap_outer.o)
    0x0800054c   0x0800054c   0x00000012   Code   RO         1624    .text               c_w.l(exit.o)
    0x0800055e   0x0800055e   0x00000002   PAD
    0x08000560   0x08000560   0x00000008   Code   RO         1636    .text               c_w.l(libspace.o)
    0x08000568   0x08000568   0x0000000c   Code   RO         1694    .text               c_w.l(sys_exit.o)
    0x08000574   0x08000574   0x00000002   Code   RO         1717    .text               c_w.l(use_no_semi.o)
    0x08000576   0x08000576   0x00000000   Code   RO         1719    .text               c_w.l(indicate_semi.o)
    0x08000576   0x08000576   0x00000002   PAD
    0x08000578   0x08000578   0x00000058   Code   RO         1198    .text.Append_CRC16_Check_Sum  crc8_crc16.o
    0x080005d0   0x080005d0   0x00000004   Code   RO           92    .text.BusFault_Handler  stm32f4xx_it.o
    0x080005d4   0x080005d4   0x00000010   Code   RO          108    .text.CAN1_RX0_IRQHandler  stm32f4xx_it.o
    0x080005e4   0x080005e4   0x00000010   Code   RO          106    .text.CAN1_TX_IRQHandler  stm32f4xx_it.o
    0x080005f4   0x080005f4   0x00000010   Code   RO          112    .text.CAN2_RX0_IRQHandler  stm32f4xx_it.o
    0x08000604   0x08000604   0x00000010   Code   RO          110    .text.CAN2_TX_IRQHandler  stm32f4xx_it.o
    0x08000614   0x08000614   0x0000005c   Code   RO         1258    .text.CDC_Control_FS  usbd_cdc_if.o
    0x08000670   0x08000670   0x00000004   Code   RO         1256    .text.CDC_DeInit_FS  usbd_cdc_if.o
    0x08000674   0x08000674   0x00000032   Code   RO         1254    .text.CDC_Init_FS   usbd_cdc_if.o
    0x080006a6   0x080006a6   0x00000002   PAD
    0x080006a8   0x080006a8   0x00000032   Code   RO         1260    .text.CDC_Receive_FS  usbd_cdc_if.o
    0x080006da   0x080006da   0x00000002   PAD
    0x080006dc   0x080006dc   0x00000018   Code   RO         1262    .text.CDC_TransmitCplt_FS  usbd_cdc_if.o
    0x080006f4   0x080006f4   0x00000010   Code   RO          104    .text.DMA1_Stream1_IRQHandler  stm32f4xx_it.o
    0x08000704   0x08000704   0x00000056   Code   RO          554    .text.DMA_CalcBaseAndBitshift  stm32f4xx_hal_dma.o
    0x0800075a   0x0800075a   0x00000002   PAD
    0x0800075c   0x0800075c   0x000000f0   Code   RO          552    .text.DMA_CheckFifoParam  stm32f4xx_hal_dma.o
    0x0800084c   0x0800084c   0x00000032   Code   RO         1129    .text.DWTGetDeltaTMS  dwt.o
    0x0800087e   0x0800087e   0x00000002   PAD
    0x08000880   0x08000880   0x0000000e   Code   RO         1127    .text.DWTGetTimeMs  dwt.o
    0x0800088e   0x0800088e   0x00000002   PAD
    0x08000890   0x08000890   0x000000bc   Code   RO         1125    .text.DWTRefreshTimeMs  dwt.o
    0x0800094c   0x0800094c   0x0000000c   Code   RO         1121    .text.DWT_TS_GET    dwt.o
    0x08000958   0x08000958   0x0000002e   Code   RO         1119    .text.DWT_init      dwt.o
    0x08000986   0x08000986   0x00000002   PAD
    0x08000988   0x08000988   0x00000002   Code   RO           98    .text.DebugMon_Handler  stm32f4xx_it.o
    0x0800098a   0x0800098a   0x00000002   PAD
    0x0800098c   0x0800098c   0x00000006   Code   RO           17    .text.Error_Handler  main.o
    0x08000992   0x08000992   0x00000002   PAD
    0x08000994   0x08000994   0x00000066   Code   RO         1194    .text.Get_CRC16_Check_Sum  crc8_crc16.o
    0x080009fa   0x080009fa   0x00000002   PAD
    0x080009fc   0x080009fc   0x0000005c   Code   RO         1236    .text.Get_SerialNum  usbd_desc.o
    0x08000a58   0x08000a58   0x00000052   Code   RO          854    .text.HAL_CAN_ActivateNotification  stm32f4xx_hal_can.o
    0x08000aaa   0x08000aaa   0x00000002   PAD
    0x08000aac   0x08000aac   0x00000156   Code   RO          840    .text.HAL_CAN_AddTxMessage  stm32f4xx_hal_can.o
    0x08000c02   0x08000c02   0x00000002   PAD
    0x08000c04   0x08000c04   0x000001a4   Code   RO          830    .text.HAL_CAN_ConfigFilter  stm32f4xx_hal_can.o
    0x08000da8   0x08000da8   0x00000008   Code   RO          884    .text.HAL_CAN_ErrorCallback  stm32f4xx_hal_can.o
    0x08000db0   0x08000db0   0x00000212   Code   RO          850    .text.HAL_CAN_GetRxMessage  stm32f4xx_hal_can.o
    0x08000fc2   0x08000fc2   0x00000002   PAD
    0x08000fc4   0x08000fc4   0x000003f2   Code   RO          858    .text.HAL_CAN_IRQHandler  stm32f4xx_hal_can.o
    0x080013b6   0x080013b6   0x00000002   PAD
    0x080013b8   0x080013b8   0x000001de   Code   RO          820    .text.HAL_CAN_Init  stm32f4xx_hal_can.o
    0x08001596   0x08001596   0x00000002   PAD
    0x08001598   0x08001598   0x000001ae   Code   RO           49    .text.HAL_CAN_MspInit  can.o
    0x08001746   0x08001746   0x00000002   PAD
    0x08001748   0x08001748   0x00000008   Code   RO          872    .text.HAL_CAN_RxFifo0FullCallback  stm32f4xx_hal_can.o
    0x08001750   0x08001750   0x000001be   Code   RO         1044    .text.HAL_CAN_RxFifo0MsgPendingCallback  can_user.o
    0x0800190e   0x0800190e   0x00000002   PAD
    0x08001910   0x08001910   0x00000008   Code   RO          876    .text.HAL_CAN_RxFifo1FullCallback  stm32f4xx_hal_can.o
    0x08001918   0x08001918   0x00000008   Code   RO          878    .text.HAL_CAN_RxFifo1MsgPendingCallback  stm32f4xx_hal_can.o
    0x08001920   0x08001920   0x00000008   Code   RO          880    .text.HAL_CAN_SleepCallback  stm32f4xx_hal_can.o
    0x08001928   0x08001928   0x0000008a   Code   RO          832    .text.HAL_CAN_Start  stm32f4xx_hal_can.o
    0x080019b2   0x080019b2   0x00000002   PAD
    0x080019b4   0x080019b4   0x00000008   Code   RO          862    .text.HAL_CAN_TxMailbox0AbortCallback  stm32f4xx_hal_can.o
    0x080019bc   0x080019bc   0x00000008   Code   RO          860    .text.HAL_CAN_TxMailbox0CompleteCallback  stm32f4xx_hal_can.o
    0x080019c4   0x080019c4   0x00000008   Code   RO          866    .text.HAL_CAN_TxMailbox1AbortCallback  stm32f4xx_hal_can.o
    0x080019cc   0x080019cc   0x00000008   Code   RO          864    .text.HAL_CAN_TxMailbox1CompleteCallback  stm32f4xx_hal_can.o
    0x080019d4   0x080019d4   0x00000008   Code   RO          870    .text.HAL_CAN_TxMailbox2AbortCallback  stm32f4xx_hal_can.o
    0x080019dc   0x080019dc   0x00000008   Code   RO          868    .text.HAL_CAN_TxMailbox2CompleteCallback  stm32f4xx_hal_can.o
    0x080019e4   0x080019e4   0x00000008   Code   RO          882    .text.HAL_CAN_WakeUpFromRxMsgCallback  stm32f4xx_hal_can.o
    0x080019ec   0x080019ec   0x0000031e   Code   RO          570    .text.HAL_DMA_IRQHandler  stm32f4xx_hal_dma.o
    0x08001d0a   0x08001d0a   0x00000002   PAD
    0x08001d0c   0x08001d0c   0x0000016e   Code   RO          550    .text.HAL_DMA_Init  stm32f4xx_hal_dma.o
    0x08001e7a   0x08001e7a   0x00000002   PAD
    0x08001e7c   0x08001e7c   0x00000042   Code   RO          751    .text.HAL_Delay     stm32f4xx_hal.o
    0x08001ebe   0x08001ebe   0x00000002   PAD
    0x08001ec0   0x08001ec0   0x0000039a   Code   RO          512    .text.HAL_GPIO_Init  stm32f4xx_hal_gpio.o
    0x0800225a   0x0800225a   0x00000002   PAD
    0x0800225c   0x0800225c   0x0000002e   Code   RO          516    .text.HAL_GPIO_ReadPin  stm32f4xx_hal_gpio.o
    0x0800228a   0x0800228a   0x00000002   PAD
    0x0800228c   0x0800228c   0x0000000c   Code   RO          743    .text.HAL_GetTick   stm32f4xx_hal.o
    0x08002298   0x08002298   0x0000001a   Code   RO          741    .text.HAL_IncTick   stm32f4xx_hal.o
    0x080022b2   0x080022b2   0x00000002   PAD
    0x080022b4   0x080022b4   0x00000036   Code   RO          731    .text.HAL_Init      stm32f4xx_hal.o
    0x080022ea   0x080022ea   0x00000002   PAD
    0x080022ec   0x080022ec   0x00000070   Code   RO          733    .text.HAL_InitTick  stm32f4xx_hal.o
    0x0800235c   0x0800235c   0x0000004a   Code   RO          123    .text.HAL_MspInit   stm32f4xx_hal_msp.o
    0x080023a6   0x080023a6   0x00000002   PAD
    0x080023a8   0x080023a8   0x00000014   Code   RO          666    .text.HAL_NVIC_EnableIRQ  stm32f4xx_hal_cortex.o
    0x080023bc   0x080023bc   0x00000032   Code   RO          658    .text.HAL_NVIC_SetPriority  stm32f4xx_hal_cortex.o
    0x080023ee   0x080023ee   0x00000002   PAD
    0x080023f0   0x080023f0   0x00000010   Code   RO          654    .text.HAL_NVIC_SetPriorityGrouping  stm32f4xx_hal_cortex.o
    0x08002400   0x08002400   0x00000036   Code   RO          218    .text.HAL_PCDEx_ActivateLPM  stm32f4xx_hal_pcd_ex.o
    0x08002436   0x08002436   0x00000002   PAD
    0x08002438   0x08002438   0x00000092   Code   RO         1332    .text.HAL_PCDEx_LPM_Callback  usbd_conf.o
    0x080024ca   0x080024ca   0x00000002   PAD
    0x080024cc   0x080024cc   0x00000018   Code   RO          216    .text.HAL_PCDEx_SetRxFiFo  stm32f4xx_hal_pcd_ex.o
    0x080024e4   0x080024e4   0x0000009c   Code   RO          214    .text.HAL_PCDEx_SetTxFiFo  stm32f4xx_hal_pcd_ex.o
    0x08002580   0x08002580   0x00000014   Code   RO         1298    .text.HAL_PCD_ConnectCallback  usbd_conf.o
    0x08002594   0x08002594   0x00000026   Code   RO         1284    .text.HAL_PCD_DataInStageCallback  usbd_conf.o
    0x080025ba   0x080025ba   0x00000002   PAD
    0x080025bc   0x080025bc   0x00000028   Code   RO         1282    .text.HAL_PCD_DataOutStageCallback  usbd_conf.o
    0x080025e4   0x080025e4   0x00000014   Code   RO         1300    .text.HAL_PCD_DisconnectCallback  usbd_conf.o
    0x080025f8   0x080025f8   0x0000005e   Code   RO          165    .text.HAL_PCD_EP_Abort  stm32f4xx_hal_pcd.o
    0x08002656   0x08002656   0x00000002   PAD
    0x08002658   0x08002658   0x000000a8   Code   RO          185    .text.HAL_PCD_EP_Close  stm32f4xx_hal_pcd.o
    0x08002700   0x08002700   0x000000c8   Code   RO          195    .text.HAL_PCD_EP_ClrStall  stm32f4xx_hal_pcd.o
    0x080027c8   0x080027c8   0x00000022   Code   RO          189    .text.HAL_PCD_EP_GetRxCount  stm32f4xx_hal_pcd.o
    0x080027ea   0x080027ea   0x00000002   PAD
    0x080027ec   0x080027ec   0x000000ee   Code   RO          183    .text.HAL_PCD_EP_Open  stm32f4xx_hal_pcd.o
    0x080028da   0x080028da   0x00000002   PAD
    0x080028dc   0x080028dc   0x0000006c   Code   RO          187    .text.HAL_PCD_EP_Receive  stm32f4xx_hal_pcd.o
    0x08002948   0x08002948   0x000000de   Code   RO          193    .text.HAL_PCD_EP_SetStall  stm32f4xx_hal_pcd.o
    0x08002a26   0x08002a26   0x00000002   PAD
    0x08002a28   0x08002a28   0x0000006c   Code   RO          191    .text.HAL_PCD_EP_Transmit  stm32f4xx_hal_pcd.o
    0x08002a94   0x08002a94   0x00000888   Code   RO          143    .text.HAL_PCD_IRQHandler  stm32f4xx_hal_pcd.o
    0x0800331c   0x0800331c   0x0000001c   Code   RO         1296    .text.HAL_PCD_ISOINIncompleteCallback  usbd_conf.o
    0x08003338   0x08003338   0x0000001c   Code   RO         1294    .text.HAL_PCD_ISOOUTIncompleteCallback  usbd_conf.o
    0x08003354   0x08003354   0x00000252   Code   RO          131    .text.HAL_PCD_Init  stm32f4xx_hal_pcd.o
    0x080035a6   0x080035a6   0x00000002   PAD
    0x080035a8   0x080035a8   0x000000d2   Code   RO         1276    .text.HAL_PCD_MspInit  usbd_conf.o
    0x0800367a   0x0800367a   0x00000002   PAD
    0x0800367c   0x0800367c   0x00000052   Code   RO         1288    .text.HAL_PCD_ResetCallback  usbd_conf.o
    0x080036ce   0x080036ce   0x00000002   PAD
    0x080036d0   0x080036d0   0x00000014   Code   RO         1292    .text.HAL_PCD_ResumeCallback  usbd_conf.o
    0x080036e4   0x080036e4   0x00000014   Code   RO         1286    .text.HAL_PCD_SOFCallback  usbd_conf.o
    0x080036f8   0x080036f8   0x0000005c   Code   RO          181    .text.HAL_PCD_SetAddress  stm32f4xx_hal_pcd.o
    0x08003754   0x08003754   0x00000018   Code   RO         1280    .text.HAL_PCD_SetupStageCallback  usbd_conf.o
    0x0800376c   0x0800376c   0x0000007c   Code   RO          139    .text.HAL_PCD_Start  stm32f4xx_hal_pcd.o
    0x080037e8   0x080037e8   0x0000003e   Code   RO         1290    .text.HAL_PCD_SuspendCallback  usbd_conf.o
    0x08003826   0x08003826   0x00000002   PAD
    0x08003828   0x08003828   0x0000070c   Code   RO          373    .text.HAL_RCCEx_PeriphCLKConfig  stm32f4xx_hal_rcc_ex.o
    0x08003f34   0x08003f34   0x00000262   Code   RO          342    .text.HAL_RCC_ClockConfig  stm32f4xx_hal_rcc.o
    0x08004196   0x08004196   0x00000002   PAD
    0x08004198   0x08004198   0x0000000c   Code   RO          352    .text.HAL_RCC_GetHCLKFreq  stm32f4xx_hal_rcc.o
    0x080041a4   0x080041a4   0x00000022   Code   RO          354    .text.HAL_RCC_GetPCLK1Freq  stm32f4xx_hal_rcc.o
    0x080041c6   0x080041c6   0x00000002   PAD
    0x080041c8   0x080041c8   0x00000022   Code   RO          356    .text.HAL_RCC_GetPCLK2Freq  stm32f4xx_hal_rcc.o
    0x080041ea   0x080041ea   0x00000002   PAD
    0x080041ec   0x080041ec   0x00000170   Code   RO          389    .text.HAL_RCC_GetSysClockFreq  stm32f4xx_hal_rcc_ex.o
    0x0800435c   0x0800435c   0x00000726   Code   RO          393    .text.HAL_RCC_OscConfig  stm32f4xx_hal_rcc_ex.o
    0x08004a82   0x08004a82   0x00000002   PAD
    0x08004a84   0x08004a84   0x00000010   Code   RO          678    .text.HAL_SYSTICK_Config  stm32f4xx_hal_cortex.o
    0x08004a94   0x08004a94   0x0000009e   Code   RO          899    .text.HAL_UART_Init  stm32f4xx_hal_uart.o
    0x08004b32   0x08004b32   0x00000002   PAD
    0x08004b34   0x08004b34   0x00000152   Code   RO           73    .text.HAL_UART_MspInit  usart.o
    0x08004c86   0x08004c86   0x00000002   PAD
    0x08004c88   0x08004c88   0x00000004   Code   RO           88    .text.HardFault_Handler  stm32f4xx_it.o
    0x08004c8c   0x08004c8c   0x0000007a   Code   RO         1238    .text.IntToUnicode  usbd_desc.o
    0x08004d06   0x08004d06   0x00000002   PAD
    0x08004d08   0x08004d08   0x0000004e   Code   RO           45    .text.MX_CAN1_Init  can.o
    0x08004d56   0x08004d56   0x00000002   PAD
    0x08004d58   0x08004d58   0x0000004e   Code   RO           47    .text.MX_CAN2_Init  can.o
    0x08004da6   0x08004da6   0x00000002   PAD
    0x08004da8   0x08004da8   0x0000003c   Code   RO           63    .text.MX_DMA_Init   dma.o
    0x08004de4   0x08004de4   0x000000b8   Code   RO           37    .text.MX_GPIO_Init  gpio.o
    0x08004e9c   0x08004e9c   0x00000044   Code   RO           71    .text.MX_USART3_UART_Init  usart.o
    0x08004ee0   0x08004ee0   0x00000076   Code   RO         1211    .text.MX_USB_DEVICE_Init  usb_device.o
    0x08004f56   0x08004f56   0x00000002   PAD
    0x08004f58   0x08004f58   0x00000004   Code   RO           90    .text.MemManage_Handler  stm32f4xx_it.o
    0x08004f5c   0x08004f5c   0x00000004   Code   RO           86    .text.NMI_Handler   stm32f4xx_it.o
    0x08004f60   0x08004f60   0x0000006c   Code   RO          664    .text.NVIC_EncodePriority  stm32f4xx_hal_cortex.o
    0x08004fcc   0x08004fcc   0x00000010   Code   RO          114    .text.OTG_FS_IRQHandler  stm32f4xx_it.o
    0x08004fdc   0x08004fdc   0x0000008a   Code   RO          147    .text.PCD_EP_OutSetupPacket_int  stm32f4xx_hal_pcd.o
    0x08005066   0x08005066   0x00000002   PAD
    0x08005068   0x08005068   0x000001c8   Code   RO          145    .text.PCD_EP_OutXfrComplete_int  stm32f4xx_hal_pcd.o
    0x08005230   0x08005230   0x00000132   Code   RO          155    .text.PCD_WriteEmptyTxFifo  stm32f4xx_hal_pcd.o
    0x08005362   0x08005362   0x00000002   PAD
    0x08005364   0x08005364   0x00000002   Code   RO          100    .text.PendSV_Handler  stm32f4xx_it.o
    0x08005366   0x08005366   0x00000002   PAD
    0x08005368   0x08005368   0x000000a0   Code   RO         1179    .text.RC_init       bsp_rc.o
    0x08005408   0x08005408   0x00000002   Code   RO           96    .text.SVC_Handler   stm32f4xx_it.o
    0x0800540a   0x0800540a   0x00000002   PAD
    0x0800540c   0x0800540c   0x00000036   Code   RO         1428    .text.SWAPBYTE      usbd_ctlreq.o
    0x08005442   0x08005442   0x00000002   PAD
    0x08005444   0x08005444   0x00000052   Code   RO          680    .text.SysTick_Config  stm32f4xx_hal_cortex.o
    0x08005496   0x08005496   0x00000002   PAD
    0x08005498   0x08005498   0x00000008   Code   RO          102    .text.SysTick_Handler  stm32f4xx_it.o
    0x080054a0   0x080054a0   0x000000be   Code   RO           15    .text.SystemClock_Config  main.o
    0x0800555e   0x0800555e   0x00000002   PAD
    0x08005560   0x08005560   0x00000012   Code   RO         1030    .text.SystemInit    system_stm32f4xx.o
    0x08005572   0x08005572   0x00000002   PAD
    0x08005574   0x08005574   0x0000013a   Code   RO          903    .text.UART_SetConfig  stm32f4xx_hal_uart.o
    0x080056ae   0x080056ae   0x00000002   PAD
    0x080056b0   0x080056b0   0x00000148   Code   RO         1083    .text.USART3_IRQHandler  remote_control.o
    0x080057f8   0x080057f8   0x000000f4   Code   RO         1471    .text.USBD_CDC_DataIn  usbd_cdc.o
    0x080058ec   0x080058ec   0x00000070   Code   RO         1473    .text.USBD_CDC_DataOut  usbd_cdc.o
    0x0800595c   0x0800595c   0x000000ec   Code   RO         1465    .text.USBD_CDC_DeInit  usbd_cdc.o
    0x08005a48   0x08005a48   0x00000078   Code   RO         1469    .text.USBD_CDC_EP0_RxReady  usbd_cdc.o
    0x08005ac0   0x08005ac0   0x00000016   Code   RO         1481    .text.USBD_CDC_GetDeviceQualifierDescriptor  usbd_cdc.o
    0x08005ad6   0x08005ad6   0x00000002   PAD
    0x08005ad8   0x08005ad8   0x0000006c   Code   RO         1477    .text.USBD_CDC_GetFSCfgDesc  usbd_cdc.o
    0x08005b44   0x08005b44   0x00000070   Code   RO         1475    .text.USBD_CDC_GetHSCfgDesc  usbd_cdc.o
    0x08005bb4   0x08005bb4   0x0000006c   Code   RO         1479    .text.USBD_CDC_GetOtherSpeedCfgDesc  usbd_cdc.o
    0x08005c20   0x08005c20   0x0000021c   Code   RO         1463    .text.USBD_CDC_Init  usbd_cdc.o
    0x08005e3c   0x08005e3c   0x0000007e   Code   RO         1491    .text.USBD_CDC_ReceivePacket  usbd_cdc.o
    0x08005eba   0x08005eba   0x00000002   PAD
    0x08005ebc   0x08005ebc   0x00000034   Code   RO         1483    .text.USBD_CDC_RegisterInterface  usbd_cdc.o
    0x08005ef0   0x08005ef0   0x0000003c   Code   RO         1487    .text.USBD_CDC_SetRxBuffer  usbd_cdc.o
    0x08005f2c   0x08005f2c   0x00000046   Code   RO         1485    .text.USBD_CDC_SetTxBuffer  usbd_cdc.o
    0x08005f72   0x08005f72   0x00000002   PAD
    0x08005f74   0x08005f74   0x000001cc   Code   RO         1467    .text.USBD_CDC_Setup  usbd_cdc.o
    0x08006140   0x08006140   0x00000032   Code   RO         1363    .text.USBD_ClrClassConfig  usbd_core.o
    0x08006172   0x08006172   0x00000002   PAD
    0x08006174   0x08006174   0x00000040   Code   RO         1418    .text.USBD_ClrFeature  usbd_ctlreq.o
    0x080061b4   0x080061b4   0x0000000e   Code   RO         1371    .text.USBD_CoreFindEP  usbd_core.o
    0x080061c2   0x080061c2   0x00000002   PAD
    0x080061c4   0x080061c4   0x0000000e   Code   RO         1369    .text.USBD_CoreFindIF  usbd_core.o
    0x080061d2   0x080061d2   0x00000002   PAD
    0x080061d4   0x080061d4   0x0000001e   Code   RO         1448    .text.USBD_CtlContinueRx  usbd_ioreq.o
    0x080061f2   0x080061f2   0x00000002   PAD
    0x080061f4   0x080061f4   0x0000001e   Code   RO         1444    .text.USBD_CtlContinueSendData  usbd_ioreq.o
    0x08006212   0x08006212   0x00000002   PAD
    0x08006214   0x08006214   0x0000001c   Code   RO         1420    .text.USBD_CtlError  usbd_ctlreq.o
    0x08006230   0x08006230   0x00000036   Code   RO         1446    .text.USBD_CtlPrepareRx  usbd_ioreq.o
    0x08006266   0x08006266   0x00000002   PAD
    0x08006268   0x08006268   0x00000022   Code   RO         1452    .text.USBD_CtlReceiveStatus  usbd_ioreq.o
    0x0800628a   0x0800628a   0x00000002   PAD
    0x0800628c   0x0800628c   0x00000032   Code   RO         1442    .text.USBD_CtlSendData  usbd_ioreq.o
    0x080062be   0x080062be   0x00000002   PAD
    0x080062c0   0x080062c0   0x00000022   Code   RO         1450    .text.USBD_CtlSendStatus  usbd_ioreq.o
    0x080062e2   0x080062e2   0x00000002   PAD
    0x080062e4   0x080062e4   0x0000004e   Code   RO         1230    .text.USBD_FS_ConfigStrDescriptor  usbd_desc.o
    0x08006332   0x08006332   0x00000002   PAD
    0x08006334   0x08006334   0x0000001a   Code   RO         1220    .text.USBD_FS_DeviceDescriptor  usbd_desc.o
    0x0800634e   0x0800634e   0x00000002   PAD
    0x08006350   0x08006350   0x0000004e   Code   RO         1232    .text.USBD_FS_InterfaceStrDescriptor  usbd_desc.o
    0x0800639e   0x0800639e   0x00000002   PAD
    0x080063a0   0x080063a0   0x0000001a   Code   RO         1222    .text.USBD_FS_LangIDStrDescriptor  usbd_desc.o
    0x080063ba   0x080063ba   0x00000002   PAD
    0x080063bc   0x080063bc   0x00000028   Code   RO         1224    .text.USBD_FS_ManufacturerStrDescriptor  usbd_desc.o
    0x080063e4   0x080063e4   0x0000004e   Code   RO         1226    .text.USBD_FS_ProductStrDescriptor  usbd_desc.o
    0x08006432   0x08006432   0x00000002   PAD
    0x08006434   0x08006434   0x00000020   Code   RO         1228    .text.USBD_FS_SerialStrDescriptor  usbd_desc.o
    0x08006454   0x08006454   0x0000001a   Code   RO         1234    .text.USBD_FS_USR_BOSDescriptor  usbd_desc.o
    0x0800646e   0x0800646e   0x00000002   PAD
    0x08006470   0x08006470   0x00000064   Code   RO         1412    .text.USBD_GetConfig  usbd_ctlreq.o
    0x080064d4   0x080064d4   0x0000031e   Code   RO         1406    .text.USBD_GetDescriptor  usbd_ctlreq.o
    0x080067f2   0x080067f2   0x00000002   PAD
    0x080067f4   0x080067f4   0x00000076   Code   RO         1393    .text.USBD_GetEpDesc  usbd_core.o
    0x0800686a   0x0800686a   0x00000002   PAD
    0x0800686c   0x0800686c   0x00000032   Code   RO         1432    .text.USBD_GetLen   usbd_ctlreq.o
    0x0800689e   0x0800689e   0x00000002   PAD
    0x080068a0   0x080068a0   0x00000026   Code   RO         1395    .text.USBD_GetNextDesc  usbd_core.o
    0x080068c6   0x080068c6   0x00000002   PAD
    0x080068c8   0x080068c8   0x00000062   Code   RO         1414    .text.USBD_GetStatus  usbd_ctlreq.o
    0x0800692a   0x0800692a   0x00000002   PAD
    0x0800692c   0x0800692c   0x000000bc   Code   RO         1430    .text.USBD_GetString  usbd_ctlreq.o
    0x080069e8   0x080069e8   0x00000052   Code   RO         1306    .text.USBD_Get_USB_Status  usbd_conf.o
    0x08006a3a   0x08006a3a   0x00000002   PAD
    0x08006a3c   0x08006a3c   0x0000006a   Code   RO         1349    .text.USBD_Init     usbd_core.o
    0x08006aa6   0x08006aa6   0x00000002   PAD
    0x08006aa8   0x08006aa8   0x0000003a   Code   RO         1320    .text.USBD_LL_ClearStallEP  usbd_conf.o
    0x08006ae2   0x08006ae2   0x00000002   PAD
    0x08006ae4   0x08006ae4   0x0000003a   Code   RO         1314    .text.USBD_LL_CloseEP  usbd_conf.o
    0x08006b1e   0x08006b1e   0x00000002   PAD
    0x08006b20   0x08006b20   0x00000190   Code   RO         1373    .text.USBD_LL_DataInStage  usbd_core.o
    0x08006cb0   0x08006cb0   0x000001b2   Code   RO         1367    .text.USBD_LL_DataOutStage  usbd_core.o
    0x08006e62   0x08006e62   0x00000002   PAD
    0x08006e64   0x08006e64   0x0000000a   Code   RO         1389    .text.USBD_LL_DevConnected  usbd_core.o
    0x08006e6e   0x08006e6e   0x00000002   PAD
    0x08006e70   0x08006e70   0x00000040   Code   RO         1391    .text.USBD_LL_DevDisconnected  usbd_core.o
    0x08006eb0   0x08006eb0   0x0000001c   Code   RO         1330    .text.USBD_LL_GetRxDataSize  usbd_conf.o
    0x08006ecc   0x08006ecc   0x0000007e   Code   RO         1302    .text.USBD_LL_Init  usbd_conf.o
    0x08006f4a   0x08006f4a   0x00000002   PAD
    0x08006f4c   0x08006f4c   0x0000005a   Code   RO         1322    .text.USBD_LL_IsStallEP  usbd_conf.o
    0x08006fa6   0x08006fa6   0x00000002   PAD
    0x08006fa8   0x08006fa8   0x0000006e   Code   RO         1385    .text.USBD_LL_IsoINIncomplete  usbd_core.o
    0x08007016   0x08007016   0x00000002   PAD
    0x08007018   0x08007018   0x0000006e   Code   RO         1387    .text.USBD_LL_IsoOUTIncomplete  usbd_core.o
    0x08007086   0x08007086   0x00000002   PAD
    0x08007088   0x08007088   0x0000004a   Code   RO         1312    .text.USBD_LL_OpenEP  usbd_conf.o
    0x080070d2   0x080070d2   0x00000002   PAD
    0x080070d4   0x080070d4   0x00000042   Code   RO         1328    .text.USBD_LL_PrepareReceive  usbd_conf.o
    0x08007116   0x08007116   0x00000002   PAD
    0x08007118   0x08007118   0x0000009c   Code   RO         1375    .text.USBD_LL_Reset  usbd_core.o
    0x080071b4   0x080071b4   0x00000024   Code   RO         1381    .text.USBD_LL_Resume  usbd_core.o
    0x080071d8   0x080071d8   0x0000003e   Code   RO         1383    .text.USBD_LL_SOF   usbd_core.o
    0x08007216   0x08007216   0x00000002   PAD
    0x08007218   0x08007218   0x00000016   Code   RO         1377    .text.USBD_LL_SetSpeed  usbd_core.o
    0x0800722e   0x0800722e   0x00000002   PAD
    0x08007230   0x08007230   0x0000003a   Code   RO         1324    .text.USBD_LL_SetUSBAddress  usbd_conf.o
    0x0800726a   0x0800726a   0x00000002   PAD
    0x0800726c   0x0800726c   0x00000094   Code   RO         1365    .text.USBD_LL_SetupStage  usbd_core.o
    0x08007300   0x08007300   0x0000003a   Code   RO         1318    .text.USBD_LL_StallEP  usbd_conf.o
    0x0800733a   0x0800733a   0x00000002   PAD
    0x0800733c   0x0800733c   0x00000032   Code   RO         1308    .text.USBD_LL_Start  usbd_conf.o
    0x0800736e   0x0800736e   0x00000002   PAD
    0x08007370   0x08007370   0x0000002c   Code   RO         1379    .text.USBD_LL_Suspend  usbd_core.o
    0x0800739c   0x0800739c   0x00000042   Code   RO         1326    .text.USBD_LL_Transmit  usbd_conf.o
    0x080073de   0x080073de   0x00000002   PAD
    0x080073e0   0x080073e0   0x00000062   Code   RO         1426    .text.USBD_ParseSetupRequest  usbd_ctlreq.o
    0x08007442   0x08007442   0x00000002   PAD
    0x08007444   0x08007444   0x00000072   Code   RO         1353    .text.USBD_RegisterClass  usbd_core.o
    0x080074b6   0x080074b6   0x00000002   PAD
    0x080074b8   0x080074b8   0x0000000a   Code   RO         1359    .text.USBD_RunTestMode  usbd_core.o
    0x080074c2   0x080074c2   0x00000002   PAD
    0x080074c4   0x080074c4   0x0000008c   Code   RO         1408    .text.USBD_SetAddress  usbd_ctlreq.o
    0x08007550   0x08007550   0x00000036   Code   RO         1361    .text.USBD_SetClassConfig  usbd_core.o
    0x08007586   0x08007586   0x00000002   PAD
    0x08007588   0x08007588   0x0000017e   Code   RO         1410    .text.USBD_SetConfig  usbd_ctlreq.o
    0x08007706   0x08007706   0x00000002   PAD
    0x08007708   0x08007708   0x0000004e   Code   RO         1416    .text.USBD_SetFeature  usbd_ctlreq.o
    0x08007756   0x08007756   0x00000002   PAD
    0x08007758   0x08007758   0x00000010   Code   RO         1355    .text.USBD_Start    usbd_core.o
    0x08007768   0x08007768   0x000000cc   Code   RO         1404    .text.USBD_StdDevReq  usbd_ctlreq.o
    0x08007834   0x08007834   0x000003ac   Code   RO         1424    .text.USBD_StdEPReq  usbd_ctlreq.o
    0x08007be0   0x08007be0   0x000000f4   Code   RO         1422    .text.USBD_StdItfReq  usbd_ctlreq.o
    0x08007cd4   0x08007cd4   0x00000008   Code   RO         1336    .text.USBD_static_free  usbd_conf.o
    0x08007cdc   0x08007cdc   0x00000010   Code   RO         1334    .text.USBD_static_malloc  usbd_conf.o
    0x08007cec   0x08007cec   0x000000de   Code   RO          257    .text.USB_ActivateEndpoint  stm32f4xx_ll_usb.o
    0x08007dca   0x08007dca   0x00000002   PAD
    0x08007dcc   0x08007dcc   0x0000002c   Code   RO          299    .text.USB_ActivateSetup  stm32f4xx_ll_usb.o
    0x08007df8   0x08007df8   0x000000d6   Code   RO          233    .text.USB_CoreInit  stm32f4xx_ll_usb.o
    0x08007ece   0x08007ece   0x00000002   PAD
    0x08007ed0   0x08007ed0   0x00000076   Code   RO          235    .text.USB_CoreReset  stm32f4xx_ll_usb.o
    0x08007f46   0x08007f46   0x00000002   PAD
    0x08007f48   0x08007f48   0x00000138   Code   RO          261    .text.USB_DeactivateEndpoint  stm32f4xx_ll_usb.o
    0x08008080   0x08008080   0x0000002a   Code   RO          281    .text.USB_DevConnect  stm32f4xx_ll_usb.o
    0x080080aa   0x080080aa   0x00000002   PAD
    0x080080ac   0x080080ac   0x0000002a   Code   RO          283    .text.USB_DevDisconnect  stm32f4xx_ll_usb.o
    0x080080d6   0x080080d6   0x00000002   PAD
    0x080080d8   0x080080d8   0x00000290   Code   RO          247    .text.USB_DevInit   stm32f4xx_ll_usb.o
    0x08008368   0x08008368   0x00000014   Code   RO          241    .text.USB_DisableGlobalInt  stm32f4xx_ll_usb.o
    0x0800837c   0x0800837c   0x0000009e   Code   RO          301    .text.USB_EP0_OutStart  stm32f4xx_ll_usb.o
    0x0800841a   0x0800841a   0x00000002   PAD
    0x0800841c   0x0800841c   0x000000a0   Code   RO          275    .text.USB_EPClearStall  stm32f4xx_ll_usb.o
    0x080084bc   0x080084bc   0x000000a8   Code   RO          273    .text.USB_EPSetStall  stm32f4xx_ll_usb.o
    0x08008564   0x08008564   0x000003f8   Code   RO          265    .text.USB_EPStartXfer  stm32f4xx_ll_usb.o
    0x0800895c   0x0800895c   0x0000011c   Code   RO          269    .text.USB_EPStopXfer  stm32f4xx_ll_usb.o
    0x08008a78   0x08008a78   0x00000014   Code   RO          239    .text.USB_EnableGlobalInt  stm32f4xx_ll_usb.o
    0x08008a8c   0x08008a8c   0x00000074   Code   RO          253    .text.USB_FlushRxFifo  stm32f4xx_ll_usb.o
    0x08008b00   0x08008b00   0x0000007a   Code   RO          251    .text.USB_FlushTxFifo  stm32f4xx_ll_usb.o
    0x08008b7a   0x08008b7a   0x00000002   PAD
    0x08008b7c   0x08008b7c   0x0000004c   Code   RO          255    .text.USB_GetDevSpeed  stm32f4xx_ll_usb.o
    0x08008bc8   0x08008bc8   0x00000010   Code   RO          245    .text.USB_GetMode   stm32f4xx_ll_usb.o
    0x08008bd8   0x08008bd8   0x00000024   Code   RO          291    .text.USB_ReadDevAllInEpInterrupt  stm32f4xx_ll_usb.o
    0x08008bfc   0x08008bfc   0x00000024   Code   RO          289    .text.USB_ReadDevAllOutEpInterrupt  stm32f4xx_ll_usb.o
    0x08008c20   0x08008c20   0x0000004e   Code   RO          295    .text.USB_ReadDevInEPInterrupt  stm32f4xx_ll_usb.o
    0x08008c6e   0x08008c6e   0x00000002   PAD
    0x08008c70   0x08008c70   0x0000002e   Code   RO          293    .text.USB_ReadDevOutEPInterrupt  stm32f4xx_ll_usb.o
    0x08008c9e   0x08008c9e   0x00000002   PAD
    0x08008ca0   0x08008ca0   0x0000001a   Code   RO          285    .text.USB_ReadInterrupts  stm32f4xx_ll_usb.o
    0x08008cba   0x08008cba   0x00000002   PAD
    0x08008cbc   0x08008cbc   0x000000b4   Code   RO          271    .text.USB_ReadPacket  stm32f4xx_ll_usb.o
    0x08008d70   0x08008d70   0x000000de   Code   RO          243    .text.USB_SetCurrentMode  stm32f4xx_ll_usb.o
    0x08008e4e   0x08008e4e   0x00000002   PAD
    0x08008e50   0x08008e50   0x00000036   Code   RO          279    .text.USB_SetDevAddress  stm32f4xx_ll_usb.o
    0x08008e86   0x08008e86   0x00000002   PAD
    0x08008e88   0x08008e88   0x00000022   Code   RO          249    .text.USB_SetDevSpeed  stm32f4xx_ll_usb.o
    0x08008eaa   0x08008eaa   0x00000002   PAD
    0x08008eac   0x08008eac   0x000001ba   Code   RO          237    .text.USB_SetTurnaroundTime  stm32f4xx_ll_usb.o
    0x08009066   0x08009066   0x00000002   PAD
    0x08009068   0x08009068   0x00000082   Code   RO          267    .text.USB_WritePacket  stm32f4xx_ll_usb.o
    0x080090ea   0x080090ea   0x00000002   PAD
    0x080090ec   0x080090ec   0x00000004   Code   RO           94    .text.UsageFault_Handler  stm32f4xx_it.o
    0x080090f0   0x080090f0   0x0000007c   Code   RO         1196    .text.Verify_CRC16_Check_Sum  crc8_crc16.o
    0x0800916c   0x0800916c   0x00000030   Code   RO          668    .text.__NVIC_EnableIRQ  stm32f4xx_hal_cortex.o
    0x0800919c   0x0800919c   0x00000010   Code   RO          660    .text.__NVIC_GetPriorityGrouping  stm32f4xx_hal_cortex.o
    0x080091ac   0x080091ac   0x00000042   Code   RO          662    .text.__NVIC_SetPriority  stm32f4xx_hal_cortex.o
    0x080091ee   0x080091ee   0x00000002   PAD
    0x080091f0   0x080091f0   0x0000003c   Code   RO          656    .text.__NVIC_SetPriorityGrouping  stm32f4xx_hal_cortex.o
    0x0800922c   0x0800922c   0x000001da   Code   RO         1512    .text.calAndSendMotor  dart.o
    0x08009406   0x08009406   0x00000002   PAD
    0x08009408   0x08009408   0x0000008a   Code   RO         1046    .text.can1_cmd_motor  can_user.o
    0x08009492   0x08009492   0x00000002   PAD
    0x08009494   0x08009494   0x0000008a   Code   RO         1048    .text.can2_cmd_motor  can_user.o
    0x0800951e   0x0800951e   0x00000002   PAD
    0x08009520   0x08009520   0x00000064   Code   RO         1170    .text.can_filter_init  bsp_can.o
    0x08009584   0x08009584   0x00000062   Code   RO         1508    .text.checkControlMode  dart.o
    0x080095e6   0x080095e6   0x00000002   PAD
    0x080095e8   0x080095e8   0x00000128   Code   RO         1520    .text.dartSysStateCheck  dart.o
    0x08009710   0x08009710   0x000001e0   Code   RO         1510    .text.limitProtection  dart.o
    0x080098f0   0x080098f0   0x00000018   Code   RO         1534    .text.magazineSetSpeed  dart.o
    0x08009908   0x08009908   0x0000000e   Code   RO         1526    .text.magazineStop  dart.o
    0x08009916   0x08009916   0x00000002   PAD
    0x08009918   0x08009918   0x000000e8   Code   RO         1548    .text.magazineSwitch  dart.o
    0x08009a00   0x08009a00   0x00000084   Code   RO           13    .text.main          main.o
    0x08009a84   0x08009a84   0x000000f8   Code   RO         1554    .text.manualTask    dart.o
    0x08009b7c   0x08009b7c   0x0000006c   Code   RO         1141    .text.minipc_rec    minipc_protocol.o
    0x08009be8   0x08009be8   0x000000e2   Code   RO         1143    .text.minipc_upgrade  minipc_protocol.o
    0x08009cca   0x08009cca   0x00000002   PAD
    0x08009ccc   0x08009ccc   0x0000006c   Code   RO         1153    .text.motorInit     motorusr.o
    0x08009d38   0x08009d38   0x0000001e   Code   RO         1066    .text.pidReset      pid.o
    0x08009d56   0x08009d56   0x00000002   PAD
    0x08009d58   0x08009d58   0x00000172   Code   RO         1068    .text.pid_calc      pid.o
    0x08009eca   0x08009eca   0x00000002   PAD
    0x08009ecc   0x08009ecc   0x00000036   Code   RO         1064    .text.pid_init      pid.o
    0x08009f02   0x08009f02   0x00000002   PAD
    0x08009f04   0x08009f04   0x00000014   Code   RO         1516    .text.pushLowerLimitCheck  dart.o
    0x08009f18   0x08009f18   0x00000060   Code   RO         1542    .text.pushPlaceRefreshSpeedy  dart.o
    0x08009f78   0x08009f78   0x00000052   Code   RO         1544    .text.pushSetPlace  dart.o
    0x08009fca   0x08009fca   0x00000002   PAD
    0x08009fcc   0x08009fcc   0x00000020   Code   RO         1532    .text.pushSetSpeed  dart.o
    0x08009fec   0x08009fec   0x00000014   Code   RO         1524    .text.pushStop      dart.o
    0x0800a000   0x0800a000   0x00000014   Code   RO         1514    .text.pushUpperLimitCheck  dart.o
    0x0800a014   0x0800a014   0x000000bc   Code   RO         1538    .text.pushYawInit   dart.o
    0x0800a0d0   0x0800a0d0   0x00000016   Code   RO         1079    .text.remote_control_init  remote_control.o
    0x0800a0e6   0x0800a0e6   0x00000002   PAD
    0x0800a0e8   0x0800a0e8   0x00000120   Code   RO         1085    .text.sbus_to_rc    remote_control.o
    0x0800a208   0x0800a208   0x000000a8   Code   RO         1556    .text.semiAutoTask  dart.o
    0x0800a2b0   0x0800a2b0   0x0000006a   Code   RO         1550    .text.shootPrepare  dart.o
    0x0800a31a   0x0800a31a   0x00000002   PAD
    0x0800a31c   0x0800a31c   0x000000b0   Code   RO         1552    .text.shootRoket    dart.o
    0x0800a3cc   0x0800a3cc   0x00000056   Code   RO         1506    .text.shootTaskInit  dart.o
    0x0800a422   0x0800a422   0x00000002   PAD
    0x0800a424   0x0800a424   0x00000028   Code   RO         1536    .text.shootingCircleSetSpeed  dart.o
    0x0800a44c   0x0800a44c   0x00000018   Code   RO         1528    .text.shootingCircleStop  dart.o
    0x0800a464   0x0800a464   0x00000230   Code   RO           11    .text.taskInit      main.o
    0x0800a694   0x0800a694   0x00000012   Code   RO         1518    .text.yawLimitCheck  dart.o
    0x0800a6a6   0x0800a6a6   0x00000002   PAD
    0x0800a6a8   0x0800a6a8   0x000000c0   Code   RO         1540    .text.yawPlaceRefresh  dart.o
    0x0800a768   0x0800a768   0x00000090   Code   RO         1546    .text.yawSetPlace   dart.o
    0x0800a7f8   0x0800a7f8   0x00000020   Code   RO         1530    .text.yawSetSpeed   dart.o
    0x0800a818   0x0800a818   0x0000001c   Code   RO         1522    .text.yawStop       dart.o
    0x0800a834   0x0800a834   0x00000018   Code   RO         1618    x$fpl$dcmpinf       fz_wm.l(dcmpi.o)
    0x0800a84c   0x0800a84c   0x00000078   Code   RO         1590    x$fpl$deqf          fz_wm.l(deqf.o)
    0x0800a8c4   0x0800a8c4   0x00000078   Code   RO         1592    x$fpl$dgeqf         fz_wm.l(dgeqf.o)
    0x0800a93c   0x0800a93c   0x00000078   Code   RO         1594    x$fpl$dleqf         fz_wm.l(dleqf.o)
    0x0800a9b4   0x0800a9b4   0x0000009c   Code   RO         1620    x$fpl$dnaninf       fz_wm.l(dnaninf.o)
    0x0800aa50   0x0800aa50   0x0000000c   Code   RO         1596    x$fpl$dretinf       fz_wm.l(dretinf.o)
    0x0800aa5c   0x0800aa5c   0x00000056   Code   RO         1581    x$fpl$f2d           fz_wm.l(f2d.o)
    0x0800aab2   0x0800aab2   0x00000054   Code   RO         1579    x$fpl$fcmp          fz_wm.l(dcmp.o)
    0x0800ab06   0x0800ab06   0x0000008c   Code   RO         1598    x$fpl$fnaninf       fz_wm.l(fnaninf.o)
    0x0800ab92   0x0800ab92   0x0000001a   Code   RO         1711    x$fpl$fpinit        fz_wm.l(fpinit.o)
    0x0800abac   0x0800abac   0x00000000   Code   RO         1600    x$fpl$usenofp       fz_wm.l(usenofp.o)
    0x0800abac   0x0800abac   0x00000010   Data   RO         1035    .rodata.AHBPrescTable  system_stm32f4xx.o
    0x0800abbc   0x0800abbc   0x00000008   Data   RO         1036    .rodata.APBPrescTable  system_stm32f4xx.o
    0x0800abc4   0x0800abc4   0x00000008   Data   RO          580    .rodata.DMA_CalcBaseAndBitshift.flagBitshiftOffset  stm32f4xx_hal_dma.o
    0x0800abcc   0x0800abcc   0x00000042   Data   RO         1245    .rodata.str1.1      usbd_desc.o
    0x0800ac0e   0x0800ac0e   0x00000200   Data   RO         1203    .rodata.wCRC_Table  crc8_crc16.o
    0x0800ae0e   0x0800ae0e   0x00000002   PAD
    0x0800ae10   0x0800ae10   0x00000020   Data   RO         1772    Region$$Table       anon$$obj.o


    Execution Region RW_IRAM1 (Exec base: 0x20000000, Load base: 0x0800ae30, Size: 0x00002920, Max: 0x00020000, ABSOLUTE)

    Exec Addr    Load Addr    Size         Type   Attr      Idx    E Section Name        Object

    0x20000000   0x0800ae30   0x00000001   Data   RW         1497    .data.CDCCmdEpAdd   usbd_cdc.o
    0x20000001   0x0800ae31   0x00000001   Data   RW         1495    .data.CDCInEpAdd    usbd_cdc.o
    0x20000002   0x0800ae32   0x00000001   Data   RW         1496    .data.CDCOutEpAdd   usbd_cdc.o
    0x20000003   0x0800ae33   0x00000001   PAD
    0x20000004   0x0800ae34   0x00000002   Data   RW         1202    .data.CRC_INIT      crc8_crc16.o
    0x20000006   0x0800ae36   0x00000002   PAD
    0x20000008   0x0800ae38   0x00000020   Data   RW         1240    .data.FS_Desc       usbd_desc.o
    0x20000028   0x0800ae58   0x00000004   Data   RW         1034    .data.SystemCoreClock  system_stm32f4xx.o
    0x2000002c   0x0800ae5c   0x00000038   Data   RW         1493    .data.USBD_CDC      usbd_cdc.o
    0x20000064   0x0800ae94   0x00000043   Data   RW         1498    .data.USBD_CDC_CfgDesc  usbd_cdc.o
    0x200000a7   0x0800aed7   0x00000001   PAD
    0x200000a8   0x0800aed8   0x0000000a   Data   RW         1494    .data.USBD_CDC_DeviceQualifierDesc  usbd_cdc.o
    0x200000b2   0x0800aee2   0x00000002   PAD
    0x200000b4   0x0800aee4   0x0000000c   Data   RW         1242    .data.USBD_FS_BOSDesc  usbd_desc.o
    0x200000c0   0x0800aef0   0x00000012   Data   RW         1241    .data.USBD_FS_DeviceDesc  usbd_desc.o
    0x200000d2   0x0800af02   0x00000002   PAD
    0x200000d4   0x0800af04   0x00000014   Data   RW         1266    .data.USBD_Interface_fops_FS  usbd_cdc_if.o
    0x200000e8   0x0800af18   0x00000004   Data   RW         1243    .data.USBD_LangIDDesc  usbd_desc.o
    0x200000ec   0x0800af1c   0x0000001a   Data   RW         1244    .data.USBD_StringSerial  usbd_desc.o
    0x20000106   0x0800af36   0x00000008   Data   RW         1559    .data.dartState     dart.o
    0x2000010e   0x0800af3e   0x00000001   Data   RW         1558    .data.mode          dart.o
    0x2000010f   0x0800af3f   0x00000001   Data   RW          786    .data.uwTickFreq    stm32f4xx_hal.o
    0x20000110   0x0800af40   0x00000004   Data   RW          785    .data.uwTickPrio    stm32f4xx_hal.o
    0x20000114   0x0800af44   0x00000004   PAD
    0x20000118        -       0x00000060   Zero   RW         1637    .bss                c_w.l(libspace.o)
    0x20000178        -       0x00000090   Zero   RW         1155    .bss.D2006_motor1   motorusr.o
    0x20000208        -       0x00000090   Zero   RW         1156    .bss.D2006_motor2   motorusr.o
    0x20000298        -       0x00000090   Zero   RW         1157    .bss.D3508_motor1   motorusr.o
    0x20000328        -       0x00000090   Zero   RW         1158    .bss.D3508_motor2   motorusr.o
    0x200003b8        -       0x00000090   Zero   RW         1159    .bss.D6020_motor1   motorusr.o
    0x20000448        -       0x00000004   Zero   RW         1133    .bss.DWTNowMs       dwt.o
    0x2000044c        -       0x00000004   Zero   RW           55    .bss.HAL_RCC_CAN1_CLK_ENABLED  can.o
    0x20000450        -       0x00000002   Zero   RW         1089    .bss.USART3_IRQHandler.this_time_rx_len  remote_control.o
    0x20000452        -       0x00000001   Zero   RW         1434    .bss.USBD_SetConfig.cfgidx  usbd_ctlreq.o
    0x20000453   0x0800af44   0x00000001   PAD
    0x20000454        -       0x00000200   Zero   RW         1246    .bss.USBD_StrDesc   usbd_desc.o
    0x20000654        -       0x00000220   Zero   RW         1341    .bss.USBD_static_malloc.mem  usbd_conf.o
    0x20000874        -       0x00000800   Zero   RW         1267    .bss.UserRxBufferFS  usbd_cdc_if.o
    0x20001074        -       0x00000800   Zero   RW         1268    .bss.UserTxBufferFS  usbd_cdc_if.o
    0x20001874        -       0x00000008   Zero   RW         1051    .bss.can1_rx_data   can_user.o
    0x2000187c        -       0x0000001c   Zero   RW         1050    .bss.can1_rx_header  can_user.o
    0x20001898        -       0x00000008   Zero   RW         1053    .bss.can2_rx_data   can_user.o
    0x200018a0        -       0x0000001c   Zero   RW         1052    .bss.can2_rx_header  can_user.o
    0x200018bc        -       0x00000004   Zero   RW         1132    .bss.countCycle     dwt.o
    0x200018c0        -       0x000002dc   Zero   RW         1213    .bss.hUsbDeviceFS   usb_device.o
    0x20001b9c        -       0x00000028   Zero   RW           53    .bss.hcan1          can.o
    0x20001bc4        -       0x00000028   Zero   RW           54    .bss.hcan2          can.o
    0x20001bec        -       0x00000060   Zero   RW           78    .bss.hdma_usart3_rx  usart.o
    0x20001c4c        -       0x000004e4   Zero   RW         1340    .bss.hpcd_USB_OTG_FS  usbd_conf.o
    0x20002130        -       0x00000048   Zero   RW           77    .bss.huart3         usart.o
    0x20002178        -       0x00000004   Zero   RW         1131    .bss.lastTick       dwt.o
    0x2000217c        -       0x00000100   Zero   RW         1145    .bss.minipc         minipc_protocol.o
    0x2000227c        -       0x00000008   Zero   RW         1055    .bss.motor_can_send_data  can_user.o
    0x20002284        -       0x00000018   Zero   RW         1054    .bss.motor_tx_message  can_user.o
    0x2000229c        -       0x00000016   Zero   RW         1088    .bss.rc_ctrl        remote_control.o
    0x200022b2        -       0x00000020   Zero   RW         1560    .bss.roketShootTask  dart.o
    0x200022d2        -       0x00000048   Zero   RW         1087    .bss.sbus_rx_buf    remote_control.o
    0x2000231a   0x0800af44   0x00000002   PAD
    0x2000231c        -       0x00000004   Zero   RW          787    .bss.uwTick         stm32f4xx_hal.o
    0x20002320        -       0x00000200   Zero   RW            2    HEAP                startup_stm32f446xx.o
    0x20002520        -       0x00000400   Zero   RW            1    STACK               startup_stm32f446xx.o


==============================================================================

Image component sizes


      Code (inc. data)   RO Data    RW Data    ZI Data      Debug   Object Name

       100          0          0          0          0       1409   bsp_can.o
       160          0          0          0          0        991   bsp_rc.o
       586          0          0          0         84       6634   can.o
       722          4          0          0        104       4109   can_user.o
       314          0        512          2          0       2150   crc8_crc16.o
      3338         48          0          9         32       7138   dart.o
        60          0          0          0          0       3480   dma.o
       310          8          0          0         12       1459   dwt.o
       184          0          0          0          0       2126   gpio.o
       888         20          0          0          0       3752   main.o
       334          0          0          0        256       1886   minipc_protocol.o
       108          0          0          0        720       1739   motorusr.o
       454          0          0          0          0       1655   pid.o
       638          0          0          0         96       2637   remote_control.o
        64         26        452          0       1536        832   startup_stm32f446xx.o
       270          0          0          5          4       7302   stm32f4xx_hal.o
      3096          0          0          0          0      11565   stm32f4xx_hal_can.o
       482          0          0          0          0       9824   stm32f4xx_hal_cortex.o
      1490          8          8          0          0       8500   stm32f4xx_hal_dma.o
       968          0          0          0          0       5193   stm32f4xx_hal_gpio.o
        74          0          0          0          0       1566   stm32f4xx_hal_msp.o
      5066          0          0          0          0      14647   stm32f4xx_hal_pcd.o
       234          0          0          0          0       4707   stm32f4xx_hal_pcd_ex.o
       690          0          0          0          0       7693   stm32f4xx_hal_rcc.o
      4002         14          0          0          0      11034   stm32f4xx_hal_rcc_ex.o
       472          0          0          0          0      20344   stm32f4xx_hal_uart.o
       130          0          0          0          0       1583   stm32f4xx_it.o
      5090          0          0          0          0      19900   stm32f4xx_ll_usb.o
        18          0         24          4          0       2613   system_stm32f4xx.o
       406          0          0          0        168       7069   usart.o
       118          0          0          0        732       3142   usb_device.o
      2370         12          0        136          0      11001   usbd_cdc.o
       220         36          0         20       4096       2609   usbd_cdc_if.o
      1576          4          0          0       1796      15957   usbd_conf.o
      2130          0          0          0          0       8986   usbd_core.o
      3466         46          0          0          1       8622   usbd_ctlreq.o
       598          0         66         92        512       3450   usbd_desc.o
       232          0          0          0          0       4205   usbd_ioreq.o

    ----------------------------------------------------------------------
     41724        226       1096        276      10156     233509   Object Totals
         0          0         32          0          0          0   (incl. Generated)
       266          0          2          8          7          0   (incl. Padding)

    ----------------------------------------------------------------------

      Code (inc. data)   RO Data    RW Data    ZI Data      Debug   Library Member Name

         8          0          0          0          0         68   __main.o
         0          0          0          0          0          0   __rtentry.o
        12          0          0          0          0          0   __rtentry2.o
         6          0          0          0          0          0   __rtentry4.o
        94          8          0          0          0          0   __scatter.o
        26          0          0          0          0          0   __scatter_copy.o
        28          0          0          0          0          0   __scatter_zi.o
        18          0          0          0          0         80   exit.o
         6          0          0          0          0        152   heapauxi.o
         0          0          0          0          0          0   indicate_semi.o
         2          0          0          0          0          0   libinit.o
         6          0          0          0          0          0   libinit2.o
         2          0          0          0          0          0   libshutdown.o
         2          0          0          0          0          0   libshutdown2.o
         8          4          0          0         96         68   libspace.o
       240          0          0          0          0        100   lludivv7m.o
        78          0          0          0          0         80   rt_memclr_w.o
       138          0          0          0          0         68   rt_memcpy_v6.o
       100          0          0          0          0         80   rt_memcpy_w.o
         2          0          0          0          0          0   rtexit.o
        10          0          0          0          0          0   rtexit2.o
        12          4          0          0          0         68   sys_exit.o
        74          0          0          0          0         80   sys_stackheap_outer.o
         2          0          0          0          0         68   use_no_semi.o
        84          0          0          0          0        244   dcmp.o
        24          0          0          0          0        116   dcmpi.o
       120          4          0          0          0        140   deqf.o
       120          4          0          0          0        140   dgeqf.o
       120          4          0          0          0        140   dleqf.o
       156          4          0          0          0        140   dnaninf.o
        12          0          0          0          0        116   dretinf.o
        86          4          0          0          0        132   f2d.o
       140          4          0          0          0        132   fnaninf.o
        26          0          0          0          0        116   fpinit.o
         0          0          0          0          0          0   usenofp.o

    ----------------------------------------------------------------------
      1772         40          0          0         96       2328   Library Totals
        10          0          0          0          0          0   (incl. Padding)

    ----------------------------------------------------------------------

      Code (inc. data)   RO Data    RW Data    ZI Data      Debug   Library Name

       874         16          0          0         96        912   c_w.l
       888         24          0          0          0       1416   fz_wm.l

    ----------------------------------------------------------------------
      1772         40          0          0         96       2328   Library Totals

    ----------------------------------------------------------------------

==============================================================================


      Code (inc. data)   RO Data    RW Data    ZI Data      Debug   

     43496        266       1096        276      10252     233921   Grand Totals
     43496        266       1096        276      10252     233921   ELF Image Totals
     43496        266       1096        276          0          0   ROM Totals

==============================================================================

    Total RO  Size (Code + RO Data)                44592 (  43.55kB)
    Total RW  Size (RW Data + ZI Data)             10528 (  10.28kB)
    Total ROM Size (Code + RO Data + RW Data)      44868 (  43.82kB)

==============================================================================

