<html>
<body>
<pre>
<h1>µVision Build Log</h1>
<h2>Tool Versions:</h2>
IDE-Version: ¦ÌVision V5.39.0.0
Copyright (C) 2023 ARM Ltd and ARM Germany GmbH. All rights reserved.
License Information: 111 111, 111, LIC=WHYH9-4ZCPL-Y8EFK-ZCCM2-BNK0V-Q3A1Y
 
Tool Versions:
Toolchain:       MDK-ARM Plus  Version: 5.39.0.0
Toolchain Path:  E:\project_app\Keil\Keil_V5\ARM\ARMCLANG\Bin
C Compiler:      ArmClang.exe V6.21
Assembler:       Armasm.exe V6.21
Linker/Locator:  ArmLink.exe V6.21
Library Manager: ArmAr.exe V6.21
Hex Converter:   FromElf.exe V6.21
CPU DLL:         SARMCM3.DLL V5.39.0.0
Dialog DLL:      DCM.DLL V1.17.5.0
Target DLL:      CMSIS_AGDI.dll V1.33.16.0
Dialog DLL:      TCM.DLL V1.56.4.0
 
<h2>Project:</h2>
E:\project\Eide\cubeMX\DART2025Z\MDK-ARM\DART2025Z.uvprojx
Project File Date:  04/21/2025

<h2>Output:</h2>
*** Using Compiler 'V6.21', folder: 'E:\project_app\Keil\Keil_V5\ARM\ARMCLANG\Bin'
Build target 'DART2025Z'
compiling main.c...
compiling stm32f4xx_ll_usb.c...
compiling stm32f4xx_hal_exti.c...
compiling can.c...
compiling stm32f4xx_hal_dma_ex.c...
compiling stm32f4xx_hal_rcc_ex.c...
compiling gpio.c...
compiling dma.c...
compiling stm32f4xx_hal_flash_ex.c...
compiling stm32f4xx_hal_msp.c...
compiling stm32f4xx_hal_gpio.c...
compiling stm32f4xx_hal_rcc.c...
compiling stm32f4xx_it.c...
compiling stm32f4xx_hal_flash_ramfunc.c...
compiling DWT.c...
compiling motor.c...
compiling motorUsr.c...
compiling minipc_protocol.c...
compiling referee.c...
compiling stm32f4xx_hal_pcd_ex.c...
compiling stm32f4xx_hal_dma.c...
compiling stm32f4xx_hal_pwr.c...
compiling stm32f4xx_hal_flash.c...
compiling system_stm32f4xx.c...
compiling PID.c...
compiling stm32f4xx_hal.c...
compiling can_user.c...
compiling usart.c...
compiling stm32f4xx_hal_pwr_ex.c...
compiling remote_control.c...
compiling stm32f4xx_hal_cortex.c...
compiling stm32f4xx_hal_can.c...
compiling stm32f4xx_hal_uart.c...
compiling stm32f4xx_hal_pcd.c...
compiling bsp_can.c...
compiling bsp_rc.c...
compiling struct_typedef.c...
compiling CRC8_CRC16.c...
compiling usb_device.c...
compiling usbd_desc.c...
compiling usbd_cdc_if.c...
compiling usbd_conf.c...
compiling usbd_ioreq.c...
compiling usbd_core.c...
compiling usbd_ctlreq.c...
compiling usbd_cdc.c...
compiling dart.c...
linking...
Program Size: Code=48860 RO-data=1352 RW-data=276 ZI-data=11244  
FromELF: creating hex file...
"DART2025Z\DART2025Z.axf" - 0 Error(s), 0 Warning(s).

<h2>Software Packages used:</h2>

Package Vendor: ARM
                http://www.keil.com/pack/ARM.CMSIS.5.9.0.pack
                ARM::CMSIS@5.9.0
                CMSIS (Common Microcontroller Software Interface Standard)
   * Component: CORE Version: 5.6.0

Package Vendor: Keil
                https://www.keil.com/pack/Keil.STM32F4xx_DFP.2.17.1.pack
                Keil::STM32F4xx_DFP@2.17.1
                STMicroelectronics STM32F4 Series Device Support, Drivers and Examples

<h2>Collection of Component include folders:</h2>
  ./RTE/_DART2025Z
  E:/project_app/Keil/Packs/ARM/CMSIS/5.9.0/CMSIS/Core/Include
  E:/project_app/Keil/Packs/Keil/STM32F4xx_DFP/2.17.1/Drivers/CMSIS/Device/ST/STM32F4xx/Include

<h2>Collection of Component Files used:</h2>

   * Component: ARM::CMSIS:CORE@5.6.0
      Include file:  CMSIS/Core/Include/tz_context.h
Build Time Elapsed:  00:00:03
</pre>
</body>
</html>
