Component: Arm Compiler for Embedded 6.21 Tool: armlink [5ec1fa00]

==============================================================================

Section Cross References

    startup_stm32f446xx.o(STACK) refers (Special) to heapauxi.o(.text) for __use_two_region_memory
    startup_stm32f446xx.o(HEAP) refers (Special) to heapauxi.o(.text) for __use_two_region_memory
    startup_stm32f446xx.o(RESET) refers (Special) to heapauxi.o(.text) for __use_two_region_memory
    startup_stm32f446xx.o(RESET) refers to startup_stm32f446xx.o(STACK) for __initial_sp
    startup_stm32f446xx.o(RESET) refers to startup_stm32f446xx.o(.text) for Reset_Handler
    startup_stm32f446xx.o(RESET) refers to stm32f4xx_it.o(.text.NMI_Handler) for NMI_Handler
    startup_stm32f446xx.o(RESET) refers to stm32f4xx_it.o(.text.HardFault_Handler) for HardFault_Handler
    startup_stm32f446xx.o(RESET) refers to stm32f4xx_it.o(.text.MemManage_Handler) for MemManage_Handler
    startup_stm32f446xx.o(RESET) refers to stm32f4xx_it.o(.text.BusFault_Handler) for BusFault_Handler
    startup_stm32f446xx.o(RESET) refers to stm32f4xx_it.o(.text.UsageFault_Handler) for UsageFault_Handler
    startup_stm32f446xx.o(RESET) refers to stm32f4xx_it.o(.text.SVC_Handler) for SVC_Handler
    startup_stm32f446xx.o(RESET) refers to stm32f4xx_it.o(.text.DebugMon_Handler) for DebugMon_Handler
    startup_stm32f446xx.o(RESET) refers to stm32f4xx_it.o(.text.PendSV_Handler) for PendSV_Handler
    startup_stm32f446xx.o(RESET) refers to stm32f4xx_it.o(.text.SysTick_Handler) for SysTick_Handler
    startup_stm32f446xx.o(RESET) refers to stm32f4xx_it.o(.text.DMA1_Stream1_IRQHandler) for DMA1_Stream1_IRQHandler
    startup_stm32f446xx.o(RESET) refers to stm32f4xx_it.o(.text.CAN1_TX_IRQHandler) for CAN1_TX_IRQHandler
    startup_stm32f446xx.o(RESET) refers to stm32f4xx_it.o(.text.CAN1_RX0_IRQHandler) for CAN1_RX0_IRQHandler
    startup_stm32f446xx.o(RESET) refers to remote_control.o(.text.USART3_IRQHandler) for USART3_IRQHandler
    startup_stm32f446xx.o(RESET) refers to stm32f4xx_it.o(.text.CAN2_TX_IRQHandler) for CAN2_TX_IRQHandler
    startup_stm32f446xx.o(RESET) refers to stm32f4xx_it.o(.text.CAN2_RX0_IRQHandler) for CAN2_RX0_IRQHandler
    startup_stm32f446xx.o(RESET) refers to stm32f4xx_it.o(.text.OTG_FS_IRQHandler) for OTG_FS_IRQHandler
    startup_stm32f446xx.o(.text) refers (Special) to heapauxi.o(.text) for __use_two_region_memory
    startup_stm32f446xx.o(.text) refers to system_stm32f4xx.o(.text.SystemInit) for SystemInit
    startup_stm32f446xx.o(.text) refers to __main.o(!!!main) for __main
    startup_stm32f446xx.o(.text) refers to startup_stm32f446xx.o(HEAP) for Heap_Mem
    startup_stm32f446xx.o(.text) refers to startup_stm32f446xx.o(STACK) for Stack_Mem
    main.o(.text.taskInit) refers to dwt.o(.text.DWT_init) for DWT_init
    main.o(.text.taskInit) refers to dwt.o(.text.DWTRefreshTimeMs) for DWTRefreshTimeMs
    main.o(.text.taskInit) refers to remote_control.o(.text.remote_control_init) for remote_control_init
    main.o(.text.taskInit) refers to motorusr.o(.bss.D2006_motor1) for D2006_motor1
    main.o(.text.taskInit) refers to motorusr.o(.text.motorInit) for motorInit
    main.o(.text.taskInit) refers to motorusr.o(.bss.D2006_motor2) for D2006_motor2
    main.o(.text.taskInit) refers to motorusr.o(.bss.D3508_motor1) for D3508_motor1
    main.o(.text.taskInit) refers to motorusr.o(.bss.D3508_motor2) for D3508_motor2
    main.o(.text.taskInit) refers to motorusr.o(.bss.D6020_motor1) for D6020_motor1
    main.o(.text.taskInit) refers to pid.o(.text.pid_init) for pid_init
    main.o(.text.taskInit) refers to bsp_can.o(.text.can_filter_init) for can_filter_init
    main.o(.ARM.exidx.text.taskInit) refers to main.o(.text.taskInit) for [Anonymous Symbol]
    main.o(.text.main) refers to stm32f4xx_hal.o(.text.HAL_Init) for HAL_Init
    main.o(.text.main) refers to main.o(.text.SystemClock_Config) for SystemClock_Config
    main.o(.text.main) refers to gpio.o(.text.MX_GPIO_Init) for MX_GPIO_Init
    main.o(.text.main) refers to dma.o(.text.MX_DMA_Init) for MX_DMA_Init
    main.o(.text.main) refers to can.o(.text.MX_CAN1_Init) for MX_CAN1_Init
    main.o(.text.main) refers to can.o(.text.MX_CAN2_Init) for MX_CAN2_Init
    main.o(.text.main) refers to usart.o(.text.MX_USART3_UART_Init) for MX_USART3_UART_Init
    main.o(.text.main) refers to usb_device.o(.text.MX_USB_DEVICE_Init) for MX_USB_DEVICE_Init
    main.o(.text.main) refers to main.o(.text.taskInit) for taskInit
    main.o(.text.main) refers to dwt.o(.text.DWTRefreshTimeMs) for DWTRefreshTimeMs
    main.o(.text.main) refers to dart.o(.text.dartSysStateCheck) for dartSysStateCheck
    main.o(.text.main) refers to dart.o(.text.checkControlMode) for checkControlMode
    main.o(.text.main) refers to dart.o(.data.mode) for mode
    main.o(.text.main) refers to dart.o(.text.manualTask) for manualTask
    main.o(.text.main) refers to dart.o(.text.semiAutoTask) for semiAutoTask
[...]
    RCC_IRQHandler                           0x080002ab   Thumb Code     0  startup_stm32f446xx.o(.text)
    RTC_Alarm_IRQHandler                     0x080002ab   Thumb Code     0  startup_stm32f446xx.o(.text)
    RTC_WKUP_IRQHandler                      0x080002ab   Thumb Code     0  startup_stm32f446xx.o(.text)
    SAI1_IRQHandler                          0x080002ab   Thumb Code     0  startup_stm32f446xx.o(.text)
    SAI2_IRQHandler                          0x080002ab   Thumb Code     0  startup_stm32f446xx.o(.text)
    SDIO_IRQHandler                          0x080002ab   Thumb Code     0  startup_stm32f446xx.o(.text)
    SPDIF_RX_IRQHandler                      0x080002ab   Thumb Code     0  startup_stm32f446xx.o(.text)
    SPI1_IRQHandler                          0x080002ab   Thumb Code     0  startup_stm32f446xx.o(.text)
    SPI2_IRQHandler                          0x080002ab   Thumb Code     0  startup_stm32f446xx.o(.text)
    SPI3_IRQHandler                          0x080002ab   Thumb Code     0  startup_stm32f446xx.o(.text)
    SPI4_IRQHandler                          0x080002ab   Thumb Code     0  startup_stm32f446xx.o(.text)
    TAMP_STAMP_IRQHandler                    0x080002ab   Thumb Code     0  startup_stm32f446xx.o(.text)
    TIM1_BRK_TIM9_IRQHandler                 0x080002ab   Thumb Code     0  startup_stm32f446xx.o(.text)
    TIM1_CC_IRQHandler                       0x080002ab   Thumb Code     0  startup_stm32f446xx.o(.text)
    TIM1_TRG_COM_TIM11_IRQHandler            0x080002ab   Thumb Code     0  startup_stm32f446xx.o(.text)
    TIM1_UP_TIM10_IRQHandler                 0x080002ab   Thumb Code     0  startup_stm32f446xx.o(.text)
    TIM2_IRQHandler                          0x080002ab   Thumb Code     0  startup_stm32f446xx.o(.text)
    TIM3_IRQHandler                          0x080002ab   Thumb Code     0  startup_stm32f446xx.o(.text)
    TIM4_IRQHandler                          0x080002ab   Thumb Code     0  startup_stm32f446xx.o(.text)
    TIM5_IRQHandler                          0x080002ab   Thumb Code     0  startup_stm32f446xx.o(.text)
    TIM6_DAC_IRQHandler                      0x080002ab   Thumb Code     0  startup_stm32f446xx.o(.text)
    TIM7_IRQHandler                          0x080002ab   Thumb Code     0  startup_stm32f446xx.o(.text)
    TIM8_BRK_TIM12_IRQHandler                0x080002ab   Thumb Code     0  startup_stm32f446xx.o(.text)
    TIM8_CC_IRQHandler                       0x080002ab   Thumb Code     0  startup_stm32f446xx.o(.text)
    TIM8_TRG_COM_TIM14_IRQHandler            0x080002ab   Thumb Code     0  startup_stm32f446xx.o(.text)
    TIM8_UP_TIM13_IRQHandler                 0x080002ab   Thumb Code     0  startup_stm32f446xx.o(.text)
    UART4_IRQHandler                         0x080002ab   Thumb Code     0  startup_stm32f446xx.o(.text)
    UART5_IRQHandler                         0x080002ab   Thumb Code     0  startup_stm32f446xx.o(.text)
    USART1_IRQHandler                        0x080002ab   Thumb Code     0  startup_stm32f446xx.o(.text)
    USART2_IRQHandler                        0x080002ab   Thumb Code     0  startup_stm32f446xx.o(.text)
    USART6_IRQHandler                        0x080002ab   Thumb Code     0  startup_stm32f446xx.o(.text)
    WWDG_IRQHandler                          0x080002ab   Thumb Code     0  startup_stm32f446xx.o(.text)
    __user_initial_stackheap                 0x080002ad   Thumb Code     0  startup_stm32f446xx.o(.text)
    __aeabi_uldivmod                         0x080002d1   Thumb Code     0  lludivv7m.o(.text)
    _ll_udiv                                 0x080002d1   Thumb Code   240  lludivv7m.o(.text)
    __aeabi_memcpy                           0x080003c1   Thumb Code     0  rt_memcpy_v6.o(.text)
    __rt_memcpy                              0x080003c1   Thumb Code   138  rt_memcpy_v6.o(.text)
    _memcpy_lastbytes                        0x08000427   Thumb Code     0  rt_memcpy_v6.o(.text)
    __aeabi_memclr4                          0x0800044b   Thumb Code     0  rt_memclr_w.o(.text)
    __aeabi_memclr8                          0x0800044b   Thumb Code     0  rt_memclr_w.o(.text)
    __rt_memclr_w                            0x0800044b   Thumb Code     0  rt_memclr_w.o(.text)
    _memset_w                                0x0800044f   Thumb Code    74  rt_memclr_w.o(.text)
    __use_two_region_memory                  0x08000499   Thumb Code     2  heapauxi.o(.text)
    __rt_heap_escrow$2region                 0x0800049b   Thumb Code     2  heapauxi.o(.text)
    __rt_heap_expand$2region                 0x0800049d   Thumb Code     2  heapauxi.o(.text)
    __aeabi_memcpy4                          0x0800049f   Thumb Code     0  rt_memcpy_w.o(.text)
    __aeabi_memcpy8                          0x0800049f   Thumb Code     0  rt_memcpy_w.o(.text)
    __rt_memcpy_w                            0x0800049f   Thumb Code   100  rt_memcpy_w.o(.text)
    _memcpy_lastbytes_aligned                0x080004e7   Thumb Code     0  rt_memcpy_w.o(.text)
    __user_setup_stackheap                   0x08000503   Thumb Code    74  sys_stackheap_outer.o(.text)
    exit                                     0x0800054d   Thumb Code    18  exit.o(.text)
    __user_libspace                          0x08000561   Thumb Code     8  libspace.o(.text)
    __user_perproc_libspace                  0x08000561   Thumb Code     0  libspace.o(.text)
    __user_perthread_libspace                0x08000561   Thumb Code     0  libspace.o(.text)
    _sys_exit                                0x08000569   Thumb Code     8  sys_exit.o(.text)
    __I$use$semihosting                      0x08000575   Thumb Code     0  use_no_semi.o(.text)
    __use_no_semihosting_swi                 0x08000575   Thumb Code     2  use_no_semi.o(.text)
    __semihosting_library_function           0x08000577   Thumb Code     0  indicate_semi.o(.text)
    BusFault_Handler                         0x08000579   Thumb Code     4  stm32f4xx_it.o(.text.BusFault_Handler)
    CAN1_RX0_IRQHandler                      0x0800057d   Thumb Code    16  stm32f4xx_it.o(.text.CAN1_RX0_IRQHandler)
    CAN1_TX_IRQHandler                       0x0800058d   Thumb Code    16  stm32f4xx_it.o(.text.CAN1_TX_IRQHandler)
    CAN2_RX0_IRQHandler                      0x0800059d   Thumb Code    16  stm32f4xx_it.o(.text.CAN2_RX0_IRQHandler)
    CAN2_TX_IRQHandler                       0x080005ad   Thumb Code    16  stm32f4xx_it.o(.text.CAN2_TX_IRQHandler)
    DMA1_Stream1_IRQHandler                  0x0800069d   Thumb Code    16  stm32f4xx_it.o(.text.DMA1_Stream1_IRQHandler)
    DWTGetDeltaTMS                           0x080007f5   Thumb Code    50  dwt.o(.text.DWTGetDeltaTMS)
    DWTGetTimeMs                             0x08000829   Thumb Code    14  dwt.o(.text.DWTGetTimeMs)
    DWTRefreshTimeMs                         0x08000839   Thumb Code   180  dwt.o(.text.DWTRefreshTimeMs)
    DWT_TS_GET                               0x080008f5   Thumb Code    12  dwt.o(.text.DWT_TS_GET)
    DWT_init                                 0x08000901   Thumb Code    46  dwt.o(.text.DWT_init)
    DebugMon_Handler                         0x08000931   Thumb Code     2  stm32f4xx_it.o(.text.DebugMon_Handler)
    Error_Handler                            0x08000935   Thumb Code     6  main.o(.text.Error_Handler)
    Get_CRC16_Check_Sum                      0x0800093d   Thumb Code   102  crc8_crc16.o(.text.Get_CRC16_Check_Sum)
    HAL_CAN_ActivateNotification             0x08000a01   Thumb Code    82  stm32f4xx_hal_can.o(.text.HAL_CAN_ActivateNotification)
    HAL_CAN_AddTxMessage                     0x08000a55   Thumb Code   342  stm32f4xx_hal_can.o(.text.HAL_CAN_AddTxMessage)
    HAL_CAN_ConfigFilter                     0x08000bad   Thumb Code   420  stm32f4xx_hal_can.o(.text.HAL_CAN_ConfigFilter)
    HAL_CAN_ErrorCallback                    0x08000d51   Thumb Code     8  stm32f4xx_hal_can.o(.text.HAL_CAN_ErrorCallback)
    HAL_CAN_GetRxMessage                     0x08000d59   Thumb Code   530  stm32f4xx_hal_can.o(.text.HAL_CAN_GetRxMessage)
    HAL_CAN_IRQHandler                       0x08000f6d   Thumb Code  1010  stm32f4xx_hal_can.o(.text.HAL_CAN_IRQHandler)
    HAL_CAN_Init                             0x08001361   Thumb Code   478  stm32f4xx_hal_can.o(.text.HAL_CAN_Init)
    HAL_CAN_MspInit                          0x08001541   Thumb Code   430  can.o(.text.HAL_CAN_MspInit)
    HAL_CAN_RxFifo0FullCallback              0x080016f1   Thumb Code     8  stm32f4xx_hal_can.o(.text.HAL_CAN_RxFifo0FullCallback)
    HAL_CAN_RxFifo0MsgPendingCallback        0x080016f9   Thumb Code   446  can_user.o(.text.HAL_CAN_RxFifo0MsgPendingCallback)
    HAL_CAN_RxFifo1FullCallback              0x080018b9   Thumb Code     8  stm32f4xx_hal_can.o(.text.HAL_CAN_RxFifo1FullCallback)
    HAL_CAN_RxFifo1MsgPendingCallback        0x080018c1   Thumb Code     8  stm32f4xx_hal_can.o(.text.HAL_CAN_RxFifo1MsgPendingCallback)
    HAL_CAN_SleepCallback                    0x080018c9   Thumb Code     8  stm32f4xx_hal_can.o(.text.HAL_CAN_SleepCallback)
    HAL_CAN_Start                            0x080018d1   Thumb Code   138  stm32f4xx_hal_can.o(.text.HAL_CAN_Start)
    HAL_CAN_TxMailbox0AbortCallback          0x0800195d   Thumb Code     8  stm32f4xx_hal_can.o(.text.HAL_CAN_TxMailbox0AbortCallback)
    HAL_CAN_TxMailbox0CompleteCallback       0x08001965   Thumb Code     8  stm32f4xx_hal_can.o(.text.HAL_CAN_TxMailbox0CompleteCallback)
    HAL_CAN_TxMailbox1AbortCallback          0x0800196d   Thumb Code     8  stm32f4xx_hal_can.o(.text.HAL_CAN_TxMailbox1AbortCallback)
    HAL_CAN_TxMailbox1CompleteCallback       0x08001975   Thumb Code     8  stm32f4xx_hal_can.o(.text.HAL_CAN_TxMailbox1CompleteCallback)
    HAL_CAN_TxMailbox2AbortCallback          0x0800197d   Thumb Code     8  stm32f4xx_hal_can.o(.text.HAL_CAN_TxMailbox2AbortCallback)
    HAL_CAN_TxMailbox2CompleteCallback       0x08001985   Thumb Code     8  stm32f4xx_hal_can.o(.text.HAL_CAN_TxMailbox2CompleteCallback)
    HAL_CAN_WakeUpFromRxMsgCallback          0x0800198d   Thumb Code     8  stm32f4xx_hal_can.o(.text.HAL_CAN_WakeUpFromRxMsgCallback)
    HAL_DMA_IRQHandler                       0x08001995   Thumb Code   798  stm32f4xx_hal_dma.o(.text.HAL_DMA_IRQHandler)
    HAL_DMA_Init                             0x08001cb5   Thumb Code   366  stm32f4xx_hal_dma.o(.text.HAL_DMA_Init)
    HAL_Delay                                0x08001e25   Thumb Code    66  stm32f4xx_hal.o(.text.HAL_Delay)
    HAL_GPIO_Init                            0x08001e69   Thumb Code   922  stm32f4xx_hal_gpio.o(.text.HAL_GPIO_Init)
    HAL_GPIO_ReadPin                         0x08002205   Thumb Code    46  stm32f4xx_hal_gpio.o(.text.HAL_GPIO_ReadPin)
    HAL_GetTick                              0x08002235   Thumb Code    12  stm32f4xx_hal.o(.text.HAL_GetTick)
    HAL_IncTick                              0x08002241   Thumb Code    26  stm32f4xx_hal.o(.text.HAL_IncTick)
    HAL_Init                                 0x0800225d   Thumb Code    54  stm32f4xx_hal.o(.text.HAL_Init)
    HAL_InitTick                             0x08002295   Thumb Code   112  stm32f4xx_hal.o(.text.HAL_InitTick)
    HAL_MspInit                              0x08002305   Thumb Code    74  stm32f4xx_hal_msp.o(.text.HAL_MspInit)
    HAL_NVIC_EnableIRQ                       0x08002351   Thumb Code    20  stm32f4xx_hal_cortex.o(.text.HAL_NVIC_EnableIRQ)
    HAL_NVIC_SetPriority                     0x08002365   Thumb Code    50  stm32f4xx_hal_cortex.o(.text.HAL_NVIC_SetPriority)
    HAL_NVIC_SetPriorityGrouping             0x08002399   Thumb Code    16  stm32f4xx_hal_cortex.o(.text.HAL_NVIC_SetPriorityGrouping)
    HAL_PCDEx_ActivateLPM                    0x080023a9   Thumb Code    54  stm32f4xx_hal_pcd_ex.o(.text.HAL_PCDEx_ActivateLPM)
    HAL_PCDEx_LPM_Callback                   0x080023e1   Thumb Code   146  usbd_conf.o(.text.HAL_PCDEx_LPM_Callback)
    HAL_PCDEx_SetRxFiFo                      0x08002475   Thumb Code    24  stm32f4xx_hal_pcd_ex.o(.text.HAL_PCDEx_SetRxFiFo)
    HAL_PCDEx_SetTxFiFo                      0x0800248d   Thumb Code   156  stm32f4xx_hal_pcd_ex.o(.text.HAL_PCDEx_SetTxFiFo)
    HAL_PCD_ConnectCallback                  0x08002529   Thumb Code    20  usbd_conf.o(.text.HAL_PCD_ConnectCallback)
    HAL_PCD_DataInStageCallback              0x0800253d   Thumb Code    38  usbd_conf.o(.text.HAL_PCD_DataInStageCallback)
    HAL_PCD_DataOutStageCallback             0x08002565   Thumb Code    40  usbd_conf.o(.text.HAL_PCD_DataOutStageCallback)
    HAL_PCD_DisconnectCallback               0x0800258d   Thumb Code    20  usbd_conf.o(.text.HAL_PCD_DisconnectCallback)
    HAL_PCD_EP_Abort                         0x080025a1   Thumb Code    94  stm32f4xx_hal_pcd.o(.text.HAL_PCD_EP_Abort)
    HAL_PCD_EP_Close                         0x08002601   Thumb Code   168  stm32f4xx_hal_pcd.o(.text.HAL_PCD_EP_Close)
    HAL_PCD_EP_ClrStall                      0x080026a9   Thumb Code   200  stm32f4xx_hal_pcd.o(.text.HAL_PCD_EP_ClrStall)
    HAL_PCD_EP_GetRxCount                    0x08002771   Thumb Code    34  stm32f4xx_hal_pcd.o(.text.HAL_PCD_EP_GetRxCount)
    HAL_PCD_EP_Open                          0x08002795   Thumb Code   238  stm32f4xx_hal_pcd.o(.text.HAL_PCD_EP_Open)
    HAL_PCD_EP_Receive                       0x08002885   Thumb Code   108  stm32f4xx_hal_pcd.o(.text.HAL_PCD_EP_Receive)
    HAL_PCD_EP_SetStall                      0x080028f1   Thumb Code   222  stm32f4xx_hal_pcd.o(.text.HAL_PCD_EP_SetStall)
    HAL_PCD_EP_Transmit                      0x080029d1   Thumb Code   108  stm32f4xx_hal_pcd.o(.text.HAL_PCD_EP_Transmit)
    HAL_PCD_IRQHandler                       0x08002a3d   Thumb Code  2184  stm32f4xx_hal_pcd.o(.text.HAL_PCD_IRQHandler)
    HAL_PCD_ISOINIncompleteCallback          0x080032c5   Thumb Code    28  usbd_conf.o(.text.HAL_PCD_ISOINIncompleteCallback)
    HAL_PCD_ISOOUTIncompleteCallback         0x080032e1   Thumb Code    28  usbd_conf.o(.text.HAL_PCD_ISOOUTIncompleteCallback)
    HAL_PCD_Init                             0x080032fd   Thumb Code   594  stm32f4xx_hal_pcd.o(.text.HAL_PCD_Init)
    HAL_PCD_MspInit                          0x08003551   Thumb Code   210  usbd_conf.o(.text.HAL_PCD_MspInit)
    HAL_PCD_ResetCallback                    0x08003625   Thumb Code    82  usbd_conf.o(.text.HAL_PCD_ResetCallback)
    HAL_PCD_ResumeCallback                   0x08003679   Thumb Code    20  usbd_conf.o(.text.HAL_PCD_ResumeCallback)
    HAL_PCD_SOFCallback                      0x0800368d   Thumb Code    20  usbd_conf.o(.text.HAL_PCD_SOFCallback)
    HAL_PCD_SetAddress                       0x080036a1   Thumb Code    92  stm32f4xx_hal_pcd.o(.text.HAL_PCD_SetAddress)
    HAL_PCD_SetupStageCallback               0x080036fd   Thumb Code    24  usbd_conf.o(.text.HAL_PCD_SetupStageCallback)
    HAL_PCD_Start                            0x08003715   Thumb Code   124  stm32f4xx_hal_pcd.o(.text.HAL_PCD_Start)
    HAL_PCD_SuspendCallback                  0x08003791   Thumb Code    62  usbd_conf.o(.text.HAL_PCD_SuspendCallback)
    HAL_RCCEx_PeriphCLKConfig                0x080037d1   Thumb Code  1804  stm32f4xx_hal_rcc_ex.o(.text.HAL_RCCEx_PeriphCLKConfig)
    HAL_RCC_ClockConfig                      0x08003edd   Thumb Code   610  stm32f4xx_hal_rcc.o(.text.HAL_RCC_ClockConfig)
    HAL_RCC_GetHCLKFreq                      0x08004141   Thumb Code    12  stm32f4xx_hal_rcc.o(.text.HAL_RCC_GetHCLKFreq)
    HAL_RCC_GetPCLK1Freq                     0x0800414d   Thumb Code    34  stm32f4xx_hal_rcc.o(.text.HAL_RCC_GetPCLK1Freq)
    HAL_RCC_GetPCLK2Freq                     0x08004171   Thumb Code    34  stm32f4xx_hal_rcc.o(.text.HAL_RCC_GetPCLK2Freq)
    HAL_RCC_GetSysClockFreq                  0x08004195   Thumb Code   368  stm32f4xx_hal_rcc_ex.o(.text.HAL_RCC_GetSysClockFreq)
    HAL_RCC_OscConfig                        0x08004305   Thumb Code  1830  stm32f4xx_hal_rcc_ex.o(.text.HAL_RCC_OscConfig)
    HAL_SYSTICK_Config                       0x08004a2d   Thumb Code    16  stm32f4xx_hal_cortex.o(.text.HAL_SYSTICK_Config)
    HAL_UART_Init                            0x08004a3d   Thumb Code   158  stm32f4xx_hal_uart.o(.text.HAL_UART_Init)
    HAL_UART_MspInit                         0x08004add   Thumb Code   338  usart.o(.text.HAL_UART_MspInit)
    HardFault_Handler                        0x08004c31   Thumb Code     4  stm32f4xx_it.o(.text.HardFault_Handler)
    MX_CAN1_Init                             0x08004cb1   Thumb Code    78  can.o(.text.MX_CAN1_Init)
    MX_CAN2_Init                             0x08004d01   Thumb Code    78  can.o(.text.MX_CAN2_Init)
    MX_DMA_Init                              0x08004d51   Thumb Code    60  dma.o(.text.MX_DMA_Init)
    MX_GPIO_Init                             0x08004d8d   Thumb Code   184  gpio.o(.text.MX_GPIO_Init)
    MX_USART3_UART_Init                      0x08004e45   Thumb Code    68  usart.o(.text.MX_USART3_UART_Init)
    MX_USB_DEVICE_Init                       0x08004e89   Thumb Code   118  usb_device.o(.text.MX_USB_DEVICE_Init)
    MemManage_Handler                        0x08004f01   Thumb Code     4  stm32f4xx_it.o(.text.MemManage_Handler)
    NMI_Handler                              0x08004f05   Thumb Code     4  stm32f4xx_it.o(.text.NMI_Handler)
    OTG_FS_IRQHandler                        0x08004f75   Thumb Code    16  stm32f4xx_it.o(.text.OTG_FS_IRQHandler)
    PendSV_Handler                           0x0800530d   Thumb Code     2  stm32f4xx_it.o(.text.PendSV_Handler)
    RC_init                                  0x08005311   Thumb Code   160  bsp_rc.o(.text.RC_init)
    SVC_Handler                              0x080053b1   Thumb Code     2  stm32f4xx_it.o(.text.SVC_Handler)
    SysTick_Handler                          0x08005441   Thumb Code     8  stm32f4xx_it.o(.text.SysTick_Handler)
    SystemClock_Config                       0x08005449   Thumb Code   190  main.o(.text.SystemClock_Config)
    SystemInit                               0x08005509   Thumb Code    18  system_stm32f4xx.o(.text.SystemInit)
    USART3_IRQHandler                        0x08005659   Thumb Code   328  remote_control.o(.text.USART3_IRQHandler)
    USBD_CDC_GetDeviceQualifierDescriptor    0x08005a69   Thumb Code    22  usbd_cdc.o(.text.USBD_CDC_GetDeviceQualifierDescriptor)
    USBD_CDC_ReceivePacket                   0x08005de5   Thumb Code   126  usbd_cdc.o(.text.USBD_CDC_ReceivePacket)
    USBD_CDC_RegisterInterface               0x08005e65   Thumb Code    52  usbd_cdc.o(.text.USBD_CDC_RegisterInterface)
    USBD_CDC_SetRxBuffer                     0x08005e99   Thumb Code    60  usbd_cdc.o(.text.USBD_CDC_SetRxBuffer)
    USBD_CDC_SetTxBuffer                     0x08005ed5   Thumb Code    70  usbd_cdc.o(.text.USBD_CDC_SetTxBuffer)
    USBD_ClrClassConfig                      0x080060e9   Thumb Code    50  usbd_core.o(.text.USBD_ClrClassConfig)
    USBD_CoreFindEP                          0x0800615d   Thumb Code    14  usbd_core.o(.text.USBD_CoreFindEP)
    USBD_CoreFindIF                          0x0800616d   Thumb Code    14  usbd_core.o(.text.USBD_CoreFindIF)
    USBD_CtlContinueRx                       0x0800617d   Thumb Code    30  usbd_ioreq.o(.text.USBD_CtlContinueRx)
    USBD_CtlContinueSendData                 0x0800619d   Thumb Code    30  usbd_ioreq.o(.text.USBD_CtlContinueSendData)
    USBD_CtlError                            0x080061bd   Thumb Code    28  usbd_ctlreq.o(.text.USBD_CtlError)
    USBD_CtlPrepareRx                        0x080061d9   Thumb Code    54  usbd_ioreq.o(.text.USBD_CtlPrepareRx)
    USBD_CtlReceiveStatus                    0x08006211   Thumb Code    34  usbd_ioreq.o(.text.USBD_CtlReceiveStatus)
    USBD_CtlSendData                         0x08006235   Thumb Code    50  usbd_ioreq.o(.text.USBD_CtlSendData)
    USBD_CtlSendStatus                       0x08006269   Thumb Code    34  usbd_ioreq.o(.text.USBD_CtlSendStatus)
    USBD_FS_ConfigStrDescriptor              0x0800628d   Thumb Code    78  usbd_desc.o(.text.USBD_FS_ConfigStrDescriptor)
    USBD_FS_DeviceDescriptor                 0x080062dd   Thumb Code    26  usbd_desc.o(.text.USBD_FS_DeviceDescriptor)
    USBD_FS_InterfaceStrDescriptor           0x080062f9   Thumb Code    78  usbd_desc.o(.text.USBD_FS_InterfaceStrDescriptor)
    USBD_FS_LangIDStrDescriptor              0x08006349   Thumb Code    26  usbd_desc.o(.text.USBD_FS_LangIDStrDescriptor)
    USBD_FS_ManufacturerStrDescriptor        0x08006365   Thumb Code    40  usbd_desc.o(.text.USBD_FS_ManufacturerStrDescriptor)
    USBD_FS_ProductStrDescriptor             0x0800638d   Thumb Code    78  usbd_desc.o(.text.USBD_FS_ProductStrDescriptor)
    USBD_FS_SerialStrDescriptor              0x080063dd   Thumb Code    32  usbd_desc.o(.text.USBD_FS_SerialStrDescriptor)
    USBD_FS_USR_BOSDescriptor                0x080063fd   Thumb Code    26  usbd_desc.o(.text.USBD_FS_USR_BOSDescriptor)
    USBD_GetEpDesc                           0x0800679d   Thumb Code   118  usbd_core.o(.text.USBD_GetEpDesc)
    USBD_GetNextDesc                         0x08006849   Thumb Code    38  usbd_core.o(.text.USBD_GetNextDesc)
    USBD_GetString                           0x080068d5   Thumb Code   188  usbd_ctlreq.o(.text.USBD_GetString)
    USBD_Get_USB_Status                      0x08006991   Thumb Code    82  usbd_conf.o(.text.USBD_Get_USB_Status)
    USBD_Init                                0x080069e5   Thumb Code   106  usbd_core.o(.text.USBD_Init)
    USBD_LL_ClearStallEP                     0x08006a51   Thumb Code    58  usbd_conf.o(.text.USBD_LL_ClearStallEP)
    USBD_LL_CloseEP                          0x08006a8d   Thumb Code    58  usbd_conf.o(.text.USBD_LL_CloseEP)
    USBD_LL_DataInStage                      0x08006ac9   Thumb Code   400  usbd_core.o(.text.USBD_LL_DataInStage)
    USBD_LL_DataOutStage                     0x08006c59   Thumb Code   434  usbd_core.o(.text.USBD_LL_DataOutStage)
    USBD_LL_DevConnected                     0x08006e0d   Thumb Code    10  usbd_core.o(.text.USBD_LL_DevConnected)
    USBD_LL_DevDisconnected                  0x08006e19   Thumb Code    64  usbd_core.o(.text.USBD_LL_DevDisconnected)
    USBD_LL_GetRxDataSize                    0x08006e59   Thumb Code    28  usbd_conf.o(.text.USBD_LL_GetRxDataSize)
    USBD_LL_Init                             0x08006e75   Thumb Code   126  usbd_conf.o(.text.USBD_LL_Init)
    USBD_LL_IsStallEP                        0x08006ef5   Thumb Code    90  usbd_conf.o(.text.USBD_LL_IsStallEP)
    USBD_LL_IsoINIncomplete                  0x08006f51   Thumb Code   110  usbd_core.o(.text.USBD_LL_IsoINIncomplete)
    USBD_LL_IsoOUTIncomplete                 0x08006fc1   Thumb Code   110  usbd_core.o(.text.USBD_LL_IsoOUTIncomplete)
    USBD_LL_OpenEP                           0x08007031   Thumb Code    74  usbd_conf.o(.text.USBD_LL_OpenEP)
    USBD_LL_PrepareReceive                   0x0800707d   Thumb Code    66  usbd_conf.o(.text.USBD_LL_PrepareReceive)
    USBD_LL_Reset                            0x080070c1   Thumb Code   156  usbd_core.o(.text.USBD_LL_Reset)
    USBD_LL_Resume                           0x0800715d   Thumb Code    36  usbd_core.o(.text.USBD_LL_Resume)
    USBD_LL_SOF                              0x08007181   Thumb Code    62  usbd_core.o(.text.USBD_LL_SOF)
    USBD_LL_SetSpeed                         0x080071c1   Thumb Code    22  usbd_core.o(.text.USBD_LL_SetSpeed)
    USBD_LL_SetUSBAddress                    0x080071d9   Thumb Code    58  usbd_conf.o(.text.USBD_LL_SetUSBAddress)
    USBD_LL_SetupStage                       0x08007215   Thumb Code   148  usbd_core.o(.text.USBD_LL_SetupStage)
    USBD_LL_StallEP                          0x080072a9   Thumb Code    58  usbd_conf.o(.text.USBD_LL_StallEP)
    USBD_LL_Start                            0x080072e5   Thumb Code    50  usbd_conf.o(.text.USBD_LL_Start)
    USBD_LL_Suspend                          0x08007319   Thumb Code    44  usbd_core.o(.text.USBD_LL_Suspend)
    USBD_LL_Transmit                         0x08007345   Thumb Code    66  usbd_conf.o(.text.USBD_LL_Transmit)
    USBD_ParseSetupRequest                   0x08007389   Thumb Code    98  usbd_ctlreq.o(.text.USBD_ParseSetupRequest)
    USBD_RegisterClass                       0x080073ed   Thumb Code   114  usbd_core.o(.text.USBD_RegisterClass)
    USBD_RunTestMode                         0x08007461   Thumb Code    10  usbd_core.o(.text.USBD_RunTestMode)
    USBD_SetClassConfig                      0x080074f9   Thumb Code    54  usbd_core.o(.text.USBD_SetClassConfig)
    USBD_Start                               0x08007701   Thumb Code    16  usbd_core.o(.text.USBD_Start)
    USBD_StdDevReq                           0x08007711   Thumb Code   204  usbd_ctlreq.o(.text.USBD_StdDevReq)
    USBD_StdEPReq                            0x080077dd   Thumb Code   940  usbd_ctlreq.o(.text.USBD_StdEPReq)
    USBD_StdItfReq                           0x08007b89   Thumb Code   244  usbd_ctlreq.o(.text.USBD_StdItfReq)
    USBD_static_free                         0x08007c7d   Thumb Code     8  usbd_conf.o(.text.USBD_static_free)
    USBD_static_malloc                       0x08007c85   Thumb Code    16  usbd_conf.o(.text.USBD_static_malloc)
    USB_ActivateEndpoint                     0x08007c95   Thumb Code   222  stm32f4xx_ll_usb.o(.text.USB_ActivateEndpoint)
    USB_ActivateSetup                        0x08007d75   Thumb Code    44  stm32f4xx_ll_usb.o(.text.USB_ActivateSetup)
    USB_CoreInit                             0x08007da1   Thumb Code   214  stm32f4xx_ll_usb.o(.text.USB_CoreInit)
    USB_DeactivateEndpoint                   0x08007ef1   Thumb Code   312  stm32f4xx_ll_usb.o(.text.USB_DeactivateEndpoint)
    USB_DevConnect                           0x08008029   Thumb Code    42  stm32f4xx_ll_usb.o(.text.USB_DevConnect)
    USB_DevDisconnect                        0x08008055   Thumb Code    42  stm32f4xx_ll_usb.o(.text.USB_DevDisconnect)
    USB_DevInit                              0x08008081   Thumb Code   656  stm32f4xx_ll_usb.o(.text.USB_DevInit)
    USB_DisableGlobalInt                     0x08008311   Thumb Code    20  stm32f4xx_ll_usb.o(.text.USB_DisableGlobalInt)
    USB_EP0_OutStart                         0x08008325   Thumb Code   158  stm32f4xx_ll_usb.o(.text.USB_EP0_OutStart)
    USB_EPClearStall                         0x080083c5   Thumb Code   160  stm32f4xx_ll_usb.o(.text.USB_EPClearStall)
    USB_EPSetStall                           0x08008465   Thumb Code   168  stm32f4xx_ll_usb.o(.text.USB_EPSetStall)
    USB_EPStartXfer                          0x0800850d   Thumb Code  1016  stm32f4xx_ll_usb.o(.text.USB_EPStartXfer)
    USB_EPStopXfer                           0x08008905   Thumb Code   284  stm32f4xx_ll_usb.o(.text.USB_EPStopXfer)
    USB_EnableGlobalInt                      0x08008a21   Thumb Code    20  stm32f4xx_ll_usb.o(.text.USB_EnableGlobalInt)
    USB_FlushRxFifo                          0x08008a35   Thumb Code   116  stm32f4xx_ll_usb.o(.text.USB_FlushRxFifo)
    USB_FlushTxFifo                          0x08008aa9   Thumb Code   122  stm32f4xx_ll_usb.o(.text.USB_FlushTxFifo)
    USB_GetDevSpeed                          0x08008b25   Thumb Code    76  stm32f4xx_ll_usb.o(.text.USB_GetDevSpeed)
    USB_GetMode                              0x08008b71   Thumb Code    16  stm32f4xx_ll_usb.o(.text.USB_GetMode)
    USB_ReadDevAllInEpInterrupt              0x08008b81   Thumb Code    36  stm32f4xx_ll_usb.o(.text.USB_ReadDevAllInEpInterrupt)
    USB_ReadDevAllOutEpInterrupt             0x08008ba5   Thumb Code    36  stm32f4xx_ll_usb.o(.text.USB_ReadDevAllOutEpInterrupt)
    USB_ReadDevInEPInterrupt                 0x08008bc9   Thumb Code    78  stm32f4xx_ll_usb.o(.text.USB_ReadDevInEPInterrupt)
    USB_ReadDevOutEPInterrupt                0x08008c19   Thumb Code    46  stm32f4xx_ll_usb.o(.text.USB_ReadDevOutEPInterrupt)
    USB_ReadInterrupts                       0x08008c49   Thumb Code    26  stm32f4xx_ll_usb.o(.text.USB_ReadInterrupts)
    USB_ReadPacket                           0x08008c65   Thumb Code   180  stm32f4xx_ll_usb.o(.text.USB_ReadPacket)
    USB_SetCurrentMode                       0x08008d19   Thumb Code   222  stm32f4xx_ll_usb.o(.text.USB_SetCurrentMode)
    USB_SetDevAddress                        0x08008df9   Thumb Code    54  stm32f4xx_ll_usb.o(.text.USB_SetDevAddress)
    USB_SetDevSpeed                          0x08008e31   Thumb Code    34  stm32f4xx_ll_usb.o(.text.USB_SetDevSpeed)
    USB_SetTurnaroundTime                    0x08008e55   Thumb Code   442  stm32f4xx_ll_usb.o(.text.USB_SetTurnaroundTime)
    USB_WritePacket                          0x08009011   Thumb Code   130  stm32f4xx_ll_usb.o(.text.USB_WritePacket)
    UsageFault_Handler                       0x08009095   Thumb Code     4  stm32f4xx_it.o(.text.UsageFault_Handler)
    Verify_CRC16_Check_Sum                   0x08009099   Thumb Code   124  crc8_crc16.o(.text.Verify_CRC16_Check_Sum)
    calAndSendMotor                          0x080091d5   Thumb Code   474  dart.o(.text.calAndSendMotor)
    can1_cmd_motor                           0x080093b1   Thumb Code   138  can_user.o(.text.can1_cmd_motor)
    can2_cmd_motor                           0x0800943d   Thumb Code   138  can_user.o(.text.can2_cmd_motor)
    can_filter_init                          0x080094c9   Thumb Code   100  bsp_can.o(.text.can_filter_init)
    checkControlMode                         0x0800952d   Thumb Code    98  dart.o(.text.checkControlMode)
    dartSysStateCheck                        0x08009591   Thumb Code   180  dart.o(.text.dartSysStateCheck)
    limitProtection                          0x08009649   Thumb Code   480  dart.o(.text.limitProtection)
    magazineSetSpeed                         0x08009829   Thumb Code    24  dart.o(.text.magazineSetSpeed)
    magazineStop                             0x08009841   Thumb Code    14  dart.o(.text.magazineStop)
    magazineSwitch                           0x08009851   Thumb Code   232  dart.o(.text.magazineSwitch)
    main                                     0x08009939   Thumb Code   112  main.o(.text.main)
    manualTask                               0x080099a9   Thumb Code   246  dart.o(.text.manualTask)
    minipc_rec                               0x08009aa1   Thumb Code   108  minipc_protocol.o(.text.minipc_rec)
    motorInit                                0x08009b0d   Thumb Code   108  motorusr.o(.text.motorInit)
    pidReset                                 0x08009b79   Thumb Code    30  pid.o(.text.pidReset)
    pid_calc                                 0x08009b99   Thumb Code   370  pid.o(.text.pid_calc)
    pid_init                                 0x08009d0d   Thumb Code    54  pid.o(.text.pid_init)
    pushLowerLimitCheck                      0x08009d45   Thumb Code    20  dart.o(.text.pushLowerLimitCheck)
    pushPlaceRefreshSpeedy                   0x08009d59   Thumb Code    92  dart.o(.text.pushPlaceRefreshSpeedy)
    pushSetPlace                             0x08009db9   Thumb Code    70  dart.o(.text.pushSetPlace)
    pushSetSpeed                             0x08009e01   Thumb Code    32  dart.o(.text.pushSetSpeed)
    pushStop                                 0x08009e21   Thumb Code    20  dart.o(.text.pushStop)
    pushUpperLimitCheck                      0x08009e35   Thumb Code    20  dart.o(.text.pushUpperLimitCheck)
    pushYawInit                              0x08009e49   Thumb Code   170  dart.o(.text.pushYawInit)
    remote_control_init                      0x08009ef5   Thumb Code    22  remote_control.o(.text.remote_control_init)
    semiAutoTask                             0x0800a02d   Thumb Code    74  dart.o(.text.semiAutoTask)
    shootPrepare                             0x0800a079   Thumb Code    74  dart.o(.text.shootPrepare)
    shootingCircleSetSpeed                   0x0800a0c5   Thumb Code    40  dart.o(.text.shootingCircleSetSpeed)
    shootingCircleStop                       0x0800a0ed   Thumb Code    24  dart.o(.text.shootingCircleStop)
    taskInit                                 0x0800a105   Thumb Code   432  main.o(.text.taskInit)
    yawLimitCheck                            0x0800a2c9   Thumb Code    18  dart.o(.text.yawLimitCheck)
    yawPlaceRefresh                          0x0800a2dd   Thumb Code   172  dart.o(.text.yawPlaceRefresh)
    yawSetPlace                              0x0800a39d   Thumb Code    30  dart.o(.text.yawSetPlace)
    yawSetSpeed                              0x0800a3bd   Thumb Code    32  dart.o(.text.yawSetSpeed)
    yawStop                                  0x0800a3dd   Thumb Code    28  dart.o(.text.yawStop)
    _fp_init                                 0x0800a3f9   Thumb Code    26  fpinit.o(x$fpl$fpinit)
    __fplib_config_fpu_vfp                   0x0800a411   Thumb Code     0  fpinit.o(x$fpl$fpinit)
    __fplib_config_pureend_doubles           0x0800a411   Thumb Code     0  fpinit.o(x$fpl$fpinit)
    AHBPrescTable                            0x0800a412   Data          16  system_stm32f4xx.o(.rodata.AHBPrescTable)
    APBPrescTable                            0x0800a422   Data           8  system_stm32f4xx.o(.rodata.APBPrescTable)
    wCRC_Table                               0x0800a474   Data         512  crc8_crc16.o(.rodata.wCRC_Table)
    Region$$Table$$Base                      0x0800a674   Number         0  anon$$obj.o(Region$$Table)
    Region$$Table$$Limit                     0x0800a694   Number         0  anon$$obj.o(Region$$Table)
    CRC_INIT                                 0x20000004   Data           2  crc8_crc16.o(.data.CRC_INIT)
    FS_Desc                                  0x20000008   Data          32  usbd_desc.o(.data.FS_Desc)
    SystemCoreClock                          0x20000028   Data           4  system_stm32f4xx.o(.data.SystemCoreClock)
    USBD_CDC                                 0x2000002c   Data          56  usbd_cdc.o(.data.USBD_CDC)
    USBD_FS_BOSDesc                          0x200000b4   Data          12  usbd_desc.o(.data.USBD_FS_BOSDesc)
    USBD_FS_DeviceDesc                       0x200000c0   Data          18  usbd_desc.o(.data.USBD_FS_DeviceDesc)
    USBD_Interface_fops_FS                   0x200000d4   Data          20  usbd_cdc_if.o(.data.USBD_Interface_fops_FS)
    USBD_LangIDDesc                          0x200000e8   Data           4  usbd_desc.o(.data.USBD_LangIDDesc)
    USBD_StringSerial                        0x200000ec   Data          26  usbd_desc.o(.data.USBD_StringSerial)
    dartState                                0x20000106   Data           8  dart.o(.data.dartState)
    mode                                     0x2000010e   Data           1  dart.o(.data.mode)
    uwTickFreq                               0x2000010f   Data           1  stm32f4xx_hal.o(.data.uwTickFreq)
    uwTickPrio                               0x20000110   Data           4  stm32f4xx_hal.o(.data.uwTickPrio)
    __libspace_start                         0x20000118   Data          96  libspace.o(.bss)
    D2006_motor1                             0x20000178   Data         144  motorusr.o(.bss.D2006_motor1)
    __temporary_stack_top$libspace           0x20000178   Data           0  libspace.o(.bss)
    D2006_motor2                             0x20000208   Data         144  motorusr.o(.bss.D2006_motor2)
    D3508_motor1                             0x20000298   Data         144  motorusr.o(.bss.D3508_motor1)
    D3508_motor2                             0x20000328   Data         144  motorusr.o(.bss.D3508_motor2)
    D6020_motor1                             0x200003b8   Data         144  motorusr.o(.bss.D6020_motor1)
    USBD_StrDesc                             0x20000454   Data         512  usbd_desc.o(.bss.USBD_StrDesc)
    UserRxBufferFS                           0x20000874   Data        2048  usbd_cdc_if.o(.bss.UserRxBufferFS)
    UserTxBufferFS                           0x20001074   Data        2048  usbd_cdc_if.o(.bss.UserTxBufferFS)
    can1_rx_data                             0x20001874   Data           8  can_user.o(.bss.can1_rx_data)
    can1_rx_header                           0x2000187c   Data          28  can_user.o(.bss.can1_rx_header)
    can2_rx_data                             0x20001898   Data           8  can_user.o(.bss.can2_rx_data)
    can2_rx_header                           0x200018a0   Data          28  can_user.o(.bss.can2_rx_header)
    hUsbDeviceFS                             0x200018c0   Data         732  usb_device.o(.bss.hUsbDeviceFS)
    hcan1                                    0x20001b9c   Data          40  can.o(.bss.hcan1)
    hcan2                                    0x20001bc4   Data          40  can.o(.bss.hcan2)
    hdma_usart3_rx                           0x20001bec   Data          96  usart.o(.bss.hdma_usart3_rx)
    hpcd_USB_OTG_FS                          0x20001c4c   Data        1252  usbd_conf.o(.bss.hpcd_USB_OTG_FS)
    huart3                                   0x20002130   Data          72  usart.o(.bss.huart3)
    minipc                                   0x2000217c   Data         256  minipc_protocol.o(.bss.minipc)
    rc_ctrl                                  0x2000229c   Data          22  remote_control.o(.bss.rc_ctrl)
    uwTick                                   0x200022fc   Data           4  stm32f4xx_hal.o(.bss.uwTick)



==============================================================================

Memory Map of the image

  Image Entry point : 0x080001c5

  Load Region LR_IROM1 (Base: 0x08000000, Size: 0x0000a7b0, Max: 0x00040000, ABSOLUTE)

    Execution Region ER_IROM1 (Exec base: 0x08000000, Load base: 0x08000000, Size: 0x0000a694, Max: 0x00040000, ABSOLUTE)

    Exec Addr    Load Addr    Size         Type   Attr      Idx    E Section Name        Object

    0x08000000   0x08000000   0x000001c4   Data   RO            3    RESET               startup_stm32f446xx.o
    0x080001c4   0x080001c4   0x00000008   Code   RO         1568  * !!!main             c_w.l(__main.o)
    0x080001cc   0x080001cc   0x0000005c   Code   RO         1745    !!!scatter          c_w.l(__scatter.o)
    0x08000228   0x08000228   0x0000001a   Code   RO         1749    !!handler_copy      c_w.l(__scatter_copy.o)
    0x08000242   0x08000242   0x00000002   PAD
    0x08000244   0x08000244   0x00000002   Code   RO         1746    !!handler_null      c_w.l(__scatter.o)
    0x08000246   0x08000246   0x00000002   PAD
    0x08000248   0x08000248   0x0000001c   Code   RO         1751    !!handler_zi        c_w.l(__scatter_zi.o)
    0x08000264   0x08000264   0x00000002   Code   RO         1607    .ARM.Collect$$libinit$$00000000  c_w.l(libinit.o)
    0x08000266   0x08000266   0x00000004   Code   RO         1619    .ARM.Collect$$libinit$$00000001  c_w.l(libinit2.o)
    0x0800026a   0x0800026a   0x00000000   Code   RO         1622    .ARM.Collect$$libinit$$00000004  c_w.l(libinit2.o)
    0x0800026a   0x0800026a   0x00000000   Code   RO         1624    .ARM.Collect$$libinit$$00000006  c_w.l(libinit2.o)
    0x0800026a   0x0800026a   0x00000000   Code   RO         1627    .ARM.Collect$$libinit$$0000000C  c_w.l(libinit2.o)
    0x0800026a   0x0800026a   0x00000000   Code   RO         1629    .ARM.Collect$$libinit$$0000000E  c_w.l(libinit2.o)
    0x0800026a   0x0800026a   0x00000000   Code   RO         1631    .ARM.Collect$$libinit$$00000010  c_w.l(libinit2.o)
    0x0800026a   0x0800026a   0x00000000   Code   RO         1634    .ARM.Collect$$libinit$$00000013  c_w.l(libinit2.o)
    0x0800026a   0x0800026a   0x00000000   Code   RO         1636    .ARM.Collect$$libinit$$00000015  c_w.l(libinit2.o)
    0x0800026a   0x0800026a   0x00000000   Code   RO         1638    .ARM.Collect$$libinit$$00000017  c_w.l(libinit2.o)
    0x0800026a   0x0800026a   0x00000000   Code   RO         1640    .ARM.Collect$$libinit$$00000019  c_w.l(libinit2.o)
    0x0800026a   0x0800026a   0x00000000   Code   RO         1642    .ARM.Collect$$libinit$$0000001B  c_w.l(libinit2.o)
    0x0800026a   0x0800026a   0x00000000   Code   RO         1644    .ARM.Collect$$libinit$$0000001D  c_w.l(libinit2.o)
    0x0800026a   0x0800026a   0x00000000   Code   RO         1646    .ARM.Collect$$libinit$$0000001F  c_w.l(libinit2.o)
    0x0800026a   0x0800026a   0x00000000   Code   RO         1648    .ARM.Collect$$libinit$$00000021  c_w.l(libinit2.o)
    0x0800026a   0x0800026a   0x00000000   Code   RO         1650    .ARM.Collect$$libinit$$00000023  c_w.l(libinit2.o)
    0x0800026a   0x0800026a   0x00000000   Code   RO         1652    .ARM.Collect$$libinit$$00000025  c_w.l(libinit2.o)
    0x0800026a   0x0800026a   0x00000000   Code   RO         1654    .ARM.Collect$$libinit$$00000027  c_w.l(libinit2.o)
    0x0800026a   0x0800026a   0x00000000   Code   RO         1658    .ARM.Collect$$libinit$$0000002E  c_w.l(libinit2.o)
    0x0800026a   0x0800026a   0x00000000   Code   RO         1660    .ARM.Collect$$libinit$$00000030  c_w.l(libinit2.o)
    0x0800026a   0x0800026a   0x00000000   Code   RO         1662    .ARM.Collect$$libinit$$00000032  c_w.l(libinit2.o)
    0x0800026a   0x0800026a   0x00000000   Code   RO         1664    .ARM.Collect$$libinit$$00000034  c_w.l(libinit2.o)
    0x0800026a   0x0800026a   0x00000002   Code   RO         1665    .ARM.Collect$$libinit$$00000035  c_w.l(libinit2.o)
    0x0800026c   0x0800026c   0x00000002   Code   RO         1700    .ARM.Collect$$libshutdown$$00000000  c_w.l(libshutdown.o)
    0x0800026e   0x0800026e   0x00000000   Code   RO         1728    .ARM.Collect$$libshutdown$$00000002  c_w.l(libshutdown2.o)
    0x0800026e   0x0800026e   0x00000000   Code   RO         1730    .ARM.Collect$$libshutdown$$00000004  c_w.l(libshutdown2.o)
    0x0800026e   0x0800026e   0x00000000   Code   RO         1733    .ARM.Collect$$libshutdown$$00000007  c_w.l(libshutdown2.o)
    0x0800026e   0x0800026e   0x00000000   Code   RO         1736    .ARM.Collect$$libshutdown$$0000000A  c_w.l(libshutdown2.o)
    0x0800026e   0x0800026e   0x00000000   Code   RO         1738    .ARM.Collect$$libshutdown$$0000000C  c_w.l(libshutdown2.o)
    0x0800026e   0x0800026e   0x00000000   Code   RO         1741    .ARM.Collect$$libshutdown$$0000000F  c_w.l(libshutdown2.o)
    0x0800026e   0x0800026e   0x00000002   Code   RO         1742    .ARM.Collect$$libshutdown$$00000010  c_w.l(libshutdown2.o)
    0x08000270   0x08000270   0x00000000   Code   RO         1570    .ARM.Collect$$rtentry$$00000000  c_w.l(__rtentry.o)
    0x08000270   0x08000270   0x00000000   Code   RO         1578    .ARM.Collect$$rtentry$$00000002  c_w.l(__rtentry2.o)
    0x08000270   0x08000270   0x00000006   Code   RO         1590    .ARM.Collect$$rtentry$$00000004  c_w.l(__rtentry4.o)
    0x08000276   0x08000276   0x00000000   Code   RO         1580    .ARM.Collect$$rtentry$$00000009  c_w.l(__rtentry2.o)
    0x08000276   0x08000276   0x00000004   Code   RO         1581    .ARM.Collect$$rtentry$$0000000A  c_w.l(__rtentry2.o)
    0x0800027a   0x0800027a   0x00000000   Code   RO         1583    .ARM.Collect$$rtentry$$0000000C  c_w.l(__rtentry2.o)
    0x0800027a   0x0800027a   0x00000008   Code   RO         1584    .ARM.Collect$$rtentry$$0000000D  c_w.l(__rtentry2.o)
    0x08000282   0x08000282   0x00000002   Code   RO         1611    .ARM.Collect$$rtexit$$00000000  c_w.l(rtexit.o)
    0x08000284   0x08000284   0x00000000   Code   RO         1671    .ARM.Collect$$rtexit$$00000002  c_w.l(rtexit2.o)
    0x08000284   0x08000284   0x00000004   Code   RO         1672    .ARM.Collect$$rtexit$$00000003  c_w.l(rtexit2.o)
    0x08000288   0x08000288   0x00000006   Code   RO         1673    .ARM.Collect$$rtexit$$00000004  c_w.l(rtexit2.o)
    0x0800028e   0x0800028e   0x00000002   PAD
    0x08000290   0x08000290   0x00000040   Code   RO            4    .text               startup_stm32f446xx.o
    0x080002d0   0x080002d0   0x000000f0   Code   RO         1560    .text               c_w.l(lludivv7m.o)
    0x080003c0   0x080003c0   0x0000008a   Code   RO         1562    .text               c_w.l(rt_memcpy_v6.o)
    0x0800044a   0x0800044a   0x0000004e   Code   RO         1564    .text               c_w.l(rt_memclr_w.o)
    0x08000498   0x08000498   0x00000006   Code   RO         1566    .text               c_w.l(heapauxi.o)
    0x0800049e   0x0800049e   0x00000064   Code   RO         1575    .text               c_w.l(rt_memcpy_w.o)
    0x08000502   0x08000502   0x0000004a   Code   RO         1594    .text               c_w.l(sys_stackheap_outer.o)
    0x0800054c   0x0800054c   0x00000012   Code   RO         1596    .text               c_w.l(exit.o)
    0x0800055e   0x0800055e   0x00000002   PAD
    0x08000560   0x08000560   0x00000008   Code   RO         1608    .text               c_w.l(libspace.o)
    0x08000568   0x08000568   0x0000000c   Code   RO         1666    .text               c_w.l(sys_exit.o)
    0x08000574   0x08000574   0x00000002   Code   RO         1689    .text               c_w.l(use_no_semi.o)
    0x08000576   0x08000576   0x00000000   Code   RO         1691    .text               c_w.l(indicate_semi.o)
    0x08000576   0x08000576   0x00000002   PAD
    0x08000578   0x08000578   0x00000004   Code   RO           88    .text.BusFault_Handler  stm32f4xx_it.o
    0x0800057c   0x0800057c   0x00000010   Code   RO          104    .text.CAN1_RX0_IRQHandler  stm32f4xx_it.o
    0x0800058c   0x0800058c   0x00000010   Code   RO          102    .text.CAN1_TX_IRQHandler  stm32f4xx_it.o
    0x0800059c   0x0800059c   0x00000010   Code   RO          108    .text.CAN2_RX0_IRQHandler  stm32f4xx_it.o
    0x080005ac   0x080005ac   0x00000010   Code   RO          106    .text.CAN2_TX_IRQHandler  stm32f4xx_it.o
    0x080005bc   0x080005bc   0x0000005c   Code   RO         1254    .text.CDC_Control_FS  usbd_cdc_if.o
    0x08000618   0x08000618   0x00000004   Code   RO         1252    .text.CDC_DeInit_FS  usbd_cdc_if.o
    0x0800061c   0x0800061c   0x00000032   Code   RO         1250    .text.CDC_Init_FS   usbd_cdc_if.o
    0x0800064e   0x0800064e   0x00000002   PAD
    0x08000650   0x08000650   0x00000032   Code   RO         1256    .text.CDC_Receive_FS  usbd_cdc_if.o
    0x08000682   0x08000682   0x00000002   PAD
    0x08000684   0x08000684   0x00000018   Code   RO         1258    .text.CDC_TransmitCplt_FS  usbd_cdc_if.o
    0x0800069c   0x0800069c   0x00000010   Code   RO          100    .text.DMA1_Stream1_IRQHandler  stm32f4xx_it.o
    0x080006ac   0x080006ac   0x00000056   Code   RO          550    .text.DMA_CalcBaseAndBitshift  stm32f4xx_hal_dma.o
    0x08000702   0x08000702   0x00000002   PAD
    0x08000704   0x08000704   0x000000f0   Code   RO          548    .text.DMA_CheckFifoParam  stm32f4xx_hal_dma.o
    0x080007f4   0x080007f4   0x00000032   Code   RO         1125    .text.DWTGetDeltaTMS  dwt.o
    0x08000826   0x08000826   0x00000002   PAD
    0x08000828   0x08000828   0x0000000e   Code   RO         1123    .text.DWTGetTimeMs  dwt.o
    0x08000836   0x08000836   0x00000002   PAD
    0x08000838   0x08000838   0x000000bc   Code   RO         1121    .text.DWTRefreshTimeMs  dwt.o
    0x080008f4   0x080008f4   0x0000000c   Code   RO         1117    .text.DWT_TS_GET    dwt.o
    0x08000900   0x08000900   0x0000002e   Code   RO         1115    .text.DWT_init      dwt.o
    0x0800092e   0x0800092e   0x00000002   PAD
    0x08000930   0x08000930   0x00000002   Code   RO           94    .text.DebugMon_Handler  stm32f4xx_it.o
    0x08000932   0x08000932   0x00000002   PAD
    0x08000934   0x08000934   0x00000006   Code   RO           17    .text.Error_Handler  main.o
    0x0800093a   0x0800093a   0x00000002   PAD
    0x0800093c   0x0800093c   0x00000066   Code   RO         1190    .text.Get_CRC16_Check_Sum  crc8_crc16.o
    0x080009a2   0x080009a2   0x00000002   PAD
    0x080009a4   0x080009a4   0x0000005c   Code   RO         1232    .text.Get_SerialNum  usbd_desc.o
    0x08000a00   0x08000a00   0x00000052   Code   RO          850    .text.HAL_CAN_ActivateNotification  stm32f4xx_hal_can.o
    0x08000a52   0x08000a52   0x00000002   PAD
    0x08000a54   0x08000a54   0x00000156   Code   RO          836    .text.HAL_CAN_AddTxMessage  stm32f4xx_hal_can.o
    0x08000baa   0x08000baa   0x00000002   PAD
    0x08000bac   0x08000bac   0x000001a4   Code   RO          826    .text.HAL_CAN_ConfigFilter  stm32f4xx_hal_can.o
    0x08000d50   0x08000d50   0x00000008   Code   RO          880    .text.HAL_CAN_ErrorCallback  stm32f4xx_hal_can.o
    0x08000d58   0x08000d58   0x00000212   Code   RO          846    .text.HAL_CAN_GetRxMessage  stm32f4xx_hal_can.o
    0x08000f6a   0x08000f6a   0x00000002   PAD
    0x08000f6c   0x08000f6c   0x000003f2   Code   RO          854    .text.HAL_CAN_IRQHandler  stm32f4xx_hal_can.o
    0x0800135e   0x0800135e   0x00000002   PAD
    0x08001360   0x08001360   0x000001de   Code   RO          816    .text.HAL_CAN_Init  stm32f4xx_hal_can.o
    0x0800153e   0x0800153e   0x00000002   PAD
    0x08001540   0x08001540   0x000001ae   Code   RO           45    .text.HAL_CAN_MspInit  can.o
    0x080016ee   0x080016ee   0x00000002   PAD
    0x080016f0   0x080016f0   0x00000008   Code   RO          868    .text.HAL_CAN_RxFifo0FullCallback  stm32f4xx_hal_can.o
    0x080016f8   0x080016f8   0x000001be   Code   RO         1040    .text.HAL_CAN_RxFifo0MsgPendingCallback  can_user.o
    0x080018b6   0x080018b6   0x00000002   PAD
    0x080018b8   0x080018b8   0x00000008   Code   RO          872    .text.HAL_CAN_RxFifo1FullCallback  stm32f4xx_hal_can.o
    0x080018c0   0x080018c0   0x00000008   Code   RO          874    .text.HAL_CAN_RxFifo1MsgPendingCallback  stm32f4xx_hal_can.o
    0x080018c8   0x080018c8   0x00000008   Code   RO          876    .text.HAL_CAN_SleepCallback  stm32f4xx_hal_can.o
    0x080018d0   0x080018d0   0x0000008a   Code   RO          828    .text.HAL_CAN_Start  stm32f4xx_hal_can.o
    0x0800195a   0x0800195a   0x00000002   PAD
    0x0800195c   0x0800195c   0x00000008   Code   RO          858    .text.HAL_CAN_TxMailbox0AbortCallback  stm32f4xx_hal_can.o
    0x08001964   0x08001964   0x00000008   Code   RO          856    .text.HAL_CAN_TxMailbox0CompleteCallback  stm32f4xx_hal_can.o
    0x0800196c   0x0800196c   0x00000008   Code   RO          862    .text.HAL_CAN_TxMailbox1AbortCallback  stm32f4xx_hal_can.o
    0x08001974   0x08001974   0x00000008   Code   RO          860    .text.HAL_CAN_TxMailbox1CompleteCallback  stm32f4xx_hal_can.o
    0x0800197c   0x0800197c   0x00000008   Code   RO          866    .text.HAL_CAN_TxMailbox2AbortCallback  stm32f4xx_hal_can.o
    0x08001984   0x08001984   0x00000008   Code   RO          864    .text.HAL_CAN_TxMailbox2CompleteCallback  stm32f4xx_hal_can.o
    0x0800198c   0x0800198c   0x00000008   Code   RO          878    .text.HAL_CAN_WakeUpFromRxMsgCallback  stm32f4xx_hal_can.o
    0x08001994   0x08001994   0x0000031e   Code   RO          566    .text.HAL_DMA_IRQHandler  stm32f4xx_hal_dma.o
    0x08001cb2   0x08001cb2   0x00000002   PAD
    0x08001cb4   0x08001cb4   0x0000016e   Code   RO          546    .text.HAL_DMA_Init  stm32f4xx_hal_dma.o
    0x08001e22   0x08001e22   0x00000002   PAD
    0x08001e24   0x08001e24   0x00000042   Code   RO          747    .text.HAL_Delay     stm32f4xx_hal.o
    0x08001e66   0x08001e66   0x00000002   PAD
    0x08001e68   0x08001e68   0x0000039a   Code   RO          508    .text.HAL_GPIO_Init  stm32f4xx_hal_gpio.o
    0x08002202   0x08002202   0x00000002   PAD
    0x08002204   0x08002204   0x0000002e   Code   RO          512    .text.HAL_GPIO_ReadPin  stm32f4xx_hal_gpio.o
    0x08002232   0x08002232   0x00000002   PAD
    0x08002234   0x08002234   0x0000000c   Code   RO          739    .text.HAL_GetTick   stm32f4xx_hal.o
    0x08002240   0x08002240   0x0000001a   Code   RO          737    .text.HAL_IncTick   stm32f4xx_hal.o
    0x0800225a   0x0800225a   0x00000002   PAD
    0x0800225c   0x0800225c   0x00000036   Code   RO          727    .text.HAL_Init      stm32f4xx_hal.o
    0x08002292   0x08002292   0x00000002   PAD
    0x08002294   0x08002294   0x00000070   Code   RO          729    .text.HAL_InitTick  stm32f4xx_hal.o
    0x08002304   0x08002304   0x0000004a   Code   RO          119    .text.HAL_MspInit   stm32f4xx_hal_msp.o
    0x0800234e   0x0800234e   0x00000002   PAD
    0x08002350   0x08002350   0x00000014   Code   RO          662    .text.HAL_NVIC_EnableIRQ  stm32f4xx_hal_cortex.o
    0x08002364   0x08002364   0x00000032   Code   RO          654    .text.HAL_NVIC_SetPriority  stm32f4xx_hal_cortex.o
    0x08002396   0x08002396   0x00000002   PAD
    0x08002398   0x08002398   0x00000010   Code   RO          650    .text.HAL_NVIC_SetPriorityGrouping  stm32f4xx_hal_cortex.o
    0x080023a8   0x080023a8   0x00000036   Code   RO          214    .text.HAL_PCDEx_ActivateLPM  stm32f4xx_hal_pcd_ex.o
    0x080023de   0x080023de   0x00000002   PAD
    0x080023e0   0x080023e0   0x00000092   Code   RO         1328    .text.HAL_PCDEx_LPM_Callback  usbd_conf.o
    0x08002472   0x08002472   0x00000002   PAD
    0x08002474   0x08002474   0x00000018   Code   RO          212    .text.HAL_PCDEx_SetRxFiFo  stm32f4xx_hal_pcd_ex.o
    0x0800248c   0x0800248c   0x0000009c   Code   RO          210    .text.HAL_PCDEx_SetTxFiFo  stm32f4xx_hal_pcd_ex.o
    0x08002528   0x08002528   0x00000014   Code   RO         1294    .text.HAL_PCD_ConnectCallback  usbd_conf.o
    0x0800253c   0x0800253c   0x00000026   Code   RO         1280    .text.HAL_PCD_DataInStageCallback  usbd_conf.o
    0x08002562   0x08002562   0x00000002   PAD
    0x08002564   0x08002564   0x00000028   Code   RO         1278    .text.HAL_PCD_DataOutStageCallback  usbd_conf.o
    0x0800258c   0x0800258c   0x00000014   Code   RO         1296    .text.HAL_PCD_DisconnectCallback  usbd_conf.o
    0x080025a0   0x080025a0   0x0000005e   Code   RO          161    .text.HAL_PCD_EP_Abort  stm32f4xx_hal_pcd.o
    0x080025fe   0x080025fe   0x00000002   PAD
    0x08002600   0x08002600   0x000000a8   Code   RO          181    .text.HAL_PCD_EP_Close  stm32f4xx_hal_pcd.o
    0x080026a8   0x080026a8   0x000000c8   Code   RO          191    .text.HAL_PCD_EP_ClrStall  stm32f4xx_hal_pcd.o
    0x08002770   0x08002770   0x00000022   Code   RO          185    .text.HAL_PCD_EP_GetRxCount  stm32f4xx_hal_pcd.o
    0x08002792   0x08002792   0x00000002   PAD
    0x08002794   0x08002794   0x000000ee   Code   RO          179    .text.HAL_PCD_EP_Open  stm32f4xx_hal_pcd.o
    0x08002882   0x08002882   0x00000002   PAD
    0x08002884   0x08002884   0x0000006c   Code   RO          183    .text.HAL_PCD_EP_Receive  stm32f4xx_hal_pcd.o
    0x080028f0   0x080028f0   0x000000de   Code   RO          189    .text.HAL_PCD_EP_SetStall  stm32f4xx_hal_pcd.o
    0x080029ce   0x080029ce   0x00000002   PAD
    0x080029d0   0x080029d0   0x0000006c   Code   RO          187    .text.HAL_PCD_EP_Transmit  stm32f4xx_hal_pcd.o
    0x08002a3c   0x08002a3c   0x00000888   Code   RO          139    .text.HAL_PCD_IRQHandler  stm32f4xx_hal_pcd.o
    0x080032c4   0x080032c4   0x0000001c   Code   RO         1292    .text.HAL_PCD_ISOINIncompleteCallback  usbd_conf.o
    0x080032e0   0x080032e0   0x0000001c   Code   RO         1290    .text.HAL_PCD_ISOOUTIncompleteCallback  usbd_conf.o
    0x080032fc   0x080032fc   0x00000252   Code   RO          127    .text.HAL_PCD_Init  stm32f4xx_hal_pcd.o
    0x0800354e   0x0800354e   0x00000002   PAD
    0x08003550   0x08003550   0x000000d2   Code   RO         1272    .text.HAL_PCD_MspInit  usbd_conf.o
    0x08003622   0x08003622   0x00000002   PAD
    0x08003624   0x08003624   0x00000052   Code   RO         1284    .text.HAL_PCD_ResetCallback  usbd_conf.o
    0x08003676   0x08003676   0x00000002   PAD
    0x08003678   0x08003678   0x00000014   Code   RO         1288    .text.HAL_PCD_ResumeCallback  usbd_conf.o
    0x0800368c   0x0800368c   0x00000014   Code   RO         1282    .text.HAL_PCD_SOFCallback  usbd_conf.o
    0x080036a0   0x080036a0   0x0000005c   Code   RO          177    .text.HAL_PCD_SetAddress  stm32f4xx_hal_pcd.o
    0x080036fc   0x080036fc   0x00000018   Code   RO         1276    .text.HAL_PCD_SetupStageCallback  usbd_conf.o
    0x08003714   0x08003714   0x0000007c   Code   RO          135    .text.HAL_PCD_Start  stm32f4xx_hal_pcd.o
    0x08003790   0x08003790   0x0000003e   Code   RO         1286    .text.HAL_PCD_SuspendCallback  usbd_conf.o
    0x080037ce   0x080037ce   0x00000002   PAD
    0x080037d0   0x080037d0   0x0000070c   Code   RO          369    .text.HAL_RCCEx_PeriphCLKConfig  stm32f4xx_hal_rcc_ex.o
    0x08003edc   0x08003edc   0x00000262   Code   RO          338    .text.HAL_RCC_ClockConfig  stm32f4xx_hal_rcc.o
    0x0800413e   0x0800413e   0x00000002   PAD
    0x08004140   0x08004140   0x0000000c   Code   RO          348    .text.HAL_RCC_GetHCLKFreq  stm32f4xx_hal_rcc.o
    0x0800414c   0x0800414c   0x00000022   Code   RO          350    .text.HAL_RCC_GetPCLK1Freq  stm32f4xx_hal_rcc.o
    0x0800416e   0x0800416e   0x00000002   PAD
    0x08004170   0x08004170   0x00000022   Code   RO          352    .text.HAL_RCC_GetPCLK2Freq  stm32f4xx_hal_rcc.o
    0x08004192   0x08004192   0x00000002   PAD
    0x08004194   0x08004194   0x00000170   Code   RO          385    .text.HAL_RCC_GetSysClockFreq  stm32f4xx_hal_rcc_ex.o
    0x08004304   0x08004304   0x00000726   Code   RO          389    .text.HAL_RCC_OscConfig  stm32f4xx_hal_rcc_ex.o
    0x08004a2a   0x08004a2a   0x00000002   PAD
    0x08004a2c   0x08004a2c   0x00000010   Code   RO          674    .text.HAL_SYSTICK_Config  stm32f4xx_hal_cortex.o
    0x08004a3c   0x08004a3c   0x0000009e   Code   RO          895    .text.HAL_UART_Init  stm32f4xx_hal_uart.o
    0x08004ada   0x08004ada   0x00000002   PAD
    0x08004adc   0x08004adc   0x00000152   Code   RO           69    .text.HAL_UART_MspInit  usart.o
    0x08004c2e   0x08004c2e   0x00000002   PAD
    0x08004c30   0x08004c30   0x00000004   Code   RO           84    .text.HardFault_Handler  stm32f4xx_it.o
    0x08004c34   0x08004c34   0x0000007a   Code   RO         1234    .text.IntToUnicode  usbd_desc.o
    0x08004cae   0x08004cae   0x00000002   PAD
    0x08004cb0   0x08004cb0   0x0000004e   Code   RO           41    .text.MX_CAN1_Init  can.o
    0x08004cfe   0x08004cfe   0x00000002   PAD
    0x08004d00   0x08004d00   0x0000004e   Code   RO           43    .text.MX_CAN2_Init  can.o
    0x08004d4e   0x08004d4e   0x00000002   PAD
    0x08004d50   0x08004d50   0x0000003c   Code   RO           59    .text.MX_DMA_Init   dma.o
    0x08004d8c   0x08004d8c   0x000000b8   Code   RO           33    .text.MX_GPIO_Init  gpio.o
    0x08004e44   0x08004e44   0x00000044   Code   RO           67    .text.MX_USART3_UART_Init  usart.o
    0x08004e88   0x08004e88   0x00000076   Code   RO         1207    .text.MX_USB_DEVICE_Init  usb_device.o
    0x08004efe   0x08004efe   0x00000002   PAD
    0x08004f00   0x08004f00   0x00000004   Code   RO           86    .text.MemManage_Handler  stm32f4xx_it.o
    0x08004f04   0x08004f04   0x00000004   Code   RO           82    .text.NMI_Handler   stm32f4xx_it.o
    0x08004f08   0x08004f08   0x0000006c   Code   RO          660    .text.NVIC_EncodePriority  stm32f4xx_hal_cortex.o
    0x08004f74   0x08004f74   0x00000010   Code   RO          110    .text.OTG_FS_IRQHandler  stm32f4xx_it.o
    0x08004f84   0x08004f84   0x0000008a   Code   RO          143    .text.PCD_EP_OutSetupPacket_int  stm32f4xx_hal_pcd.o
    0x0800500e   0x0800500e   0x00000002   PAD
    0x08005010   0x08005010   0x000001c8   Code   RO          141    .text.PCD_EP_OutXfrComplete_int  stm32f4xx_hal_pcd.o
    0x080051d8   0x080051d8   0x00000132   Code   RO          151    .text.PCD_WriteEmptyTxFifo  stm32f4xx_hal_pcd.o
    0x0800530a   0x0800530a   0x00000002   PAD
    0x0800530c   0x0800530c   0x00000002   Code   RO           96    .text.PendSV_Handler  stm32f4xx_it.o
    0x0800530e   0x0800530e   0x00000002   PAD
    0x08005310   0x08005310   0x000000a0   Code   RO         1175    .text.RC_init       bsp_rc.o
    0x080053b0   0x080053b0   0x00000002   Code   RO           92    .text.SVC_Handler   stm32f4xx_it.o
    0x080053b2   0x080053b2   0x00000002   PAD
    0x080053b4   0x080053b4   0x00000036   Code   RO         1424    .text.SWAPBYTE      usbd_ctlreq.o
    0x080053ea   0x080053ea   0x00000002   PAD
    0x080053ec   0x080053ec   0x00000052   Code   RO          676    .text.SysTick_Config  stm32f4xx_hal_cortex.o
    0x0800543e   0x0800543e   0x00000002   PAD
    0x08005440   0x08005440   0x00000008   Code   RO           98    .text.SysTick_Handler  stm32f4xx_it.o
    0x08005448   0x08005448   0x000000be   Code   RO           15    .text.SystemClock_Config  main.o
    0x08005506   0x08005506   0x00000002   PAD
    0x08005508   0x08005508   0x00000012   Code   RO         1026    .text.SystemInit    system_stm32f4xx.o
    0x0800551a   0x0800551a   0x00000002   PAD
    0x0800551c   0x0800551c   0x0000013a   Code   RO          899    .text.UART_SetConfig  stm32f4xx_hal_uart.o
    0x08005656   0x08005656   0x00000002   PAD
    0x08005658   0x08005658   0x00000148   Code   RO         1079    .text.USART3_IRQHandler  remote_control.o
    0x080057a0   0x080057a0   0x000000f4   Code   RO         1467    .text.USBD_CDC_DataIn  usbd_cdc.o
    0x08005894   0x08005894   0x00000070   Code   RO         1469    .text.USBD_CDC_DataOut  usbd_cdc.o
    0x08005904   0x08005904   0x000000ec   Code   RO         1461    .text.USBD_CDC_DeInit  usbd_cdc.o
    0x080059f0   0x080059f0   0x00000078   Code   RO         1465    .text.USBD_CDC_EP0_RxReady  usbd_cdc.o
    0x08005a68   0x08005a68   0x00000016   Code   RO         1477    .text.USBD_CDC_GetDeviceQualifierDescriptor  usbd_cdc.o
    0x08005a7e   0x08005a7e   0x00000002   PAD
    0x08005a80   0x08005a80   0x0000006c   Code   RO         1473    .text.USBD_CDC_GetFSCfgDesc  usbd_cdc.o
    0x08005aec   0x08005aec   0x00000070   Code   RO         1471    .text.USBD_CDC_GetHSCfgDesc  usbd_cdc.o
    0x08005b5c   0x08005b5c   0x0000006c   Code   RO         1475    .text.USBD_CDC_GetOtherSpeedCfgDesc  usbd_cdc.o
    0x08005bc8   0x08005bc8   0x0000021c   Code   RO         1459    .text.USBD_CDC_Init  usbd_cdc.o
    0x08005de4   0x08005de4   0x0000007e   Code   RO         1487    .text.USBD_CDC_ReceivePacket  usbd_cdc.o
    0x08005e62   0x08005e62   0x00000002   PAD
    0x08005e64   0x08005e64   0x00000034   Code   RO         1479    .text.USBD_CDC_RegisterInterface  usbd_cdc.o
    0x08005e98   0x08005e98   0x0000003c   Code   RO         1483    .text.USBD_CDC_SetRxBuffer  usbd_cdc.o
    0x08005ed4   0x08005ed4   0x00000046   Code   RO         1481    .text.USBD_CDC_SetTxBuffer  usbd_cdc.o
    0x08005f1a   0x08005f1a   0x00000002   PAD
    0x08005f1c   0x08005f1c   0x000001cc   Code   RO         1463    .text.USBD_CDC_Setup  usbd_cdc.o
    0x080060e8   0x080060e8   0x00000032   Code   RO         1359    .text.USBD_ClrClassConfig  usbd_core.o
    0x0800611a   0x0800611a   0x00000002   PAD
    0x0800611c   0x0800611c   0x00000040   Code   RO         1414    .text.USBD_ClrFeature  usbd_ctlreq.o
    0x0800615c   0x0800615c   0x0000000e   Code   RO         1367    .text.USBD_CoreFindEP  usbd_core.o
    0x0800616a   0x0800616a   0x00000002   PAD
    0x0800616c   0x0800616c   0x0000000e   Code   RO         1365    .text.USBD_CoreFindIF  usbd_core.o
    0x0800617a   0x0800617a   0x00000002   PAD
    0x0800617c   0x0800617c   0x0000001e   Code   RO         1444    .text.USBD_CtlContinueRx  usbd_ioreq.o
    0x0800619a   0x0800619a   0x00000002   PAD
    0x0800619c   0x0800619c   0x0000001e   Code   RO         1440    .text.USBD_CtlContinueSendData  usbd_ioreq.o
    0x080061ba   0x080061ba   0x00000002   PAD
    0x080061bc   0x080061bc   0x0000001c   Code   RO         1416    .text.USBD_CtlError  usbd_ctlreq.o
    0x080061d8   0x080061d8   0x00000036   Code   RO         1442    .text.USBD_CtlPrepareRx  usbd_ioreq.o
    0x0800620e   0x0800620e   0x00000002   PAD
    0x08006210   0x08006210   0x00000022   Code   RO         1448    .text.USBD_CtlReceiveStatus  usbd_ioreq.o
    0x08006232   0x08006232   0x00000002   PAD
    0x08006234   0x08006234   0x00000032   Code   RO         1438    .text.USBD_CtlSendData  usbd_ioreq.o
    0x08006266   0x08006266   0x00000002   PAD
    0x08006268   0x08006268   0x00000022   Code   RO         1446    .text.USBD_CtlSendStatus  usbd_ioreq.o
    0x0800628a   0x0800628a   0x00000002   PAD
    0x0800628c   0x0800628c   0x0000004e   Code   RO         1226    .text.USBD_FS_ConfigStrDescriptor  usbd_desc.o
    0x080062da   0x080062da   0x00000002   PAD
    0x080062dc   0x080062dc   0x0000001a   Code   RO         1216    .text.USBD_FS_DeviceDescriptor  usbd_desc.o
    0x080062f6   0x080062f6   0x00000002   PAD
    0x080062f8   0x080062f8   0x0000004e   Code   RO         1228    .text.USBD_FS_InterfaceStrDescriptor  usbd_desc.o
    0x08006346   0x08006346   0x00000002   PAD
    0x08006348   0x08006348   0x0000001a   Code   RO         1218    .text.USBD_FS_LangIDStrDescriptor  usbd_desc.o
    0x08006362   0x08006362   0x00000002   PAD
    0x08006364   0x08006364   0x00000028   Code   RO         1220    .text.USBD_FS_ManufacturerStrDescriptor  usbd_desc.o
    0x0800638c   0x0800638c   0x0000004e   Code   RO         1222    .text.USBD_FS_ProductStrDescriptor  usbd_desc.o
    0x080063da   0x080063da   0x00000002   PAD
    0x080063dc   0x080063dc   0x00000020   Code   RO         1224    .text.USBD_FS_SerialStrDescriptor  usbd_desc.o
    0x080063fc   0x080063fc   0x0000001a   Code   RO         1230    .text.USBD_FS_USR_BOSDescriptor  usbd_desc.o
    0x08006416   0x08006416   0x00000002   PAD
    0x08006418   0x08006418   0x00000064   Code   RO         1408    .text.USBD_GetConfig  usbd_ctlreq.o
    0x0800647c   0x0800647c   0x0000031e   Code   RO         1402    .text.USBD_GetDescriptor  usbd_ctlreq.o
    0x0800679a   0x0800679a   0x00000002   PAD
    0x0800679c   0x0800679c   0x00000076   Code   RO         1389    .text.USBD_GetEpDesc  usbd_core.o
    0x08006812   0x08006812   0x00000002   PAD
    0x08006814   0x08006814   0x00000032   Code   RO         1428    .text.USBD_GetLen   usbd_ctlreq.o
    0x08006846   0x08006846   0x00000002   PAD
    0x08006848   0x08006848   0x00000026   Code   RO         1391    .text.USBD_GetNextDesc  usbd_core.o
    0x0800686e   0x0800686e   0x00000002   PAD
    0x08006870   0x08006870   0x00000062   Code   RO         1410    .text.USBD_GetStatus  usbd_ctlreq.o
    0x080068d2   0x080068d2   0x00000002   PAD
    0x080068d4   0x080068d4   0x000000bc   Code   RO         1426    .text.USBD_GetString  usbd_ctlreq.o
    0x08006990   0x08006990   0x00000052   Code   RO         1302    .text.USBD_Get_USB_Status  usbd_conf.o
    0x080069e2   0x080069e2   0x00000002   PAD
    0x080069e4   0x080069e4   0x0000006a   Code   RO         1345    .text.USBD_Init     usbd_core.o
    0x08006a4e   0x08006a4e   0x00000002   PAD
    0x08006a50   0x08006a50   0x0000003a   Code   RO         1316    .text.USBD_LL_ClearStallEP  usbd_conf.o
    0x08006a8a   0x08006a8a   0x00000002   PAD
    0x08006a8c   0x08006a8c   0x0000003a   Code   RO         1310    .text.USBD_LL_CloseEP  usbd_conf.o
    0x08006ac6   0x08006ac6   0x00000002   PAD
    0x08006ac8   0x08006ac8   0x00000190   Code   RO         1369    .text.USBD_LL_DataInStage  usbd_core.o
    0x08006c58   0x08006c58   0x000001b2   Code   RO         1363    .text.USBD_LL_DataOutStage  usbd_core.o
    0x08006e0a   0x08006e0a   0x00000002   PAD
    0x08006e0c   0x08006e0c   0x0000000a   Code   RO         1385    .text.USBD_LL_DevConnected  usbd_core.o
    0x08006e16   0x08006e16   0x00000002   PAD
    0x08006e18   0x08006e18   0x00000040   Code   RO         1387    .text.USBD_LL_DevDisconnected  usbd_core.o
    0x08006e58   0x08006e58   0x0000001c   Code   RO         1326    .text.USBD_LL_GetRxDataSize  usbd_conf.o
    0x08006e74   0x08006e74   0x0000007e   Code   RO         1298    .text.USBD_LL_Init  usbd_conf.o
    0x08006ef2   0x08006ef2   0x00000002   PAD
    0x08006ef4   0x08006ef4   0x0000005a   Code   RO         1318    .text.USBD_LL_IsStallEP  usbd_conf.o
    0x08006f4e   0x08006f4e   0x00000002   PAD
    0x08006f50   0x08006f50   0x0000006e   Code   RO         1381    .text.USBD_LL_IsoINIncomplete  usbd_core.o
    0x08006fbe   0x08006fbe   0x00000002   PAD
    0x08006fc0   0x08006fc0   0x0000006e   Code   RO         1383    .text.USBD_LL_IsoOUTIncomplete  usbd_core.o
    0x0800702e   0x0800702e   0x00000002   PAD
    0x08007030   0x08007030   0x0000004a   Code   RO         1308    .text.USBD_LL_OpenEP  usbd_conf.o
    0x0800707a   0x0800707a   0x00000002   PAD
    0x0800707c   0x0800707c   0x00000042   Code   RO         1324    .text.USBD_LL_PrepareReceive  usbd_conf.o
    0x080070be   0x080070be   0x00000002   PAD
    0x080070c0   0x080070c0   0x0000009c   Code   RO         1371    .text.USBD_LL_Reset  usbd_core.o
    0x0800715c   0x0800715c   0x00000024   Code   RO         1377    .text.USBD_LL_Resume  usbd_core.o
    0x08007180   0x08007180   0x0000003e   Code   RO         1379    .text.USBD_LL_SOF   usbd_core.o
    0x080071be   0x080071be   0x00000002   PAD
    0x080071c0   0x080071c0   0x00000016   Code   RO         1373    .text.USBD_LL_SetSpeed  usbd_core.o
    0x080071d6   0x080071d6   0x00000002   PAD
    0x080071d8   0x080071d8   0x0000003a   Code   RO         1320    .text.USBD_LL_SetUSBAddress  usbd_conf.o
    0x08007212   0x08007212   0x00000002   PAD
    0x08007214   0x08007214   0x00000094   Code   RO         1361    .text.USBD_LL_SetupStage  usbd_core.o
    0x080072a8   0x080072a8   0x0000003a   Code   RO         1314    .text.USBD_LL_StallEP  usbd_conf.o
    0x080072e2   0x080072e2   0x00000002   PAD
    0x080072e4   0x080072e4   0x00000032   Code   RO         1304    .text.USBD_LL_Start  usbd_conf.o
    0x08007316   0x08007316   0x00000002   PAD
    0x08007318   0x08007318   0x0000002c   Code   RO         1375    .text.USBD_LL_Suspend  usbd_core.o
    0x08007344   0x08007344   0x00000042   Code   RO         1322    .text.USBD_LL_Transmit  usbd_conf.o
    0x08007386   0x08007386   0x00000002   PAD
    0x08007388   0x08007388   0x00000062   Code   RO         1422    .text.USBD_ParseSetupRequest  usbd_ctlreq.o
    0x080073ea   0x080073ea   0x00000002   PAD
    0x080073ec   0x080073ec   0x00000072   Code   RO         1349    .text.USBD_RegisterClass  usbd_core.o
    0x0800745e   0x0800745e   0x00000002   PAD
    0x08007460   0x08007460   0x0000000a   Code   RO         1355    .text.USBD_RunTestMode  usbd_core.o
    0x0800746a   0x0800746a   0x00000002   PAD
    0x0800746c   0x0800746c   0x0000008c   Code   RO         1404    .text.USBD_SetAddress  usbd_ctlreq.o
    0x080074f8   0x080074f8   0x00000036   Code   RO         1357    .text.USBD_SetClassConfig  usbd_core.o
    0x0800752e   0x0800752e   0x00000002   PAD
    0x08007530   0x08007530   0x0000017e   Code   RO         1406    .text.USBD_SetConfig  usbd_ctlreq.o
    0x080076ae   0x080076ae   0x00000002   PAD
    0x080076b0   0x080076b0   0x0000004e   Code   RO         1412    .text.USBD_SetFeature  usbd_ctlreq.o
    0x080076fe   0x080076fe   0x00000002   PAD
    0x08007700   0x08007700   0x00000010   Code   RO         1351    .text.USBD_Start    usbd_core.o
    0x08007710   0x08007710   0x000000cc   Code   RO         1400    .text.USBD_StdDevReq  usbd_ctlreq.o
    0x080077dc   0x080077dc   0x000003ac   Code   RO         1420    .text.USBD_StdEPReq  usbd_ctlreq.o
    0x08007b88   0x08007b88   0x000000f4   Code   RO         1418    .text.USBD_StdItfReq  usbd_ctlreq.o
    0x08007c7c   0x08007c7c   0x00000008   Code   RO         1332    .text.USBD_static_free  usbd_conf.o
    0x08007c84   0x08007c84   0x00000010   Code   RO         1330    .text.USBD_static_malloc  usbd_conf.o
    0x08007c94   0x08007c94   0x000000de   Code   RO          253    .text.USB_ActivateEndpoint  stm32f4xx_ll_usb.o
    0x08007d72   0x08007d72   0x00000002   PAD
    0x08007d74   0x08007d74   0x0000002c   Code   RO          295    .text.USB_ActivateSetup  stm32f4xx_ll_usb.o
    0x08007da0   0x08007da0   0x000000d6   Code   RO          229    .text.USB_CoreInit  stm32f4xx_ll_usb.o
    0x08007e76   0x08007e76   0x00000002   PAD
    0x08007e78   0x08007e78   0x00000076   Code   RO          231    .text.USB_CoreReset  stm32f4xx_ll_usb.o
    0x08007eee   0x08007eee   0x00000002   PAD
    0x08007ef0   0x08007ef0   0x00000138   Code   RO          257    .text.USB_DeactivateEndpoint  stm32f4xx_ll_usb.o
    0x08008028   0x08008028   0x0000002a   Code   RO          277    .text.USB_DevConnect  stm32f4xx_ll_usb.o
    0x08008052   0x08008052   0x00000002   PAD
    0x08008054   0x08008054   0x0000002a   Code   RO          279    .text.USB_DevDisconnect  stm32f4xx_ll_usb.o
    0x0800807e   0x0800807e   0x00000002   PAD
    0x08008080   0x08008080   0x00000290   Code   RO          243    .text.USB_DevInit   stm32f4xx_ll_usb.o
    0x08008310   0x08008310   0x00000014   Code   RO          237    .text.USB_DisableGlobalInt  stm32f4xx_ll_usb.o
    0x08008324   0x08008324   0x0000009e   Code   RO          297    .text.USB_EP0_OutStart  stm32f4xx_ll_usb.o
    0x080083c2   0x080083c2   0x00000002   PAD
    0x080083c4   0x080083c4   0x000000a0   Code   RO          271    .text.USB_EPClearStall  stm32f4xx_ll_usb.o
    0x08008464   0x08008464   0x000000a8   Code   RO          269    .text.USB_EPSetStall  stm32f4xx_ll_usb.o
    0x0800850c   0x0800850c   0x000003f8   Code   RO          261    .text.USB_EPStartXfer  stm32f4xx_ll_usb.o
    0x08008904   0x08008904   0x0000011c   Code   RO          265    .text.USB_EPStopXfer  stm32f4xx_ll_usb.o
    0x08008a20   0x08008a20   0x00000014   Code   RO          235    .text.USB_EnableGlobalInt  stm32f4xx_ll_usb.o
    0x08008a34   0x08008a34   0x00000074   Code   RO          249    .text.USB_FlushRxFifo  stm32f4xx_ll_usb.o
    0x08008aa8   0x08008aa8   0x0000007a   Code   RO          247    .text.USB_FlushTxFifo  stm32f4xx_ll_usb.o
    0x08008b22   0x08008b22   0x00000002   PAD
    0x08008b24   0x08008b24   0x0000004c   Code   RO          251    .text.USB_GetDevSpeed  stm32f4xx_ll_usb.o
    0x08008b70   0x08008b70   0x00000010   Code   RO          241    .text.USB_GetMode   stm32f4xx_ll_usb.o
    0x08008b80   0x08008b80   0x00000024   Code   RO          287    .text.USB_ReadDevAllInEpInterrupt  stm32f4xx_ll_usb.o
    0x08008ba4   0x08008ba4   0x00000024   Code   RO          285    .text.USB_ReadDevAllOutEpInterrupt  stm32f4xx_ll_usb.o
    0x08008bc8   0x08008bc8   0x0000004e   Code   RO          291    .text.USB_ReadDevInEPInterrupt  stm32f4xx_ll_usb.o
    0x08008c16   0x08008c16   0x00000002   PAD
    0x08008c18   0x08008c18   0x0000002e   Code   RO          289    .text.USB_ReadDevOutEPInterrupt  stm32f4xx_ll_usb.o
    0x08008c46   0x08008c46   0x00000002   PAD
    0x08008c48   0x08008c48   0x0000001a   Code   RO          281    .text.USB_ReadInterrupts  stm32f4xx_ll_usb.o
    0x08008c62   0x08008c62   0x00000002   PAD
    0x08008c64   0x08008c64   0x000000b4   Code   RO          267    .text.USB_ReadPacket  stm32f4xx_ll_usb.o
    0x08008d18   0x08008d18   0x000000de   Code   RO          239    .text.USB_SetCurrentMode  stm32f4xx_ll_usb.o
    0x08008df6   0x08008df6   0x00000002   PAD
    0x08008df8   0x08008df8   0x00000036   Code   RO          275    .text.USB_SetDevAddress  stm32f4xx_ll_usb.o
    0x08008e2e   0x08008e2e   0x00000002   PAD
    0x08008e30   0x08008e30   0x00000022   Code   RO          245    .text.USB_SetDevSpeed  stm32f4xx_ll_usb.o
    0x08008e52   0x08008e52   0x00000002   PAD
    0x08008e54   0x08008e54   0x000001ba   Code   RO          233    .text.USB_SetTurnaroundTime  stm32f4xx_ll_usb.o
    0x0800900e   0x0800900e   0x00000002   PAD
    0x08009010   0x08009010   0x00000082   Code   RO          263    .text.USB_WritePacket  stm32f4xx_ll_usb.o
    0x08009092   0x08009092   0x00000002   PAD
    0x08009094   0x08009094   0x00000004   Code   RO           90    .text.UsageFault_Handler  stm32f4xx_it.o
    0x08009098   0x08009098   0x0000007c   Code   RO         1192    .text.Verify_CRC16_Check_Sum  crc8_crc16.o
    0x08009114   0x08009114   0x00000030   Code   RO          664    .text.__NVIC_EnableIRQ  stm32f4xx_hal_cortex.o
    0x08009144   0x08009144   0x00000010   Code   RO          656    .text.__NVIC_GetPriorityGrouping  stm32f4xx_hal_cortex.o
    0x08009154   0x08009154   0x00000042   Code   RO          658    .text.__NVIC_SetPriority  stm32f4xx_hal_cortex.o
    0x08009196   0x08009196   0x00000002   PAD
    0x08009198   0x08009198   0x0000003c   Code   RO          652    .text.__NVIC_SetPriorityGrouping  stm32f4xx_hal_cortex.o
    0x080091d4   0x080091d4   0x000001da   Code   RO         1506    .text.calAndSendMotor  dart.o
    0x080093ae   0x080093ae   0x00000002   PAD
    0x080093b0   0x080093b0   0x0000008a   Code   RO         1042    .text.can1_cmd_motor  can_user.o
    0x0800943a   0x0800943a   0x00000002   PAD
    0x0800943c   0x0800943c   0x0000008a   Code   RO         1044    .text.can2_cmd_motor  can_user.o
    0x080094c6   0x080094c6   0x00000002   PAD
    0x080094c8   0x080094c8   0x00000064   Code   RO         1166    .text.can_filter_init  bsp_can.o
    0x0800952c   0x0800952c   0x00000062   Code   RO         1502    .text.checkControlMode  dart.o
    0x0800958e   0x0800958e   0x00000002   PAD
    0x08009590   0x08009590   0x000000b8   Code   RO         1514    .text.dartSysStateCheck  dart.o
    0x08009648   0x08009648   0x000001e0   Code   RO         1504    .text.limitProtection  dart.o
    0x08009828   0x08009828   0x00000018   Code   RO         1528    .text.magazineSetSpeed  dart.o
    0x08009840   0x08009840   0x0000000e   Code   RO         1520    .text.magazineStop  dart.o
    0x0800984e   0x0800984e   0x00000002   PAD
    0x08009850   0x08009850   0x000000e8   Code   RO         1542    .text.magazineSwitch  dart.o
    0x08009938   0x08009938   0x00000070   Code   RO           13    .text.main          main.o
    0x080099a8   0x080099a8   0x000000f6   Code   RO         1546    .text.manualTask    dart.o
    0x08009a9e   0x08009a9e   0x00000002   PAD
    0x08009aa0   0x08009aa0   0x0000006c   Code   RO         1137    .text.minipc_rec    minipc_protocol.o
    0x08009b0c   0x08009b0c   0x0000006c   Code   RO         1149    .text.motorInit     motorusr.o
    0x08009b78   0x08009b78   0x0000001e   Code   RO         1062    .text.pidReset      pid.o
    0x08009b96   0x08009b96   0x00000002   PAD
    0x08009b98   0x08009b98   0x00000172   Code   RO         1064    .text.pid_calc      pid.o
    0x08009d0a   0x08009d0a   0x00000002   PAD
    0x08009d0c   0x08009d0c   0x00000036   Code   RO         1060    .text.pid_init      pid.o
    0x08009d42   0x08009d42   0x00000002   PAD
    0x08009d44   0x08009d44   0x00000014   Code   RO         1510    .text.pushLowerLimitCheck  dart.o
    0x08009d58   0x08009d58   0x00000060   Code   RO         1536    .text.pushPlaceRefreshSpeedy  dart.o
    0x08009db8   0x08009db8   0x00000046   Code   RO         1538    .text.pushSetPlace  dart.o
    0x08009dfe   0x08009dfe   0x00000002   PAD
    0x08009e00   0x08009e00   0x00000020   Code   RO         1526    .text.pushSetSpeed  dart.o
    0x08009e20   0x08009e20   0x00000014   Code   RO         1518    .text.pushStop      dart.o
    0x08009e34   0x08009e34   0x00000014   Code   RO         1508    .text.pushUpperLimitCheck  dart.o
    0x08009e48   0x08009e48   0x000000aa   Code   RO         1532    .text.pushYawInit   dart.o
    0x08009ef2   0x08009ef2   0x00000002   PAD
    0x08009ef4   0x08009ef4   0x00000016   Code   RO         1075    .text.remote_control_init  remote_control.o
    0x08009f0a   0x08009f0a   0x00000002   PAD
    0x08009f0c   0x08009f0c   0x00000120   Code   RO         1081    .text.sbus_to_rc    remote_control.o
    0x0800a02c   0x0800a02c   0x0000004a   Code   RO         1548    .text.semiAutoTask  dart.o
    0x0800a076   0x0800a076   0x00000002   PAD
    0x0800a078   0x0800a078   0x0000004a   Code   RO         1544    .text.shootPrepare  dart.o
    0x0800a0c2   0x0800a0c2   0x00000002   PAD
    0x0800a0c4   0x0800a0c4   0x00000028   Code   RO         1530    .text.shootingCircleSetSpeed  dart.o
    0x0800a0ec   0x0800a0ec   0x00000018   Code   RO         1522    .text.shootingCircleStop  dart.o
    0x0800a104   0x0800a104   0x000001c4   Code   RO           11    .text.taskInit      main.o
    0x0800a2c8   0x0800a2c8   0x00000012   Code   RO         1512    .text.yawLimitCheck  dart.o
    0x0800a2da   0x0800a2da   0x00000002   PAD
    0x0800a2dc   0x0800a2dc   0x000000c0   Code   RO         1534    .text.yawPlaceRefresh  dart.o
    0x0800a39c   0x0800a39c   0x0000001e   Code   RO         1540    .text.yawSetPlace   dart.o
    0x0800a3ba   0x0800a3ba   0x00000002   PAD
    0x0800a3bc   0x0800a3bc   0x00000020   Code   RO         1524    .text.yawSetSpeed   dart.o
    0x0800a3dc   0x0800a3dc   0x0000001c   Code   RO         1516    .text.yawStop       dart.o
    0x0800a3f8   0x0800a3f8   0x0000001a   Code   RO         1683    x$fpl$fpinit        fz_wm.l(fpinit.o)
    0x0800a412   0x0800a412   0x00000010   Data   RO         1031    .rodata.AHBPrescTable  system_stm32f4xx.o
    0x0800a422   0x0800a422   0x00000008   Data   RO         1032    .rodata.APBPrescTable  system_stm32f4xx.o
    0x0800a42a   0x0800a42a   0x00000008   Data   RO          576    .rodata.DMA_CalcBaseAndBitshift.flagBitshiftOffset  stm32f4xx_hal_dma.o
    0x0800a432   0x0800a432   0x00000042   Data   RO         1241    .rodata.str1.1      usbd_desc.o
    0x0800a474   0x0800a474   0x00000200   Data   RO         1199    .rodata.wCRC_Table  crc8_crc16.o
    0x0800a674   0x0800a674   0x00000020   Data   RO         1744    Region$$Table       anon$$obj.o


    Execution Region RW_IRAM1 (Exec base: 0x20000000, Load base: 0x0800a698, Size: 0x00002900, Max: 0x00020000, ABSOLUTE)

    Exec Addr    Load Addr    Size         Type   Attr      Idx    E Section Name        Object

    0x20000000   0x0800a698   0x00000001   Data   RW         1493    .data.CDCCmdEpAdd   usbd_cdc.o
    0x20000001   0x0800a699   0x00000001   Data   RW         1491    .data.CDCInEpAdd    usbd_cdc.o
    0x20000002   0x0800a69a   0x00000001   Data   RW         1492    .data.CDCOutEpAdd   usbd_cdc.o
    0x20000003   0x0800a69b   0x00000001   PAD
    0x20000004   0x0800a69c   0x00000002   Data   RW         1198    .data.CRC_INIT      crc8_crc16.o
    0x20000006   0x0800a69e   0x00000002   PAD
    0x20000008   0x0800a6a0   0x00000020   Data   RW         1236    .data.FS_Desc       usbd_desc.o
    0x20000028   0x0800a6c0   0x00000004   Data   RW         1030    .data.SystemCoreClock  system_stm32f4xx.o
    0x2000002c   0x0800a6c4   0x00000038   Data   RW         1489    .data.USBD_CDC      usbd_cdc.o
    0x20000064   0x0800a6fc   0x00000043   Data   RW         1494    .data.USBD_CDC_CfgDesc  usbd_cdc.o
    0x200000a7   0x0800a73f   0x00000001   PAD
    0x200000a8   0x0800a740   0x0000000a   Data   RW         1490    .data.USBD_CDC_DeviceQualifierDesc  usbd_cdc.o
    0x200000b2   0x0800a74a   0x00000002   PAD
    0x200000b4   0x0800a74c   0x0000000c   Data   RW         1238    .data.USBD_FS_BOSDesc  usbd_desc.o
    0x200000c0   0x0800a758   0x00000012   Data   RW         1237    .data.USBD_FS_DeviceDesc  usbd_desc.o
    0x200000d2   0x0800a76a   0x00000002   PAD
    0x200000d4   0x0800a76c   0x00000014   Data   RW         1262    .data.USBD_Interface_fops_FS  usbd_cdc_if.o
    0x200000e8   0x0800a780   0x00000004   Data   RW         1239    .data.USBD_LangIDDesc  usbd_desc.o
    0x200000ec   0x0800a784   0x0000001a   Data   RW         1240    .data.USBD_StringSerial  usbd_desc.o
    0x20000106   0x0800a79e   0x00000008   Data   RW         1551    .data.dartState     dart.o
    0x2000010e   0x0800a7a6   0x00000001   Data   RW         1550    .data.mode          dart.o
    0x2000010f   0x0800a7a7   0x00000001   Data   RW          782    .data.uwTickFreq    stm32f4xx_hal.o
    0x20000110   0x0800a7a8   0x00000004   Data   RW          781    .data.uwTickPrio    stm32f4xx_hal.o
    0x20000114   0x0800a7ac   0x00000004   PAD
    0x20000118        -       0x00000060   Zero   RW         1609    .bss                c_w.l(libspace.o)
    0x20000178        -       0x00000090   Zero   RW         1151    .bss.D2006_motor1   motorusr.o
    0x20000208        -       0x00000090   Zero   RW         1152    .bss.D2006_motor2   motorusr.o
    0x20000298        -       0x00000090   Zero   RW         1153    .bss.D3508_motor1   motorusr.o
    0x20000328        -       0x00000090   Zero   RW         1154    .bss.D3508_motor2   motorusr.o
    0x200003b8        -       0x00000090   Zero   RW         1155    .bss.D6020_motor1   motorusr.o
    0x20000448        -       0x00000004   Zero   RW         1129    .bss.DWTNowMs       dwt.o
    0x2000044c        -       0x00000004   Zero   RW           51    .bss.HAL_RCC_CAN1_CLK_ENABLED  can.o
    0x20000450        -       0x00000002   Zero   RW         1085    .bss.USART3_IRQHandler.this_time_rx_len  remote_control.o
    0x20000452        -       0x00000001   Zero   RW         1430    .bss.USBD_SetConfig.cfgidx  usbd_ctlreq.o
    0x20000453   0x0800a7ac   0x00000001   PAD
    0x20000454        -       0x00000200   Zero   RW         1242    .bss.USBD_StrDesc   usbd_desc.o
    0x20000654        -       0x00000220   Zero   RW         1337    .bss.USBD_static_malloc.mem  usbd_conf.o
    0x20000874        -       0x00000800   Zero   RW         1263    .bss.UserRxBufferFS  usbd_cdc_if.o
    0x20001074        -       0x00000800   Zero   RW         1264    .bss.UserTxBufferFS  usbd_cdc_if.o
    0x20001874        -       0x00000008   Zero   RW         1047    .bss.can1_rx_data   can_user.o
    0x2000187c        -       0x0000001c   Zero   RW         1046    .bss.can1_rx_header  can_user.o
    0x20001898        -       0x00000008   Zero   RW         1049    .bss.can2_rx_data   can_user.o
    0x200018a0        -       0x0000001c   Zero   RW         1048    .bss.can2_rx_header  can_user.o
    0x200018bc        -       0x00000004   Zero   RW         1128    .bss.countCycle     dwt.o
    0x200018c0        -       0x000002dc   Zero   RW         1209    .bss.hUsbDeviceFS   usb_device.o
    0x20001b9c        -       0x00000028   Zero   RW           49    .bss.hcan1          can.o
    0x20001bc4        -       0x00000028   Zero   RW           50    .bss.hcan2          can.o
    0x20001bec        -       0x00000060   Zero   RW           74    .bss.hdma_usart3_rx  usart.o
    0x20001c4c        -       0x000004e4   Zero   RW         1336    .bss.hpcd_USB_OTG_FS  usbd_conf.o
    0x20002130        -       0x00000048   Zero   RW           73    .bss.huart3         usart.o
    0x20002178        -       0x00000004   Zero   RW         1127    .bss.lastTick       dwt.o
    0x2000217c        -       0x00000100   Zero   RW         1141    .bss.minipc         minipc_protocol.o
    0x2000227c        -       0x00000008   Zero   RW         1051    .bss.motor_can_send_data  can_user.o
    0x20002284        -       0x00000018   Zero   RW         1050    .bss.motor_tx_message  can_user.o
    0x2000229c        -       0x00000016   Zero   RW         1084    .bss.rc_ctrl        remote_control.o
    0x200022b2        -       0x00000048   Zero   RW         1083    .bss.sbus_rx_buf    remote_control.o
    0x200022fa   0x0800a7ac   0x00000002   PAD
    0x200022fc        -       0x00000004   Zero   RW          783    .bss.uwTick         stm32f4xx_hal.o
    0x20002300        -       0x00000200   Zero   RW            2    HEAP                startup_stm32f446xx.o
    0x20002500        -       0x00000400   Zero   RW            1    STACK               startup_stm32f446xx.o


==============================================================================

Image component sizes


      Code (inc. data)   RO Data    RW Data    ZI Data      Debug   Object Name

       100          0          0          0          0       1409   bsp_can.o
       160          0          0          0          0        991   bsp_rc.o
       586          0          0          0         84       6634   can.o
       722          4          0          0        104       4109   can_user.o
       226          0        512          2          0       2150   crc8_crc16.o
      2692         28          0          9          0       5925   dart.o
        60          0          0          0          0       3480   dma.o
       310          8          0          0         12       1459   dwt.o
       184          0          0          0          0       2126   gpio.o
       760         20          0          0          0       3497   main.o
       108          0          0          0        256       1886   minipc_protocol.o
       108          0          0          0        720       1739   motorusr.o
       454          0          0          0          0       1655   pid.o
       638          0          0          0         96       2637   remote_control.o
        64         26        452          0       1536        832   startup_stm32f446xx.o
       270          0          0          5          4       7302   stm32f4xx_hal.o
      3096          0          0          0          0      11565   stm32f4xx_hal_can.o
       482          0          0          0          0       9824   stm32f4xx_hal_cortex.o
      1490          8          8          0          0       8500   stm32f4xx_hal_dma.o
       968          0          0          0          0       5193   stm32f4xx_hal_gpio.o
        74          0          0          0          0       1566   stm32f4xx_hal_msp.o
      5066          0          0          0          0      14647   stm32f4xx_hal_pcd.o
       234          0          0          0          0       4707   stm32f4xx_hal_pcd_ex.o
       690          0          0          0          0       7693   stm32f4xx_hal_rcc.o
      4002         14          0          0          0      11034   stm32f4xx_hal_rcc_ex.o
       472          0          0          0          0      20344   stm32f4xx_hal_uart.o
       130          0          0          0          0       1583   stm32f4xx_it.o
      5090          0          0          0          0      19900   stm32f4xx_ll_usb.o
        18          0         24          4          0       2613   system_stm32f4xx.o
       406          0          0          0        168       7069   usart.o
       118          0          0          0        732       3142   usb_device.o
      2370         12          0        136          0      11001   usbd_cdc.o
       220         36          0         20       4096       2609   usbd_cdc_if.o
      1576          4          0          0       1796      15957   usbd_conf.o
      2130          0          0          0          0       8986   usbd_core.o
      3466         46          0          0          1       8622   usbd_ctlreq.o
       598          0         66         92        512       3450   usbd_desc.o
       232          0          0          0          0       4205   usbd_ioreq.o

    ----------------------------------------------------------------------
     40640        206       1094        276      10124     232041   Object Totals
         0          0         32          0          0          0   (incl. Generated)
       270          0          0          8          7          0   (incl. Padding)

    ----------------------------------------------------------------------

      Code (inc. data)   RO Data    RW Data    ZI Data      Debug   Library Member Name

         8          0          0          0          0         68   __main.o
         0          0          0          0          0          0   __rtentry.o
        12          0          0          0          0          0   __rtentry2.o
         6          0          0          0          0          0   __rtentry4.o
        94          8          0          0          0          0   __scatter.o
        26          0          0          0          0          0   __scatter_copy.o
        28          0          0          0          0          0   __scatter_zi.o
        18          0          0          0          0         80   exit.o
         6          0          0          0          0        152   heapauxi.o
         0          0          0          0          0          0   indicate_semi.o
         2          0          0          0          0          0   libinit.o
         6          0          0          0          0          0   libinit2.o
         2          0          0          0          0          0   libshutdown.o
         2          0          0          0          0          0   libshutdown2.o
         8          4          0          0         96         68   libspace.o
       240          0          0          0          0        100   lludivv7m.o
        78          0          0          0          0         80   rt_memclr_w.o
       138          0          0          0          0         68   rt_memcpy_v6.o
       100          0          0          0          0         80   rt_memcpy_w.o
         2          0          0          0          0          0   rtexit.o
        10          0          0          0          0          0   rtexit2.o
        12          4          0          0          0         68   sys_exit.o
        74          0          0          0          0         80   sys_stackheap_outer.o
         2          0          0          0          0         68   use_no_semi.o
        26          0          0          0          0        116   fpinit.o

    ----------------------------------------------------------------------
       910         16          0          0         96       1028   Library Totals
        10          0          0          0          0          0   (incl. Padding)

    ----------------------------------------------------------------------

      Code (inc. data)   RO Data    RW Data    ZI Data      Debug   Library Name

       874         16          0          0         96        912   c_w.l
        26          0          0          0          0        116   fz_wm.l

    ----------------------------------------------------------------------
       910         16          0          0         96       1028   Library Totals

    ----------------------------------------------------------------------

==============================================================================


      Code (inc. data)   RO Data    RW Data    ZI Data      Debug   

     41550        222       1094        276      10220     232053   Grand Totals
     41550        222       1094        276      10220     232053   ELF Image Totals
     41550        222       1094        276          0          0   ROM Totals

==============================================================================

    Total RO  Size (Code + RO Data)                42644 (  41.64kB)
    Total RW  Size (RW Data + ZI Data)             10496 (  10.25kB)
    Total ROM Size (Code + RO Data + RW Data)      42920 (  41.91kB)

==============================================================================

